[     502ms] [INFO] %cDownload the React DevTools for a better development experience: https://react.dev/link/react-devtools font-weight:bold @ http://localhost:8081/_next/static/chunks/node_modules_next_dist_1e8vcs8._.js:776
[     613ms] [LOG] [HMR] connected @ http://localhost:8081/_next/static/chunks/node_modules_next_dist_1e8vcs8._.js:776
[    1073ms] [WARNING] Image with src "/homepage/gallery/tile-01.webp" has "fill" prop and "sizes" prop of "100vw", but image is not rendered at full viewport width. Please adjust "sizes" to improve page performance. Read more: https://nextjs.org/docs/api-reference/next/image#sizes @ http://localhost:8081/_next/static/chunks/node_modules_next_dist_1e8vcs8._.js:776
[    1073ms] [WARNING] Image with src "/homepage/gallery/tile-03.webp" has "fill" prop and "sizes" prop of "100vw", but image is not rendered at full viewport width. Please adjust "sizes" to improve page performance. Read more: https://nextjs.org/docs/api-reference/next/image#sizes @ http://localhost:8081/_next/static/chunks/node_modules_next_dist_1e8vcs8._.js:776
[   44079ms] [LOG] [Fast Refresh] rebuilding @ http://localhost:8081/_next/static/chunks/node_modules_next_dist_1e8vcs8._.js:776
[   44169ms] [LOG] [Fast Refresh] done in 198ms @ http://localhost:8081/_next/static/chunks/node_modules_next_dist_1e8vcs8._.js:776
[   89754ms] [ERROR] WebSocket connection to 'ws://localhost:8081/_next/hmr?id=ipUOt7VP4AWoxG5MRMXZs' failed: Error in connection establishment: net::ERR_CONNECTION_REFUSED @ http://localhost:8081/_next/static/chunks/node_modules_next_dist_client_0_90u2t._.js:16348
[   90761ms] [ERROR] WebSocket connection to 'ws://localhost:8081/_next/hmr?id=ipUOt7VP4AWoxG5MRMXZs' failed: Error in connection establishment: net::ERR_CONNECTION_REFUSED @ http://localhost:8081/_next/static/chunks/node_modules_next_dist_client_0_90u2t._.js:16348
[   91771ms] [ERROR] WebSocket connection to 'ws://localhost:8081/_next/hmr?id=ipUOt7VP4AWoxG5MRMXZs' failed: Error in connection establishment: net::ERR_CONNECTION_REFUSED @ http://localhost:8081/_next/static/chunks/node_modules_next_dist_client_0_90u2t._.js:16348
[   92776ms] [ERROR] WebSocket connection to 'ws://localhost:8081/_next/hmr?id=ipUOt7VP4AWoxG5MRMXZs' failed: Error in connection establishment: net::ERR_CONNECTION_REFUSED @ http://localhost:8081/_next/static/chunks/node_modules_next_dist_client_0_90u2t._.js:16348
[   93786ms] [ERROR] WebSocket connection to 'ws://localhost:8081/_next/hmr?id=ipUOt7VP4AWoxG5MRMXZs' failed: Error in connection establishment: net::ERR_CONNECTION_REFUSED @ http://localhost:8081/_next/static/chunks/node_modules_next_dist_client_0_90u2t._.js:16348
[   98804ms] [ERROR] WebSocket connection to 'ws://localhost:8081/_next/hmr?id=ipUOt7VP4AWoxG5MRMXZs' failed: Error in connection establishment: net::ERR_CONNECTION_REFUSED @ http://localhost:8081/_next/static/chunks/node_modules_next_dist_client_0_90u2t._.js:16348
[  103817ms] [ERROR] WebSocket connection to 'ws://localhost:8081/_next/hmr?id=ipUOt7VP4AWoxG5MRMXZs' failed: Error in connection establishment: net::ERR_CONNECTION_REFUSED @ http://localhost:8081/_next/static/chunks/node_modules_next_dist_client_0_90u2t._.js:16348
[  107660ms] [ERROR] Failed to load resource: net::ERR_CONNECTION_REFUSED @ http://localhost:8081/_next/image?url=%2Fhomepage%2Fmega-menu%2Fkadhua.jpg&w=240&q=75:0
[  107661ms] [ERROR] Failed to load resource: net::ERR_CONNECTION_REFUSED @ http://localhost:8081/_next/image?url=%2Fhomepage%2Fmega-menu%2Fkatan-silk.jpg&w=240&q=75:0
[  108834ms] [ERROR] WebSocket connection to 'ws://localhost:8081/_next/hmr?id=ipUOt7VP4AWoxG5MRMXZs' failed: Error in connection establishment: net::ERR_CONNECTION_REFUSED @ http://localhost:8081/_next/static/chunks/node_modules_next_dist_client_0_90u2t._.js:16348
[  109618ms] [ERROR] Failed to load resource: net::ERR_CONNECTION_REFUSED @ http://localhost:8081/_next/image?url=%2Fhomepage%2Ffeatured%2Fbridal-amrita-hero-mob.jpg&w=240&q=75:0
[  109619ms] [ERROR] Failed to load resource: net::ERR_CONNECTION_REFUSED @ http://localhost:8081/_next/image?url=%2Fhomepage%2Ffeatured%2Fgifts-hero-mob.jpg&w=240&q=75:0
[  113853ms] [ERROR] WebSocket connection to 'ws://localhost:8081/_next/hmr?id=ipUOt7VP4AWoxG5MRMXZs' failed: Error in connection establishment: net::ERR_CONNECTION_REFUSED @ http://localhost:8081/_next/static/chunks/node_modules_next_dist_client_0_90u2t._.js:16348
[  118881ms] [ERROR] WebSocket connection to 'ws://localhost:8081/_next/hmr?id=ipUOt7VP4AWoxG5MRMXZs' failed: Error in connection establishment: net::ERR_CONNECTION_REFUSED @ http://localhost:8081/_next/static/chunks/node_modules_next_dist_client_0_90u2t._.js:16348
[  123897ms] [ERROR] WebSocket connection to 'ws://localhost:8081/_next/hmr?id=ipUOt7VP4AWoxG5MRMXZs' failed: Error in connection establishment: net::ERR_CONNECTION_REFUSED @ http://localhost:8081/_next/static/chunks/node_modules_next_dist_client_0_90u2t._.js:16348
[  128901ms] [ERROR] WebSocket connection to 'ws://localhost:8081/_next/hmr?id=ipUOt7VP4AWoxG5MRMXZs' failed: Error in connection establishment: net::ERR_CONNECTION_REFUSED @ http://localhost:8081/_next/static/chunks/node_modules_next_dist_client_0_90u2t._.js:16348
[  160526ms] [INFO] %cDownload the React DevTools for a better development experience: https://react.dev/link/react-devtools font-weight:bold @ http://localhost:8081/_next/static/chunks/node_modules_next_dist_1e8vcs8._.js:776
[  160751ms] [LOG] [HMR] connected @ http://localhost:8081/_next/static/chunks/node_modules_next_dist_1e8vcs8._.js:776
[  161528ms] [WARNING] Image with src "/homepage/gallery/tile-01.webp" has "fill" prop and "sizes" prop of "100vw", but image is not rendered at full viewport width. Please adjust "sizes" to improve page performance. Read more: https://nextjs.org/docs/api-reference/next/image#sizes @ http://localhost:8081/_next/static/chunks/node_modules_next_dist_1e8vcs8._.js:776
[  161528ms] [WARNING] Image with src "/homepage/gallery/tile-03.webp" has "fill" prop and "sizes" prop of "100vw", but image is not rendered at full viewport width. Please adjust "sizes" to improve page performance. Read more: https://nextjs.org/docs/api-reference/next/image#sizes @ http://localhost:8081/_next/static/chunks/node_modules_next_dist_1e8vcs8._.js:776
[  163725ms] [INFO] %cDownload the React DevTools for a better development experience: https://react.dev/link/react-devtools font-weight:bold @ http://localhost:8081/_next/static/chunks/node_modules_next_dist_1e8vcs8._.js:776
[  163791ms] [LOG] [HMR] connected @ http://localhost:8081/_next/static/chunks/node_modules_next_dist_1e8vcs8._.js:776
[  166275ms] [INFO] %cDownload the React DevTools for a better development experience: https://react.dev/link/react-devtools font-weight:bold @ http://localhost:8081/_next/static/chunks/node_modules_next_dist_1e8vcs8._.js:776
[  166313ms] [LOG] [HMR] connected @ http://localhost:8081/_next/static/chunks/node_modules_next_dist_1e8vcs8._.js:776
[  167881ms] [INFO] %cDownload the React DevTools for a better development experience: https://react.dev/link/react-devtools font-weight:bold @ http://localhost:8081/_next/static/chunks/node_modules_next_dist_1e8vcs8._.js:776
[  167901ms] [LOG] [HMR] connected @ http://localhost:8081/_next/static/chunks/node_modules_next_dist_1e8vcs8._.js:776
[  170111ms] [INFO] %cDownload the React DevTools for a better development experience: https://react.dev/link/react-devtools font-weight:bold @ http://localhost:8081/_next/static/chunks/node_modules_next_dist_1e8vcs8._.js:776
[  170127ms] [LOG] [HMR] connected @ http://localhost:8081/_next/static/chunks/node_modules_next_dist_1e8vcs8._.js:776
[  170290ms] [WARNING] Image with src "/homepage/about/story-banner.jpg" was detected as the Largest Contentful Paint (LCP). Please add the `loading="eager"` property if this image is above the fold.
Read more: https://nextjs.org/docs/app/api-reference/components/image#loading @ http://localhost:8081/_next/static/chunks/node_modules_next_dist_1e8vcs8._.js:776
[  171599ms] [LOG] [Fast Refresh] rebuilding @ http://localhost:8081/_next/static/chunks/node_modules_next_dist_1e8vcs8._.js:776
[  172444ms] [LOG] [Fast Refresh] done in 945ms @ http://localhost:8081/_next/static/chunks/node_modules_next_dist_1e8vcs8._.js:776
[  173075ms] [INFO] %cDownload the React DevTools for a better development experience: https://react.dev/link/react-devtools font-weight:bold @ http://localhost:8081/_next/static/chunks/node_modules_next_dist_1e8vcs8._.js:776
[  173093ms] [LOG] [HMR] connected @ http://localhost:8081/_next/static/chunks/node_modules_next_dist_1e8vcs8._.js:776
[  192075ms] [LOG] [Fast Refresh] rebuilding @ http://localhost:8081/_next/static/chunks/node_modules_next_dist_1e8vcs8._.js:776
[  192144ms] [LOG] [Fast Refresh] done in 95ms @ http://localhost:8081/_next/static/chunks/node_modules_next_dist_1e8vcs8._.js:776
[  192525ms] [INFO] %cDownload the React DevTools for a better development experience: https://react.dev/link/react-devtools font-weight:bold @ http://localhost:8081/_next/static/chunks/node_modules_next_dist_1e8vcs8._.js:776
[  192606ms] [LOG] [HMR] connected @ http://localhost:8081/_next/static/chunks/node_modules_next_dist_1e8vcs8._.js:776
[  193253ms] [WARNING] Image with src "/homepage/gallery/tile-01.webp" has "fill" prop and "sizes" prop of "100vw", but image is not rendered at full viewport width. Please adjust "sizes" to improve page performance. Read more: https://nextjs.org/docs/api-reference/next/image#sizes @ http://localhost:8081/_next/static/chunks/node_modules_next_dist_1e8vcs8._.js:776
[  193253ms] [WARNING] Image with src "/homepage/gallery/tile-03.webp" has "fill" prop and "sizes" prop of "100vw", but image is not rendered at full viewport width. Please adjust "sizes" to improve page performance. Read more: https://nextjs.org/docs/api-reference/next/image#sizes @ http://localhost:8081/_next/static/chunks/node_modules_next_dist_1e8vcs8._.js:776
[  194772ms] [INFO] %cDownload the React DevTools for a better development experience: https://react.dev/link/react-devtools font-weight:bold @ http://localhost:8081/_next/static/chunks/node_modules_next_dist_1e8vcs8._.js:776
[  194821ms] [LOG] [HMR] connected @ http://localhost:8081/_next/static/chunks/node_modules_next_dist_1e8vcs8._.js:776
[  196756ms] [INFO] %cDownload the React DevTools for a better development experience: https://react.dev/link/react-devtools font-weight:bold @ http://localhost:8081/_next/static/chunks/node_modules_next_dist_1e8vcs8._.js:776
[  196812ms] [LOG] [HMR] connected @ http://localhost:8081/_next/static/chunks/node_modules_next_dist_1e8vcs8._.js:776
