[     946ms] [INFO] %cDownload the React DevTools for a better development experience: https://react.dev/link/react-devtools font-weight:bold @ http://localhost:8080/_next/static/chunks/node_modules_next_dist_1e8vcs8._.js:776
[    1063ms] [LOG] [HMR] connected @ http://localhost:8080/_next/static/chunks/node_modules_next_dist_1e8vcs8._.js:776
[    2984ms] [INFO] %cDownload the React DevTools for a better development experience: https://react.dev/link/react-devtools font-weight:bold @ http://localhost:8080/_next/static/chunks/node_modules_next_dist_1e8vcs8._.js:776
[    3044ms] [LOG] [HMR] connected @ http://localhost:8080/_next/static/chunks/node_modules_next_dist_1e8vcs8._.js:776
[    3749ms] [WARNING] Image with src "/homepage/gallery/tile-01.webp" has "fill" prop and "sizes" prop of "100vw", but image is not rendered at full viewport width. Please adjust "sizes" to improve page performance. Read more: https://nextjs.org/docs/api-reference/next/image#sizes @ http://localhost:8080/_next/static/chunks/node_modules_next_dist_1e8vcs8._.js:776
[    3750ms] [WARNING] Image with src "/homepage/gallery/tile-03.webp" has "fill" prop and "sizes" prop of "100vw", but image is not rendered at full viewport width. Please adjust "sizes" to improve page performance. Read more: https://nextjs.org/docs/api-reference/next/image#sizes @ http://localhost:8080/_next/static/chunks/node_modules_next_dist_1e8vcs8._.js:776
[    7055ms] [INFO] %cDownload the React DevTools for a better development experience: https://react.dev/link/react-devtools font-weight:bold @ http://localhost:8080/_next/static/chunks/node_modules_next_dist_1e8vcs8._.js:776
[    7210ms] [LOG] [HMR] connected @ http://localhost:8080/_next/static/chunks/node_modules_next_dist_1e8vcs8._.js:776
[  251529ms] [LOG] [Fast Refresh] rebuilding @ http://localhost:8080/_next/static/chunks/node_modules_next_dist_1e8vcs8._.js:776
[  251860ms] [LOG] [Fast Refresh] done in 429ms @ http://localhost:8080/_next/static/chunks/node_modules_next_dist_1e8vcs8._.js:776
[  323221ms] [LOG] [HMR] connected @ http://localhost:8080/_next/static/chunks/node_modules_next_dist_1e8vcs8._.js:776
[  327139ms] [INFO] %cDownload the React DevTools for a better development experience: https://react.dev/link/react-devtools font-weight:bold @ http://localhost:8080/_next/static/chunks/node_modules_next_dist_1e8vcs8._.js:776
[  327221ms] [LOG] [HMR] connected @ http://localhost:8080/_next/static/chunks/node_modules_next_dist_1e8vcs8._.js:776
[  377467ms] [LOG] [Fast Refresh] rebuilding @ http://localhost:8080/_next/static/chunks/node_modules_next_dist_1e8vcs8._.js:776
[  377796ms] [WARNING] [Fast Refresh] performing full reload

Fast Refresh will perform a full reload when you edit a file that's imported by modules outside of the React rendering tree.
You might have a file which exports a React component but also exports a value that is imported by a non-React component file.
Consider migrating the non-React component export to a separate file and importing it into both files.

It is also possible the parent component of the component you edited is a class component, which disables Fast Refresh.
Fast Refresh requires at least one parent function component in your React tree. @ http://localhost:8080/_next/static/chunks/node_modules_next_dist_1e8vcs8._.js:776
[  377804ms] [WARNING] [Fast Refresh] performing full reload

Fast Refresh will perform a full reload when you edit a file that's imported by modules outside of the React rendering tree.
You might have a file which exports a React component but also exports a value that is imported by a non-React component file.
Consider migrating the non-React component export to a separate file and importing it into both files.

It is also possible the parent component of the component you edited is a class component, which disables Fast Refresh.
Fast Refresh requires at least one parent function component in your React tree. @ http://localhost:8080/_next/static/chunks/node_modules_next_dist_1e8vcs8._.js:776
[  377808ms] [LOG] [Fast Refresh] done in 343ms @ http://localhost:8080/_next/static/chunks/node_modules_next_dist_1e8vcs8._.js:776
[  379398ms] [LOG] [Fast Refresh] rebuilding @ http://localhost:8080/_next/static/chunks/node_modules_next_dist_1e8vcs8._.js:776
[  379577ms] [LOG] [Fast Refresh] done in 288ms @ http://localhost:8080/_next/static/chunks/node_modules_next_dist_1e8vcs8._.js:776
[  385921ms] [INFO] %cDownload the React DevTools for a better development experience: https://react.dev/link/react-devtools font-weight:bold @ http://localhost:8080/_next/static/chunks/node_modules_next_dist_1e8vcs8._.js:776
[  386035ms] [LOG] [HMR] connected @ http://localhost:8080/_next/static/chunks/node_modules_next_dist_1e8vcs8._.js:776
[  456027ms] [LOG] [Fast Refresh] rebuilding @ http://localhost:8080/_next/static/chunks/node_modules_next_dist_1e8vcs8._.js:776
[  457693ms] [LOG] [Fast Refresh] done in 1734ms @ http://localhost:8080/_next/static/chunks/node_modules_next_dist_1e8vcs8._.js:776
[  470053ms] [INFO] %cDownload the React DevTools for a better development experience: https://react.dev/link/react-devtools font-weight:bold @ http://localhost:8080/_next/static/chunks/node_modules_next_dist_1e8vcs8._.js:776
[  470133ms] [LOG] [HMR] connected @ http://localhost:8080/_next/static/chunks/node_modules_next_dist_1e8vcs8._.js:776
[  516540ms] [INFO] %cDownload the React DevTools for a better development experience: https://react.dev/link/react-devtools font-weight:bold @ http://localhost:8080/_next/static/chunks/node_modules_next_dist_1e8vcs8._.js:776
[  516593ms] [LOG] [HMR] connected @ http://localhost:8080/_next/static/chunks/node_modules_next_dist_1e8vcs8._.js:776
[  522952ms] [INFO] %cDownload the React DevTools for a better development experience: https://react.dev/link/react-devtools font-weight:bold @ http://localhost:8080/_next/static/chunks/node_modules_next_dist_1e8vcs8._.js:776
[  522986ms] [LOG] [HMR] connected @ http://localhost:8080/_next/static/chunks/node_modules_next_dist_1e8vcs8._.js:776
[  523106ms] [WARNING] Image with src "/reference-only/products/sindoor-red-katan-silk-kadiyal-saree/01.webp" was detected as the Largest Contentful Paint (LCP). Please add the `loading="eager"` property if this image is above the fold.
Read more: https://nextjs.org/docs/app/api-reference/components/image#loading @ http://localhost:8080/_next/static/chunks/node_modules_next_dist_1e8vcs8._.js:776
[  524446ms] [LOG] [Fast Refresh] rebuilding @ http://localhost:8080/_next/static/chunks/node_modules_next_dist_1e8vcs8._.js:776
[  525180ms] [LOG] [Fast Refresh] done in 848ms @ http://localhost:8080/_next/static/chunks/node_modules_next_dist_1e8vcs8._.js:776
[  525364ms] [INFO] %cDownload the React DevTools for a better development experience: https://react.dev/link/react-devtools font-weight:bold @ http://localhost:8080/_next/static/chunks/node_modules_next_dist_1e8vcs8._.js:776
[  525383ms] [LOG] [HMR] connected @ http://localhost:8080/_next/static/chunks/node_modules_next_dist_1e8vcs8._.js:776
[  526879ms] [LOG] [Fast Refresh] rebuilding @ http://localhost:8080/_next/static/chunks/node_modules_next_dist_1e8vcs8._.js:776
[  527254ms] [LOG] [Fast Refresh] done in 490ms @ http://localhost:8080/_next/static/chunks/node_modules_next_dist_1e8vcs8._.js:776
[  527306ms] [VERBOSE] [DOM] Input elements should have autocomplete attributes (suggested: "current-password"): (More info: https://goo.gl/9p2vKq) %o @ http://localhost:8080/account:0
[  527356ms] [INFO] %cDownload the React DevTools for a better development experience: https://react.dev/link/react-devtools font-weight:bold @ http://localhost:8080/_next/static/chunks/node_modules_next_dist_1e8vcs8._.js:776
[  527392ms] [LOG] [HMR] connected @ http://localhost:8080/_next/static/chunks/node_modules_next_dist_1e8vcs8._.js:776
[  528864ms] [LOG] [Fast Refresh] rebuilding @ http://localhost:8080/_next/static/chunks/node_modules_next_dist_1e8vcs8._.js:776
[  529294ms] [LOG] [Fast Refresh] done in 540ms @ http://localhost:8080/_next/static/chunks/node_modules_next_dist_1e8vcs8._.js:776
[  529459ms] [INFO] %cDownload the React DevTools for a better development experience: https://react.dev/link/react-devtools font-weight:bold @ http://localhost:8080/_next/static/chunks/node_modules_next_dist_1e8vcs8._.js:776
[  529478ms] [LOG] [HMR] connected @ http://localhost:8080/_next/static/chunks/node_modules_next_dist_1e8vcs8._.js:776
[  543128ms] [LOG] [Fast Refresh] rebuilding @ http://localhost:8080/_next/static/chunks/node_modules_next_dist_1e8vcs8._.js:776
[  543856ms] [LOG] [Fast Refresh] done in 833ms @ http://localhost:8080/_next/static/chunks/node_modules_next_dist_1e8vcs8._.js:776
[  543977ms] [LOG] [Fast Refresh] done in 833ms @ http://localhost:8080/_next/static/chunks/node_modules_next_dist_1e8vcs8._.js:776
[  611218ms] [LOG] [Fast Refresh] rebuilding @ http://localhost:8080/_next/static/chunks/node_modules_next_dist_1e8vcs8._.js:776
[  611872ms] [LOG] [Fast Refresh] done in 763ms @ http://localhost:8080/_next/static/chunks/node_modules_next_dist_1e8vcs8._.js:776
[  612061ms] [LOG] [Fast Refresh] done in 763ms @ http://localhost:8080/_next/static/chunks/node_modules_next_dist_1e8vcs8._.js:776
[  768661ms] [LOG] [Fast Refresh] rebuilding @ http://localhost:8080/_next/static/chunks/node_modules_next_dist_1e8vcs8._.js:776
[  769361ms] [LOG] [Fast Refresh] done in 792ms @ http://localhost:8080/_next/static/chunks/node_modules_next_dist_1e8vcs8._.js:776
[  846665ms] [LOG] [Fast Refresh] rebuilding @ http://localhost:8080/_next/static/chunks/node_modules_next_dist_1e8vcs8._.js:776
[  847008ms] [LOG] [Fast Refresh] done in 428ms @ http://localhost:8080/_next/static/chunks/node_modules_next_dist_1e8vcs8._.js:776
[  869648ms] [LOG] [Fast Refresh] rebuilding @ http://localhost:8080/_next/static/chunks/node_modules_next_dist_1e8vcs8._.js:776
[  869788ms] [LOG] [Fast Refresh] done in 243ms @ http://localhost:8080/_next/static/chunks/node_modules_next_dist_1e8vcs8._.js:776
[  869996ms] [LOG] [Fast Refresh] rebuilding @ http://localhost:8080/_next/static/chunks/node_modules_next_dist_1e8vcs8._.js:776
[  870029ms] [LOG] [Fast Refresh] done in 137ms @ http://localhost:8080/_next/static/chunks/node_modules_next_dist_1e8vcs8._.js:776
[  870249ms] [LOG] [Fast Refresh] rebuilding @ http://localhost:8080/_next/static/chunks/node_modules_next_dist_1e8vcs8._.js:776
[  870322ms] [LOG] [Fast Refresh] done in 175ms @ http://localhost:8080/_next/static/chunks/node_modules_next_dist_1e8vcs8._.js:776
[  940522ms] [LOG] [Fast Refresh] rebuilding @ http://localhost:8080/_next/static/chunks/node_modules_next_dist_1e8vcs8._.js:776
[  941017ms] [LOG] [Fast Refresh] done in 592ms @ http://localhost:8080/_next/static/chunks/node_modules_next_dist_1e8vcs8._.js:776
[  983723ms] [LOG] [Fast Refresh] rebuilding @ http://localhost:8080/_next/static/chunks/node_modules_next_dist_1e8vcs8._.js:776
[  983908ms] [LOG] [Fast Refresh] done in 289ms @ http://localhost:8080/_next/static/chunks/node_modules_next_dist_1e8vcs8._.js:776
[ 1034444ms] [LOG] [Fast Refresh] rebuilding @ http://localhost:8080/_next/static/chunks/node_modules_next_dist_1e8vcs8._.js:776
[ 1034955ms] [LOG] [Fast Refresh] done in 358ms @ http://localhost:8080/_next/static/chunks/node_modules_next_dist_1e8vcs8._.js:776
[ 1114800ms] [LOG] [Fast Refresh] done in 358ms @ http://localhost:8080/_next/static/chunks/node_modules_next_dist_1e8vcs8._.js:776
[ 1118276ms] [LOG] [Fast Refresh] done in 358ms @ http://localhost:8080/_next/static/chunks/node_modules_next_dist_1e8vcs8._.js:776
[ 1119637ms] [LOG] [Fast Refresh] done in 358ms @ http://localhost:8080/_next/static/chunks/node_modules_next_dist_1e8vcs8._.js:776
[ 1119737ms] [LOG] [Fast Refresh] done in 358ms @ http://localhost:8080/_next/static/chunks/node_modules_next_dist_1e8vcs8._.js:776
[ 1120845ms] [LOG] [Fast Refresh] done in 358ms @ http://localhost:8080/_next/static/chunks/node_modules_next_dist_1e8vcs8._.js:776
[ 1121353ms] [LOG] [Fast Refresh] done in 358ms @ http://localhost:8080/_next/static/chunks/node_modules_next_dist_1e8vcs8._.js:776
[ 1124778ms] [LOG] [Fast Refresh] done in 358ms @ http://localhost:8080/_next/static/chunks/node_modules_next_dist_1e8vcs8._.js:776
[ 1125202ms] [LOG] [Fast Refresh] done in 358ms @ http://localhost:8080/_next/static/chunks/node_modules_next_dist_1e8vcs8._.js:776
[ 1125261ms] [LOG] [Fast Refresh] done in 358ms @ http://localhost:8080/_next/static/chunks/node_modules_next_dist_1e8vcs8._.js:776
[ 1146531ms] [LOG] [Fast Refresh] rebuilding @ http://localhost:8080/_next/static/chunks/node_modules_next_dist_1e8vcs8._.js:776
[ 1147676ms] [LOG] [Fast Refresh] done in 1202ms @ http://localhost:8080/_next/static/chunks/node_modules_next_dist_1e8vcs8._.js:776
[ 1147744ms] [LOG] [Fast Refresh] done in 1202ms @ http://localhost:8080/_next/static/chunks/node_modules_next_dist_1e8vcs8._.js:776
[ 1148094ms] [LOG] [Fast Refresh] done in 1202ms @ http://localhost:8080/_next/static/chunks/node_modules_next_dist_1e8vcs8._.js:776
[ 1156337ms] [LOG] [Fast Refresh] done in 1202ms @ http://localhost:8080/_next/static/chunks/node_modules_next_dist_1e8vcs8._.js:776
[ 1161668ms] [LOG] [Fast Refresh] done in 1202ms @ http://localhost:8080/_next/static/chunks/node_modules_next_dist_1e8vcs8._.js:776
[ 1161814ms] [LOG] [Fast Refresh] done in 1202ms @ http://localhost:8080/_next/static/chunks/node_modules_next_dist_1e8vcs8._.js:776
[ 1161915ms] [LOG] [Fast Refresh] done in 1202ms @ http://localhost:8080/_next/static/chunks/node_modules_next_dist_1e8vcs8._.js:776
[ 1167119ms] [LOG] [Fast Refresh] done in 1202ms @ http://localhost:8080/_next/static/chunks/node_modules_next_dist_1e8vcs8._.js:776
[ 1198137ms] [LOG] [Fast Refresh] rebuilding @ http://localhost:8080/_next/static/chunks/node_modules_next_dist_1e8vcs8._.js:776
[ 1198344ms] [LOG] [Fast Refresh] done in 314ms @ http://localhost:8080/_next/static/chunks/node_modules_next_dist_1e8vcs8._.js:776
[ 1786715ms] [LOG] [Fast Refresh] rebuilding @ http://localhost:8080/_next/static/chunks/node_modules_next_dist_1e8vcs8._.js:776
[ 1787029ms] [LOG] [Fast Refresh] done in 417ms @ http://localhost:8080/_next/static/chunks/node_modules_next_dist_1e8vcs8._.js:776
[ 1797600ms] [LOG] [Fast Refresh] rebuilding @ http://localhost:8080/_next/static/chunks/node_modules_next_dist_1e8vcs8._.js:776
[ 1797823ms] [LOG] [Fast Refresh] done in 327ms @ http://localhost:8080/_next/static/chunks/node_modules_next_dist_1e8vcs8._.js:776
[29577669ms] [LOG] [HMR] connected @ http://localhost:8080/_next/static/chunks/node_modules_next_dist_1e8vcs8._.js:776
[29578266ms] [LOG] [Fast Refresh] rebuilding @ http://localhost:8080/_next/static/chunks/node_modules_next_dist_1e8vcs8._.js:776
[29582275ms] [LOG] [Fast Refresh] done in 4115ms @ http://localhost:8080/_next/static/chunks/node_modules_next_dist_1e8vcs8._.js:776
[29587249ms] [LOG] [Fast Refresh] rebuilding @ http://localhost:8080/_next/static/chunks/node_modules_next_dist_1e8vcs8._.js:776
[29587967ms] [LOG] [Fast Refresh] done in 819ms @ http://localhost:8080/_next/static/chunks/node_modules_next_dist_1e8vcs8._.js:776
[29871659ms] [LOG] [Fast Refresh] rebuilding @ http://localhost:8080/_next/static/chunks/node_modules_next_dist_1e8vcs8._.js:776
[29871735ms] [LOG] [Fast Refresh] done in 189ms @ http://localhost:8080/_next/static/chunks/node_modules_next_dist_1e8vcs8._.js:776
[29916170ms] [LOG] [Fast Refresh] rebuilding @ http://localhost:8080/_next/static/chunks/node_modules_next_dist_1e8vcs8._.js:776
[29916863ms] [LOG] [Fast Refresh] done in 795ms @ http://localhost:8080/_next/static/chunks/node_modules_next_dist_1e8vcs8._.js:776
[29917301ms] [LOG] [Fast Refresh] rebuilding @ http://localhost:8080/_next/static/chunks/node_modules_next_dist_1e8vcs8._.js:776
[29920215ms] [LOG] [Fast Refresh] done in 3020ms @ http://localhost:8080/_next/static/chunks/node_modules_next_dist_1e8vcs8._.js:776
[30384756ms] [LOG] [Fast Refresh] rebuilding @ http://localhost:8080/_next/static/chunks/node_modules_next_dist_1e8vcs8._.js:776
[30384773ms] [LOG] [Fast Refresh] done in 124ms @ http://localhost:8080/_next/static/chunks/node_modules_next_dist_1e8vcs8._.js:776
[30504871ms] [LOG] [Fast Refresh] rebuilding @ http://localhost:8080/_next/static/chunks/node_modules_next_dist_1e8vcs8._.js:776
[30505037ms] [LOG] [Fast Refresh] done in 267ms @ http://localhost:8080/_next/static/chunks/node_modules_next_dist_1e8vcs8._.js:776
[30528869ms] [LOG] [Fast Refresh] rebuilding @ http://localhost:8080/_next/static/chunks/node_modules_next_dist_1e8vcs8._.js:776
[30530586ms] [LOG] [Fast Refresh] done in 1821ms @ http://localhost:8080/_next/static/chunks/node_modules_next_dist_1e8vcs8._.js:776
[30530616ms] [LOG] [Fast Refresh] done in 1821ms @ http://localhost:8080/_next/static/chunks/node_modules_next_dist_1e8vcs8._.js:776
[30530691ms] [LOG] [Fast Refresh] done in 1821ms @ http://localhost:8080/_next/static/chunks/node_modules_next_dist_1e8vcs8._.js:776
[30533789ms] [LOG] [Fast Refresh] done in 1821ms @ http://localhost:8080/_next/static/chunks/node_modules_next_dist_1e8vcs8._.js:776
[30557725ms] [INFO] %cDownload the React DevTools for a better development experience: https://react.dev/link/react-devtools font-weight:bold @ http://localhost:8080/_next/static/chunks/node_modules_next_dist_1e8vcs8._.js:776
[30557831ms] [LOG] [HMR] connected @ http://localhost:8080/_next/static/chunks/node_modules_next_dist_1e8vcs8._.js:776
[30564660ms] [INFO] %cDownload the React DevTools for a better development experience: https://react.dev/link/react-devtools font-weight:bold @ http://localhost:8080/_next/static/chunks/node_modules_next_dist_1e8vcs8._.js:776
[30564713ms] [LOG] [HMR] connected @ http://localhost:8080/_next/static/chunks/node_modules_next_dist_1e8vcs8._.js:776
[30570908ms] [INFO] %cDownload the React DevTools for a better development experience: https://react.dev/link/react-devtools font-weight:bold @ http://localhost:8080/_next/static/chunks/node_modules_next_dist_1e8vcs8._.js:776
[30570955ms] [LOG] [HMR] connected @ http://localhost:8080/_next/static/chunks/node_modules_next_dist_1e8vcs8._.js:776
[30575858ms] [INFO] %cDownload the React DevTools for a better development experience: https://react.dev/link/react-devtools font-weight:bold @ http://localhost:8080/_next/static/chunks/node_modules_next_dist_1e8vcs8._.js:776
[30575931ms] [LOG] [HMR] connected @ http://localhost:8080/_next/static/chunks/node_modules_next_dist_1e8vcs8._.js:776
[30577258ms] [WARNING] Image with src "/homepage/about/story-banner.jpg" was detected as the Largest Contentful Paint (LCP). Please add the `loading="eager"` property if this image is above the fold.
Read more: https://nextjs.org/docs/app/api-reference/components/image#loading @ http://localhost:8080/_next/static/chunks/node_modules_next_dist_1e8vcs8._.js:776
[30582792ms] [INFO] %cDownload the React DevTools for a better development experience: https://react.dev/link/react-devtools font-weight:bold @ http://localhost:8080/_next/static/chunks/node_modules_next_dist_1e8vcs8._.js:776
[30582856ms] [LOG] [HMR] connected @ http://localhost:8080/_next/static/chunks/node_modules_next_dist_1e8vcs8._.js:776
[30618185ms] [LOG] [Fast Refresh] rebuilding @ http://localhost:8080/_next/static/chunks/node_modules_next_dist_1e8vcs8._.js:776
[30618942ms] [LOG] [Fast Refresh] done in 366ms @ http://localhost:8080/_next/static/chunks/node_modules_next_dist_1e8vcs8._.js:776
[30619278ms] [INFO] %cDownload the React DevTools for a better development experience: https://react.dev/link/react-devtools font-weight:bold @ http://localhost:8080/_next/static/chunks/node_modules_next_dist_1e8vcs8._.js:776
[30619342ms] [LOG] [HMR] connected @ http://localhost:8080/_next/static/chunks/node_modules_next_dist_1e8vcs8._.js:776
[30625484ms] [INFO] %cDownload the React DevTools for a better development experience: https://react.dev/link/react-devtools font-weight:bold @ http://localhost:8080/_next/static/chunks/node_modules_next_dist_1e8vcs8._.js:776
[30625525ms] [LOG] [HMR] connected @ http://localhost:8080/_next/static/chunks/node_modules_next_dist_1e8vcs8._.js:776
[30627190ms] [WARNING] Image with src "/reference-only/products/rohini-rose-katan-silk-jangla-saree/01.jpg" was detected as the Largest Contentful Paint (LCP). Please add the `loading="eager"` property if this image is above the fold.
Read more: https://nextjs.org/docs/app/api-reference/components/image#loading @ http://localhost:8080/_next/static/chunks/node_modules_next_dist_1e8vcs8._.js:776
[30627278ms] [WARNING] Image with src "/reference-only/products/mrinalini-rosewood-katan-silk-shikargah-saree/01.jpg" was detected as the Largest Contentful Paint (LCP). Please add the `loading="eager"` property if this image is above the fold.
Read more: https://nextjs.org/docs/app/api-reference/components/image#loading @ http://localhost:8080/_next/static/chunks/node_modules_next_dist_1e8vcs8._.js:776
[30649474ms] [INFO] %cDownload the React DevTools for a better development experience: https://react.dev/link/react-devtools font-weight:bold @ http://localhost:8080/_next/static/chunks/node_modules_next_dist_1e8vcs8._.js:776
[30649562ms] [LOG] [HMR] connected @ http://localhost:8080/_next/static/chunks/node_modules_next_dist_1e8vcs8._.js:776
[30651510ms] [INFO] %cDownload the React DevTools for a better development experience: https://react.dev/link/react-devtools font-weight:bold @ http://localhost:8080/_next/static/chunks/node_modules_next_dist_1e8vcs8._.js:776
[30651549ms] [LOG] [HMR] connected @ http://localhost:8080/_next/static/chunks/node_modules_next_dist_1e8vcs8._.js:776
[30652935ms] [WARNING] Image with src "/homepage/about/story-banner.jpg" was detected as the Largest Contentful Paint (LCP). Please add the `loading="eager"` property if this image is above the fold.
Read more: https://nextjs.org/docs/app/api-reference/components/image#loading @ http://localhost:8080/_next/static/chunks/node_modules_next_dist_1e8vcs8._.js:776
[30657110ms] [INFO] %cDownload the React DevTools for a better development experience: https://react.dev/link/react-devtools font-weight:bold @ http://localhost:8080/_next/static/chunks/node_modules_next_dist_1e8vcs8._.js:776
[30657165ms] [LOG] [HMR] connected @ http://localhost:8080/_next/static/chunks/node_modules_next_dist_1e8vcs8._.js:776
[30716198ms] [INFO] %cDownload the React DevTools for a better development experience: https://react.dev/link/react-devtools font-weight:bold @ http://localhost:8080/_next/static/chunks/node_modules_next_dist_1e8vcs8._.js:776
[30716244ms] [LOG] [HMR] connected @ http://localhost:8080/_next/static/chunks/node_modules_next_dist_1e8vcs8._.js:776
[30736167ms] [LOG] [Fast Refresh] rebuilding @ http://localhost:8080/_next/static/chunks/node_modules_next_dist_1e8vcs8._.js:776
[30736335ms] [LOG] [Fast Refresh] done in 254ms @ http://localhost:8080/_next/static/chunks/node_modules_next_dist_1e8vcs8._.js:776
[30736732ms] [INFO] %cDownload the React DevTools for a better development experience: https://react.dev/link/react-devtools font-weight:bold @ http://localhost:8080/_next/static/chunks/node_modules_next_dist_1e8vcs8._.js:776
[30736770ms] [LOG] [HMR] connected @ http://localhost:8080/_next/static/chunks/node_modules_next_dist_1e8vcs8._.js:776
[30738186ms] [WARNING] Image with src "/homepage/about/story-banner.jpg" was detected as the Largest Contentful Paint (LCP). Please add the `loading="eager"` property if this image is above the fold.
Read more: https://nextjs.org/docs/app/api-reference/components/image#loading @ http://localhost:8080/_next/static/chunks/node_modules_next_dist_1e8vcs8._.js:776
[30741954ms] [INFO] %cDownload the React DevTools for a better development experience: https://react.dev/link/react-devtools font-weight:bold @ http://localhost:8080/_next/static/chunks/node_modules_next_dist_1e8vcs8._.js:776
[30742001ms] [LOG] [HMR] connected @ http://localhost:8080/_next/static/chunks/node_modules_next_dist_1e8vcs8._.js:776
[30743608ms] [WARNING] Image with src "/reference-only/products/rohini-rose-katan-silk-jangla-saree/01.jpg" was detected as the Largest Contentful Paint (LCP). Please add the `loading="eager"` property if this image is above the fold.
Read more: https://nextjs.org/docs/app/api-reference/components/image#loading @ http://localhost:8080/_next/static/chunks/node_modules_next_dist_1e8vcs8._.js:776
[30743691ms] [WARNING] Image with src "/reference-only/products/mrinalini-rosewood-katan-silk-shikargah-saree/01.jpg" was detected as the Largest Contentful Paint (LCP). Please add the `loading="eager"` property if this image is above the fold.
Read more: https://nextjs.org/docs/app/api-reference/components/image#loading @ http://localhost:8080/_next/static/chunks/node_modules_next_dist_1e8vcs8._.js:776
[30753643ms] [INFO] %cDownload the React DevTools for a better development experience: https://react.dev/link/react-devtools font-weight:bold @ http://localhost:8080/_next/static/chunks/node_modules_next_dist_1e8vcs8._.js:776
[30753708ms] [LOG] [HMR] connected @ http://localhost:8080/_next/static/chunks/node_modules_next_dist_1e8vcs8._.js:776
[30754319ms] [LOG] [Fast Refresh] rebuilding @ http://localhost:8080/_next/static/chunks/node_modules_next_dist_1e8vcs8._.js:776
[30754532ms] [LOG] [Fast Refresh] done in 272ms @ http://localhost:8080/_next/static/chunks/node_modules_next_dist_1e8vcs8._.js:776
[30802611ms] [INFO] %cDownload the React DevTools for a better development experience: https://react.dev/link/react-devtools font-weight:bold @ http://localhost:8080/_next/static/chunks/node_modules_next_dist_1e8vcs8._.js:776
[30802658ms] [LOG] [HMR] connected @ http://localhost:8080/_next/static/chunks/node_modules_next_dist_1e8vcs8._.js:776
[30810136ms] [INFO] %cDownload the React DevTools for a better development experience: https://react.dev/link/react-devtools font-weight:bold @ http://localhost:8080/_next/static/chunks/node_modules_next_dist_1e8vcs8._.js:776
[30810185ms] [LOG] [HMR] connected @ http://localhost:8080/_next/static/chunks/node_modules_next_dist_1e8vcs8._.js:776
[30815720ms] [INFO] %cDownload the React DevTools for a better development experience: https://react.dev/link/react-devtools font-weight:bold @ http://localhost:8080/_next/static/chunks/node_modules_next_dist_1e8vcs8._.js:776
[30815791ms] [LOG] [HMR] connected @ http://localhost:8080/_next/static/chunks/node_modules_next_dist_1e8vcs8._.js:776
[30816435ms] [WARNING] Image with src "/homepage/campaigns/kala-hero.jpg" was detected as the Largest Contentful Paint (LCP). Please add the `loading="eager"` property if this image is above the fold.
Read more: https://nextjs.org/docs/app/api-reference/components/image#loading @ http://localhost:8080/_next/static/chunks/node_modules_next_dist_1e8vcs8._.js:776
[30818284ms] [WARNING] Image with src "/homepage/campaigns/kala-banner-02-mob.jpg" was detected as the Largest Contentful Paint (LCP). Please add the `loading="eager"` property if this image is above the fold.
Read more: https://nextjs.org/docs/app/api-reference/components/image#loading @ http://localhost:8080/_next/static/chunks/node_modules_next_dist_1e8vcs8._.js:776
[30821117ms] [WARNING] Image with src "/homepage/campaigns/kala-banner-03.jpg" was detected as the Largest Contentful Paint (LCP). Please add the `loading="eager"` property if this image is above the fold.
Read more: https://nextjs.org/docs/app/api-reference/components/image#loading @ http://localhost:8080/_next/static/chunks/node_modules_next_dist_1e8vcs8._.js:776
[30821199ms] [WARNING] Image with src "/homepage/campaigns/kala-closing.jpg" was detected as the Largest Contentful Paint (LCP). Please add the `loading="eager"` property if this image is above the fold.
Read more: https://nextjs.org/docs/app/api-reference/components/image#loading @ http://localhost:8080/_next/static/chunks/node_modules_next_dist_1e8vcs8._.js:776
[30830907ms] [INFO] %cDownload the React DevTools for a better development experience: https://react.dev/link/react-devtools font-weight:bold @ http://localhost:8080/_next/static/chunks/node_modules_next_dist_1e8vcs8._.js:776
[30830999ms] [LOG] [HMR] connected @ http://localhost:8080/_next/static/chunks/node_modules_next_dist_1e8vcs8._.js:776
[30844332ms] [LOG] [Fast Refresh] rebuilding @ http://localhost:8080/_next/static/chunks/node_modules_next_dist_1e8vcs8._.js:776
[30844523ms] [LOG] [Fast Refresh] done in 269ms @ http://localhost:8080/_next/static/chunks/node_modules_next_dist_1e8vcs8._.js:776
[30845631ms] [INFO] %cDownload the React DevTools for a better development experience: https://react.dev/link/react-devtools font-weight:bold @ http://localhost:8080/_next/static/chunks/node_modules_next_dist_1e8vcs8._.js:776
[30845706ms] [LOG] [HMR] connected @ http://localhost:8080/_next/static/chunks/node_modules_next_dist_1e8vcs8._.js:776
[30850980ms] [INFO] %cDownload the React DevTools for a better development experience: https://react.dev/link/react-devtools font-weight:bold @ http://localhost:8080/_next/static/chunks/node_modules_next_dist_1e8vcs8._.js:776
[30851039ms] [LOG] [HMR] connected @ http://localhost:8080/_next/static/chunks/node_modules_next_dist_1e8vcs8._.js:776
[31283924ms] [LOG] [Fast Refresh] rebuilding @ http://localhost:8080/_next/static/chunks/node_modules_next_dist_1e8vcs8._.js:776
[31284926ms] [WARNING] [Fast Refresh] performing full reload

Fast Refresh will perform a full reload when you edit a file that's imported by modules outside of the React rendering tree.
You might have a file which exports a React component but also exports a value that is imported by a non-React component file.
Consider migrating the non-React component export to a separate file and importing it into both files.

It is also possible the parent component of the component you edited is a class component, which disables Fast Refresh.
Fast Refresh requires at least one parent function component in your React tree. @ http://localhost:8080/_next/static/chunks/node_modules_next_dist_1e8vcs8._.js:776
[31284935ms] [LOG] [Fast Refresh] done in 1114ms @ http://localhost:8080/_next/static/chunks/node_modules_next_dist_1e8vcs8._.js:776
[31285676ms] [LOG] [Fast Refresh] done in 1114ms @ http://localhost:8080/_next/static/chunks/node_modules_next_dist_1e8vcs8._.js:776
[31285837ms] [LOG] [Fast Refresh] done in 1114ms @ http://localhost:8080/_next/static/chunks/node_modules_next_dist_1e8vcs8._.js:776
[31286866ms] [LOG] [Fast Refresh] done in 1114ms @ http://localhost:8080/_next/static/chunks/node_modules_next_dist_1e8vcs8._.js:776
[31288232ms] [INFO] %cDownload the React DevTools for a better development experience: https://react.dev/link/react-devtools font-weight:bold @ http://localhost:8080/_next/static/chunks/node_modules_next_dist_1e8vcs8._.js:776
[31288358ms] [LOG] [HMR] connected @ http://localhost:8080/_next/static/chunks/node_modules_next_dist_1e8vcs8._.js:776
[31347205ms] [LOG] [Fast Refresh] rebuilding @ http://localhost:8080/_next/static/chunks/node_modules_next_dist_1e8vcs8._.js:776
[31348519ms] [WARNING] [Fast Refresh] performing full reload

Fast Refresh will perform a full reload when you edit a file that's imported by modules outside of the React rendering tree.
You might have a file which exports a React component but also exports a value that is imported by a non-React component file.
Consider migrating the non-React component export to a separate file and importing it into both files.

It is also possible the parent component of the component you edited is a class component, which disables Fast Refresh.
Fast Refresh requires at least one parent function component in your React tree. @ http://localhost:8080/_next/static/chunks/node_modules_next_dist_1e8vcs8._.js:776
[31348592ms] [LOG] [Fast Refresh] done in 1490ms @ http://localhost:8080/_next/static/chunks/node_modules_next_dist_1e8vcs8._.js:776
[31349284ms] [LOG] [Fast Refresh] done in 1490ms @ http://localhost:8080/_next/static/chunks/node_modules_next_dist_1e8vcs8._.js:776
[31352607ms] [INFO] %cDownload the React DevTools for a better development experience: https://react.dev/link/react-devtools font-weight:bold @ http://localhost:8080/_next/static/chunks/node_modules_next_dist_1e8vcs8._.js:776
[31352764ms] [LOG] [HMR] connected @ http://localhost:8080/_next/static/chunks/node_modules_next_dist_1e8vcs8._.js:776
[31380367ms] [INFO] %cDownload the React DevTools for a better development experience: https://react.dev/link/react-devtools font-weight:bold @ http://localhost:8080/_next/static/chunks/node_modules_next_dist_1e8vcs8._.js:776
[31380427ms] [LOG] [HMR] connected @ http://localhost:8080/_next/static/chunks/node_modules_next_dist_1e8vcs8._.js:776
[31381154ms] [WARNING] Image with src "/homepage/gallery/tile-01.webp" has "fill" prop and "sizes" prop of "100vw", but image is not rendered at full viewport width. Please adjust "sizes" to improve page performance. Read more: https://nextjs.org/docs/api-reference/next/image#sizes @ http://localhost:8080/_next/static/chunks/node_modules_next_dist_1e8vcs8._.js:776
[31381155ms] [WARNING] Image with src "/homepage/gallery/tile-03.webp" has "fill" prop and "sizes" prop of "100vw", but image is not rendered at full viewport width. Please adjust "sizes" to improve page performance. Read more: https://nextjs.org/docs/api-reference/next/image#sizes @ http://localhost:8080/_next/static/chunks/node_modules_next_dist_1e8vcs8._.js:776
[31387512ms] [INFO] %cDownload the React DevTools for a better development experience: https://react.dev/link/react-devtools font-weight:bold @ http://localhost:8080/_next/static/chunks/node_modules_next_dist_1e8vcs8._.js:776
[31387580ms] [LOG] [HMR] connected @ http://localhost:8080/_next/static/chunks/node_modules_next_dist_1e8vcs8._.js:776
[31393521ms] [INFO] %cDownload the React DevTools for a better development experience: https://react.dev/link/react-devtools font-weight:bold @ http://localhost:8080/_next/static/chunks/node_modules_next_dist_1e8vcs8._.js:776
[31393550ms] [LOG] [HMR] connected @ http://localhost:8080/_next/static/chunks/node_modules_next_dist_1e8vcs8._.js:776
[31411940ms] [INFO] %cDownload the React DevTools for a better development experience: https://react.dev/link/react-devtools font-weight:bold @ http://localhost:8080/_next/static/chunks/node_modules_next_dist_1e8vcs8._.js:776
[31412013ms] [LOG] [HMR] connected @ http://localhost:8080/_next/static/chunks/node_modules_next_dist_1e8vcs8._.js:776
[31417062ms] [INFO] %cDownload the React DevTools for a better development experience: https://react.dev/link/react-devtools font-weight:bold @ http://localhost:8080/_next/static/chunks/node_modules_next_dist_1e8vcs8._.js:776
[31417096ms] [LOG] [HMR] connected @ http://localhost:8080/_next/static/chunks/node_modules_next_dist_1e8vcs8._.js:776
[31417637ms] [WARNING] Image with src "/homepage/gallery/tile-01.webp" has "fill" prop and "sizes" prop of "100vw", but image is not rendered at full viewport width. Please adjust "sizes" to improve page performance. Read more: https://nextjs.org/docs/api-reference/next/image#sizes @ http://localhost:8080/_next/static/chunks/node_modules_next_dist_1e8vcs8._.js:776
[31417638ms] [WARNING] Image with src "/homepage/gallery/tile-03.webp" has "fill" prop and "sizes" prop of "100vw", but image is not rendered at full viewport width. Please adjust "sizes" to improve page performance. Read more: https://nextjs.org/docs/api-reference/next/image#sizes @ http://localhost:8080/_next/static/chunks/node_modules_next_dist_1e8vcs8._.js:776
[31443705ms] [LOG] [Fast Refresh] rebuilding @ http://localhost:8080/_next/static/chunks/node_modules_next_dist_1e8vcs8._.js:776
[31443990ms] [LOG] [Fast Refresh] done in 390ms @ http://localhost:8080/_next/static/chunks/node_modules_next_dist_1e8vcs8._.js:776
[31445066ms] [LOG] [Fast Refresh] done in 390ms @ http://localhost:8080/_next/static/chunks/node_modules_next_dist_1e8vcs8._.js:776
[31445355ms] [INFO] %cDownload the React DevTools for a better development experience: https://react.dev/link/react-devtools font-weight:bold @ http://localhost:8080/_next/static/chunks/node_modules_next_dist_1e8vcs8._.js:776
[31445442ms] [LOG] [HMR] connected @ http://localhost:8080/_next/static/chunks/node_modules_next_dist_1e8vcs8._.js:776
[31451399ms] [INFO] %cDownload the React DevTools for a better development experience: https://react.dev/link/react-devtools font-weight:bold @ http://localhost:8080/_next/static/chunks/node_modules_next_dist_1e8vcs8._.js:776
[31451447ms] [LOG] [HMR] connected @ http://localhost:8080/_next/static/chunks/node_modules_next_dist_1e8vcs8._.js:776
[31732327ms] [WARNING] Deprecated API for given entry type. @ :2
[31732327ms] [WARNING] Deprecated API for given entry type. @ :4
