[   50594ms] [INFO] %cDownload the React DevTools for a better development experience: https://react.dev/link/react-devtools font-weight:bold @ http://localhost:8080/_next/static/chunks/node_modules_next_dist_1e8vcs8._.js:776
[   50747ms] [LOG] [HMR] connected @ http://localhost:8080/_next/static/chunks/node_modules_next_dist_1e8vcs8._.js:776
[   54358ms] [INFO] %cDownload the React DevTools for a better development experience: https://react.dev/link/react-devtools font-weight:bold @ http://localhost:8080/_next/static/chunks/node_modules_next_dist_1e8vcs8._.js:776
[   54413ms] [LOG] [HMR] connected @ http://localhost:8080/_next/static/chunks/node_modules_next_dist_1e8vcs8._.js:776
[   58536ms] [INFO] %cDownload the React DevTools for a better development experience: https://react.dev/link/react-devtools font-weight:bold @ http://localhost:8080/_next/static/chunks/node_modules_next_dist_1e8vcs8._.js:776
[   58630ms] [LOG] [HMR] connected @ http://localhost:8080/_next/static/chunks/node_modules_next_dist_1e8vcs8._.js:776
[   62420ms] [INFO] %cDownload the React DevTools for a better development experience: https://react.dev/link/react-devtools font-weight:bold @ http://localhost:8080/_next/static/chunks/node_modules_next_dist_1e8vcs8._.js:776
[   62467ms] [LOG] [HMR] connected @ http://localhost:8080/_next/static/chunks/node_modules_next_dist_1e8vcs8._.js:776
[   62627ms] [WARNING] Image with src "/reference-only/products/sindoor-red-katan-silk-kadiyal-saree/01.webp" was detected as the Largest Contentful Paint (LCP). Please add the `loading="eager"` property if this image is above the fold.
Read more: https://nextjs.org/docs/app/api-reference/components/image#loading @ http://localhost:8080/_next/static/chunks/node_modules_next_dist_1e8vcs8._.js:776
[   66536ms] [INFO] %cDownload the React DevTools for a better development experience: https://react.dev/link/react-devtools font-weight:bold @ http://localhost:8080/_next/static/chunks/node_modules_next_dist_1e8vcs8._.js:776
[   66586ms] [LOG] [HMR] connected @ http://localhost:8080/_next/static/chunks/node_modules_next_dist_1e8vcs8._.js:776
[   66844ms] [WARNING] Image with src "/homepage/about/story-banner.jpg" was detected as the Largest Contentful Paint (LCP). Please add the `loading="eager"` property if this image is above the fold.
Read more: https://nextjs.org/docs/app/api-reference/components/image#loading @ http://localhost:8080/_next/static/chunks/node_modules_next_dist_1e8vcs8._.js:776
[   70207ms] [INFO] %cDownload the React DevTools for a better development experience: https://react.dev/link/react-devtools font-weight:bold @ http://localhost:8080/_next/static/chunks/node_modules_next_dist_1e8vcs8._.js:776
[   70249ms] [LOG] [HMR] connected @ http://localhost:8080/_next/static/chunks/node_modules_next_dist_1e8vcs8._.js:776
[  124302ms] [LOG] [Fast Refresh] rebuilding @ http://localhost:8080/_next/static/chunks/node_modules_next_dist_1e8vcs8._.js:776
[  124726ms] [LOG] [Fast Refresh] done in 207ms @ http://localhost:8080/_next/static/chunks/node_modules_next_dist_1e8vcs8._.js:776
[  138161ms] [INFO] %cDownload the React DevTools for a better development experience: https://react.dev/link/react-devtools font-weight:bold @ http://localhost:8080/_next/static/chunks/node_modules_next_dist_1e8vcs8._.js:776
[  138199ms] [LOG] [HMR] connected @ http://localhost:8080/_next/static/chunks/node_modules_next_dist_1e8vcs8._.js:776
[  141679ms] [INFO] %cDownload the React DevTools for a better development experience: https://react.dev/link/react-devtools font-weight:bold @ http://localhost:8080/_next/static/chunks/node_modules_next_dist_1e8vcs8._.js:776
[  141704ms] [LOG] [HMR] connected @ http://localhost:8080/_next/static/chunks/node_modules_next_dist_1e8vcs8._.js:776
[  141850ms] [WARNING] Image with src "/reference-only/products/sindoor-red-katan-silk-kadiyal-saree/01.webp" was detected as the Largest Contentful Paint (LCP). Please add the `loading="eager"` property if this image is above the fold.
Read more: https://nextjs.org/docs/app/api-reference/components/image#loading @ http://localhost:8080/_next/static/chunks/node_modules_next_dist_1e8vcs8._.js:776
[  145142ms] [INFO] %cDownload the React DevTools for a better development experience: https://react.dev/link/react-devtools font-weight:bold @ http://localhost:8080/_next/static/chunks/node_modules_next_dist_1e8vcs8._.js:776
[  145184ms] [LOG] [HMR] connected @ http://localhost:8080/_next/static/chunks/node_modules_next_dist_1e8vcs8._.js:776
[  147986ms] [INFO] %cDownload the React DevTools for a better development experience: https://react.dev/link/react-devtools font-weight:bold @ http://localhost:8080/_next/static/chunks/node_modules_next_dist_1e8vcs8._.js:776
[  148023ms] [LOG] [HMR] connected @ http://localhost:8080/_next/static/chunks/node_modules_next_dist_1e8vcs8._.js:776
[  174366ms] [LOG] [Fast Refresh] rebuilding @ http://localhost:8080/_next/static/chunks/node_modules_next_dist_1e8vcs8._.js:776
[  174666ms] [LOG] [Fast Refresh] done in 337ms @ http://localhost:8080/_next/static/chunks/node_modules_next_dist_1e8vcs8._.js:776
[  200567ms] [LOG] [Fast Refresh] rebuilding @ http://localhost:8080/_next/static/chunks/node_modules_next_dist_1e8vcs8._.js:776
[  200693ms] [LOG] [Fast Refresh] done in 237ms @ http://localhost:8080/_next/static/chunks/node_modules_next_dist_1e8vcs8._.js:776
[  452596ms] [LOG] [Fast Refresh] rebuilding @ http://localhost:8080/_next/static/chunks/node_modules_next_dist_1e8vcs8._.js:776
[  452755ms] [LOG] [Fast Refresh] done in 224ms @ http://localhost:8080/_next/static/chunks/node_modules_next_dist_1e8vcs8._.js:776
[  466941ms] [INFO] %cDownload the React DevTools for a better development experience: https://react.dev/link/react-devtools font-weight:bold @ http://localhost:8080/_next/static/chunks/node_modules_next_dist_1e8vcs8._.js:776
[  466991ms] [LOG] [HMR] connected @ http://localhost:8080/_next/static/chunks/node_modules_next_dist_1e8vcs8._.js:776
[  472242ms] [INFO] %cDownload the React DevTools for a better development experience: https://react.dev/link/react-devtools font-weight:bold @ http://localhost:8080/_next/static/chunks/node_modules_next_dist_1e8vcs8._.js:776
[  472280ms] [LOG] [HMR] connected @ http://localhost:8080/_next/static/chunks/node_modules_next_dist_1e8vcs8._.js:776
[  472849ms] [WARNING] Image with src "/homepage/gallery/tile-01.webp" has "fill" prop and "sizes" prop of "100vw", but image is not rendered at full viewport width. Please adjust "sizes" to improve page performance. Read more: https://nextjs.org/docs/api-reference/next/image#sizes @ http://localhost:8080/_next/static/chunks/node_modules_next_dist_1e8vcs8._.js:776
[  472849ms] [WARNING] Image with src "/homepage/gallery/tile-03.webp" has "fill" prop and "sizes" prop of "100vw", but image is not rendered at full viewport width. Please adjust "sizes" to improve page performance. Read more: https://nextjs.org/docs/api-reference/next/image#sizes @ http://localhost:8080/_next/static/chunks/node_modules_next_dist_1e8vcs8._.js:776
[  502009ms] [INFO] %cDownload the React DevTools for a better development experience: https://react.dev/link/react-devtools font-weight:bold @ http://localhost:8080/_next/static/chunks/node_modules_next_dist_1e8vcs8._.js:776
[  502046ms] [LOG] [HMR] connected @ http://localhost:8080/_next/static/chunks/node_modules_next_dist_1e8vcs8._.js:776
[  502561ms] [WARNING] Image with src "/homepage/gallery/tile-01.webp" has "fill" prop and "sizes" prop of "100vw", but image is not rendered at full viewport width. Please adjust "sizes" to improve page performance. Read more: https://nextjs.org/docs/api-reference/next/image#sizes @ http://localhost:8080/_next/static/chunks/node_modules_next_dist_1e8vcs8._.js:776
[  502561ms] [WARNING] Image with src "/homepage/gallery/tile-03.webp" has "fill" prop and "sizes" prop of "100vw", but image is not rendered at full viewport width. Please adjust "sizes" to improve page performance. Read more: https://nextjs.org/docs/api-reference/next/image#sizes @ http://localhost:8080/_next/static/chunks/node_modules_next_dist_1e8vcs8._.js:776
[  504503ms] [INFO] %cDownload the React DevTools for a better development experience: https://react.dev/link/react-devtools font-weight:bold @ http://localhost:8080/_next/static/chunks/node_modules_next_dist_1e8vcs8._.js:776
[  504542ms] [LOG] [HMR] connected @ http://localhost:8080/_next/static/chunks/node_modules_next_dist_1e8vcs8._.js:776
[  505751ms] [INFO] %cDownload the React DevTools for a better development experience: https://react.dev/link/react-devtools font-weight:bold @ http://localhost:8080/_next/static/chunks/node_modules_next_dist_1e8vcs8._.js:776
[  505799ms] [LOG] [HMR] connected @ http://localhost:8080/_next/static/chunks/node_modules_next_dist_1e8vcs8._.js:776
[  506114ms] [WARNING] Image with src "/homepage/about/story-banner.jpg" was detected as the Largest Contentful Paint (LCP). Please add the `loading="eager"` property if this image is above the fold.
Read more: https://nextjs.org/docs/app/api-reference/components/image#loading @ http://localhost:8080/_next/static/chunks/node_modules_next_dist_1e8vcs8._.js:776
[  506976ms] [INFO] %cDownload the React DevTools for a better development experience: https://react.dev/link/react-devtools font-weight:bold @ http://localhost:8080/_next/static/chunks/node_modules_next_dist_1e8vcs8._.js:776
[  507011ms] [LOG] [HMR] connected @ http://localhost:8080/_next/static/chunks/node_modules_next_dist_1e8vcs8._.js:776
[  508067ms] [INFO] %cDownload the React DevTools for a better development experience: https://react.dev/link/react-devtools font-weight:bold @ http://localhost:8080/_next/static/chunks/node_modules_next_dist_1e8vcs8._.js:776
[  508100ms] [LOG] [HMR] connected @ http://localhost:8080/_next/static/chunks/node_modules_next_dist_1e8vcs8._.js:776
[  509435ms] [INFO] %cDownload the React DevTools for a better development experience: https://react.dev/link/react-devtools font-weight:bold @ http://localhost:8080/_next/static/chunks/node_modules_next_dist_1e8vcs8._.js:776
[  509515ms] [LOG] [HMR] connected @ http://localhost:8080/_next/static/chunks/node_modules_next_dist_1e8vcs8._.js:776
[  511379ms] [INFO] %cDownload the React DevTools for a better development experience: https://react.dev/link/react-devtools font-weight:bold @ http://localhost:8080/_next/static/chunks/node_modules_next_dist_1e8vcs8._.js:776
[  511424ms] [LOG] [HMR] connected @ http://localhost:8080/_next/static/chunks/node_modules_next_dist_1e8vcs8._.js:776
[  512592ms] [INFO] %cDownload the React DevTools for a better development experience: https://react.dev/link/react-devtools font-weight:bold @ http://localhost:8080/_next/static/chunks/node_modules_next_dist_1e8vcs8._.js:776
[  512639ms] [LOG] [HMR] connected @ http://localhost:8080/_next/static/chunks/node_modules_next_dist_1e8vcs8._.js:776
[  513847ms] [INFO] %cDownload the React DevTools for a better development experience: https://react.dev/link/react-devtools font-weight:bold @ http://localhost:8080/_next/static/chunks/node_modules_next_dist_1e8vcs8._.js:776
[  513890ms] [LOG] [HMR] connected @ http://localhost:8080/_next/static/chunks/node_modules_next_dist_1e8vcs8._.js:776
[  515103ms] [INFO] %cDownload the React DevTools for a better development experience: https://react.dev/link/react-devtools font-weight:bold @ http://localhost:8080/_next/static/chunks/node_modules_next_dist_1e8vcs8._.js:776
[  515164ms] [LOG] [HMR] connected @ http://localhost:8080/_next/static/chunks/node_modules_next_dist_1e8vcs8._.js:776
[  516473ms] [INFO] %cDownload the React DevTools for a better development experience: https://react.dev/link/react-devtools font-weight:bold @ http://localhost:8080/_next/static/chunks/node_modules_next_dist_1e8vcs8._.js:776
[  516532ms] [LOG] [HMR] connected @ http://localhost:8080/_next/static/chunks/node_modules_next_dist_1e8vcs8._.js:776
[  516887ms] [WARNING] Image with src "/homepage/craft/craft-hero.jpg" was detected as the Largest Contentful Paint (LCP). Please add the `loading="eager"` property if this image is above the fold.
Read more: https://nextjs.org/docs/app/api-reference/components/image#loading @ http://localhost:8080/_next/static/chunks/node_modules_next_dist_1e8vcs8._.js:776
[  517814ms] [INFO] %cDownload the React DevTools for a better development experience: https://react.dev/link/react-devtools font-weight:bold @ http://localhost:8080/_next/static/chunks/node_modules_next_dist_1e8vcs8._.js:776
[  517851ms] [LOG] [HMR] connected @ http://localhost:8080/_next/static/chunks/node_modules_next_dist_1e8vcs8._.js:776
[  518248ms] [WARNING] Image with src "/homepage/campaigns/kala-hero.jpg" was detected as the Largest Contentful Paint (LCP). Please add the `loading="eager"` property if this image is above the fold.
Read more: https://nextjs.org/docs/app/api-reference/components/image#loading @ http://localhost:8080/_next/static/chunks/node_modules_next_dist_1e8vcs8._.js:776
[  518937ms] [INFO] %cDownload the React DevTools for a better development experience: https://react.dev/link/react-devtools font-weight:bold @ http://localhost:8080/_next/static/chunks/node_modules_next_dist_1e8vcs8._.js:776
[  518997ms] [LOG] [HMR] connected @ http://localhost:8080/_next/static/chunks/node_modules_next_dist_1e8vcs8._.js:776
[  520071ms] [INFO] %cDownload the React DevTools for a better development experience: https://react.dev/link/react-devtools font-weight:bold @ http://localhost:8080/_next/static/chunks/node_modules_next_dist_1e8vcs8._.js:776
[  520122ms] [LOG] [HMR] connected @ http://localhost:8080/_next/static/chunks/node_modules_next_dist_1e8vcs8._.js:776
[  521360ms] [INFO] %cDownload the React DevTools for a better development experience: https://react.dev/link/react-devtools font-weight:bold @ http://localhost:8080/_next/static/chunks/node_modules_next_dist_1e8vcs8._.js:776
[  521425ms] [LOG] [HMR] connected @ http://localhost:8080/_next/static/chunks/node_modules_next_dist_1e8vcs8._.js:776
[  522643ms] [INFO] %cDownload the React DevTools for a better development experience: https://react.dev/link/react-devtools font-weight:bold @ http://localhost:8080/_next/static/chunks/node_modules_next_dist_1e8vcs8._.js:776
[  522698ms] [LOG] [HMR] connected @ http://localhost:8080/_next/static/chunks/node_modules_next_dist_1e8vcs8._.js:776
[  524063ms] [INFO] %cDownload the React DevTools for a better development experience: https://react.dev/link/react-devtools font-weight:bold @ http://localhost:8080/_next/static/chunks/node_modules_next_dist_1e8vcs8._.js:776
[  524099ms] [LOG] [HMR] connected @ http://localhost:8080/_next/static/chunks/node_modules_next_dist_1e8vcs8._.js:776
[  524381ms] [WARNING] Image with src "/homepage/about/store-banner.jpg" was detected as the Largest Contentful Paint (LCP). Please add the `loading="eager"` property if this image is above the fold.
Read more: https://nextjs.org/docs/app/api-reference/components/image#loading @ http://localhost:8080/_next/static/chunks/node_modules_next_dist_1e8vcs8._.js:776
[  525216ms] [INFO] %cDownload the React DevTools for a better development experience: https://react.dev/link/react-devtools font-weight:bold @ http://localhost:8080/_next/static/chunks/node_modules_next_dist_1e8vcs8._.js:776
[  525267ms] [LOG] [HMR] connected @ http://localhost:8080/_next/static/chunks/node_modules_next_dist_1e8vcs8._.js:776
[  526741ms] [INFO] %cDownload the React DevTools for a better development experience: https://react.dev/link/react-devtools font-weight:bold @ http://localhost:8080/_next/static/chunks/node_modules_next_dist_1e8vcs8._.js:776
[  526804ms] [LOG] [HMR] connected @ http://localhost:8080/_next/static/chunks/node_modules_next_dist_1e8vcs8._.js:776
[  528205ms] [INFO] %cDownload the React DevTools for a better development experience: https://react.dev/link/react-devtools font-weight:bold @ http://localhost:8080/_next/static/chunks/node_modules_next_dist_1e8vcs8._.js:776
[  528262ms] [LOG] [HMR] connected @ http://localhost:8080/_next/static/chunks/node_modules_next_dist_1e8vcs8._.js:776
[  529345ms] [LOG] Running with experiment IDs: [106288168] @ https://maps.googleapis.com/maps-api-v3/api/js/66/7/main.js:311
[  589877ms] [LOG] [Fast Refresh] rebuilding @ http://localhost:8080/_next/static/chunks/node_modules_next_dist_1e8vcs8._.js:776
[  590656ms] [LOG] [Fast Refresh] done in 814ms @ http://localhost:8080/_next/static/chunks/node_modules_next_dist_1e8vcs8._.js:776
[  623074ms] [INFO] %cDownload the React DevTools for a better development experience: https://react.dev/link/react-devtools font-weight:bold @ http://localhost:8080/_next/static/chunks/node_modules_next_dist_1e8vcs8._.js:776
[  623100ms] [LOG] [HMR] connected @ http://localhost:8080/_next/static/chunks/node_modules_next_dist_1e8vcs8._.js:776
[  624389ms] [INFO] %cDownload the React DevTools for a better development experience: https://react.dev/link/react-devtools font-weight:bold @ http://localhost:8080/_next/static/chunks/node_modules_next_dist_1e8vcs8._.js:776
[  624438ms] [LOG] [HMR] connected @ http://localhost:8080/_next/static/chunks/node_modules_next_dist_1e8vcs8._.js:776
[  624710ms] [WARNING] Image with src "/homepage/craft/craft-banner-01.jpg" has "fill" prop and "sizes" prop of "100vw", but image is not rendered at full viewport width. Please adjust "sizes" to improve page performance. Read more: https://nextjs.org/docs/api-reference/next/image#sizes @ http://localhost:8080/_next/static/chunks/node_modules_next_dist_1e8vcs8._.js:776
[  624768ms] [WARNING] Image with src "/homepage/craft/craft-cat-01.jpg" has "fill" prop and "sizes" prop of "100vw", but image is not rendered at full viewport width. Please adjust "sizes" to improve page performance. Read more: https://nextjs.org/docs/api-reference/next/image#sizes @ http://localhost:8080/_next/static/chunks/node_modules_next_dist_1e8vcs8._.js:776
[  624786ms] [WARNING] Image with src "/homepage/craft/craft-hero.jpg" was detected as the Largest Contentful Paint (LCP). Please add the `loading="eager"` property if this image is above the fold.
Read more: https://nextjs.org/docs/app/api-reference/components/image#loading @ http://localhost:8080/_next/static/chunks/node_modules_next_dist_1e8vcs8._.js:776
[  624819ms] [WARNING] Image with src "/homepage/craft/craft-cat-02.jpg" has "fill" prop and "sizes" prop of "100vw", but image is not rendered at full viewport width. Please adjust "sizes" to improve page performance. Read more: https://nextjs.org/docs/api-reference/next/image#sizes @ http://localhost:8080/_next/static/chunks/node_modules_next_dist_1e8vcs8._.js:776
[  624857ms] [WARNING] Image with src "/homepage/craft/craft-cat-03.jpg" has "fill" prop and "sizes" prop of "100vw", but image is not rendered at full viewport width. Please adjust "sizes" to improve page performance. Read more: https://nextjs.org/docs/api-reference/next/image#sizes @ http://localhost:8080/_next/static/chunks/node_modules_next_dist_1e8vcs8._.js:776
[  624899ms] [WARNING] Image with src "/homepage/craft/craft-cat-04.jpg" has "fill" prop and "sizes" prop of "100vw", but image is not rendered at full viewport width. Please adjust "sizes" to improve page performance. Read more: https://nextjs.org/docs/api-reference/next/image#sizes @ http://localhost:8080/_next/static/chunks/node_modules_next_dist_1e8vcs8._.js:776
[  625570ms] [INFO] %cDownload the React DevTools for a better development experience: https://react.dev/link/react-devtools font-weight:bold @ http://localhost:8080/_next/static/chunks/node_modules_next_dist_1e8vcs8._.js:776
[  625626ms] [LOG] [HMR] connected @ http://localhost:8080/_next/static/chunks/node_modules_next_dist_1e8vcs8._.js:776
[  626606ms] [WARNING] Image with src "/homepage/campaigns/awadh-hero-mob.jpg" has "fill" prop and "sizes" prop of "100vw", but image is not rendered at full viewport width. Please adjust "sizes" to improve page performance. Read more: https://nextjs.org/docs/api-reference/next/image#sizes @ http://localhost:8080/_next/static/chunks/node_modules_next_dist_1e8vcs8._.js:776
[  627700ms] [INFO] %cDownload the React DevTools for a better development experience: https://react.dev/link/react-devtools font-weight:bold @ http://localhost:8080/_next/static/chunks/node_modules_next_dist_1e8vcs8._.js:776
[  627737ms] [LOG] [HMR] connected @ http://localhost:8080/_next/static/chunks/node_modules_next_dist_1e8vcs8._.js:776
[  628064ms] [WARNING] Image with src "/homepage/about/store-banner.jpg" was detected as the Largest Contentful Paint (LCP). Please add the `loading="eager"` property if this image is above the fold.
Read more: https://nextjs.org/docs/app/api-reference/components/image#loading @ http://localhost:8080/_next/static/chunks/node_modules_next_dist_1e8vcs8._.js:776
[  628924ms] [INFO] %cDownload the React DevTools for a better development experience: https://react.dev/link/react-devtools font-weight:bold @ http://localhost:8080/_next/static/chunks/node_modules_next_dist_1e8vcs8._.js:776
[  628992ms] [LOG] [HMR] connected @ http://localhost:8080/_next/static/chunks/node_modules_next_dist_1e8vcs8._.js:776
[  630066ms] [INFO] %cDownload the React DevTools for a better development experience: https://react.dev/link/react-devtools font-weight:bold @ http://localhost:8080/_next/static/chunks/node_modules_next_dist_1e8vcs8._.js:776
[  630114ms] [LOG] [HMR] connected @ http://localhost:8080/_next/static/chunks/node_modules_next_dist_1e8vcs8._.js:776
[  632232ms] [INFO] %cDownload the React DevTools for a better development experience: https://react.dev/link/react-devtools font-weight:bold @ http://localhost:8080/_next/static/chunks/node_modules_next_dist_1e8vcs8._.js:776
[  632278ms] [LOG] [HMR] connected @ http://localhost:8080/_next/static/chunks/node_modules_next_dist_1e8vcs8._.js:776
[  633410ms] [INFO] %cDownload the React DevTools for a better development experience: https://react.dev/link/react-devtools font-weight:bold @ http://localhost:8080/_next/static/chunks/node_modules_next_dist_1e8vcs8._.js:776
[  633464ms] [LOG] [HMR] connected @ http://localhost:8080/_next/static/chunks/node_modules_next_dist_1e8vcs8._.js:776
[  633865ms] [WARNING] Image with src "/homepage/featured/gifts-hero.jpg" was detected as the Largest Contentful Paint (LCP). Please add the `loading="eager"` property if this image is above the fold.
Read more: https://nextjs.org/docs/app/api-reference/components/image#loading @ http://localhost:8080/_next/static/chunks/node_modules_next_dist_1e8vcs8._.js:776
[  634818ms] [INFO] %cDownload the React DevTools for a better development experience: https://react.dev/link/react-devtools font-weight:bold @ http://localhost:8080/_next/static/chunks/node_modules_next_dist_1e8vcs8._.js:776
[  634865ms] [LOG] [HMR] connected @ http://localhost:8080/_next/static/chunks/node_modules_next_dist_1e8vcs8._.js:776
[  636048ms] [INFO] %cDownload the React DevTools for a better development experience: https://react.dev/link/react-devtools font-weight:bold @ http://localhost:8080/_next/static/chunks/node_modules_next_dist_1e8vcs8._.js:776
[  636129ms] [LOG] [HMR] connected @ http://localhost:8080/_next/static/chunks/node_modules_next_dist_1e8vcs8._.js:776
[  637186ms] [INFO] %cDownload the React DevTools for a better development experience: https://react.dev/link/react-devtools font-weight:bold @ http://localhost:8080/_next/static/chunks/node_modules_next_dist_1e8vcs8._.js:776
[  637230ms] [LOG] [HMR] connected @ http://localhost:8080/_next/static/chunks/node_modules_next_dist_1e8vcs8._.js:776
[  637613ms] [WARNING] Image with src "/homepage/campaigns/kala-hero.jpg" was detected as the Largest Contentful Paint (LCP). Please add the `loading="eager"` property if this image is above the fold.
Read more: https://nextjs.org/docs/app/api-reference/components/image#loading @ http://localhost:8080/_next/static/chunks/node_modules_next_dist_1e8vcs8._.js:776
[  638252ms] [INFO] %cDownload the React DevTools for a better development experience: https://react.dev/link/react-devtools font-weight:bold @ http://localhost:8080/_next/static/chunks/node_modules_next_dist_1e8vcs8._.js:776
[  638327ms] [LOG] [HMR] connected @ http://localhost:8080/_next/static/chunks/node_modules_next_dist_1e8vcs8._.js:776
[  639676ms] [INFO] %cDownload the React DevTools for a better development experience: https://react.dev/link/react-devtools font-weight:bold @ http://localhost:8080/_next/static/chunks/node_modules_next_dist_1e8vcs8._.js:776
[  639734ms] [LOG] [HMR] connected @ http://localhost:8080/_next/static/chunks/node_modules_next_dist_1e8vcs8._.js:776
[  640847ms] [INFO] %cDownload the React DevTools for a better development experience: https://react.dev/link/react-devtools font-weight:bold @ http://localhost:8080/_next/static/chunks/node_modules_next_dist_1e8vcs8._.js:776
[  640899ms] [LOG] [HMR] connected @ http://localhost:8080/_next/static/chunks/node_modules_next_dist_1e8vcs8._.js:776
[  641236ms] [WARNING] Image with src "/homepage/about/story-banner.jpg" was detected as the Largest Contentful Paint (LCP). Please add the `loading="eager"` property if this image is above the fold.
Read more: https://nextjs.org/docs/app/api-reference/components/image#loading @ http://localhost:8080/_next/static/chunks/node_modules_next_dist_1e8vcs8._.js:776
[  641904ms] [INFO] %cDownload the React DevTools for a better development experience: https://react.dev/link/react-devtools font-weight:bold @ http://localhost:8080/_next/static/chunks/node_modules_next_dist_1e8vcs8._.js:776
[  641951ms] [LOG] [HMR] connected @ http://localhost:8080/_next/static/chunks/node_modules_next_dist_1e8vcs8._.js:776
[  642970ms] [INFO] %cDownload the React DevTools for a better development experience: https://react.dev/link/react-devtools font-weight:bold @ http://localhost:8080/_next/static/chunks/node_modules_next_dist_1e8vcs8._.js:776
[  643021ms] [LOG] [HMR] connected @ http://localhost:8080/_next/static/chunks/node_modules_next_dist_1e8vcs8._.js:776
[  644079ms] [INFO] %cDownload the React DevTools for a better development experience: https://react.dev/link/react-devtools font-weight:bold @ http://localhost:8080/_next/static/chunks/node_modules_next_dist_1e8vcs8._.js:776
[  644126ms] [LOG] [HMR] connected @ http://localhost:8080/_next/static/chunks/node_modules_next_dist_1e8vcs8._.js:776
[  645320ms] [INFO] %cDownload the React DevTools for a better development experience: https://react.dev/link/react-devtools font-weight:bold @ http://localhost:8080/_next/static/chunks/node_modules_next_dist_1e8vcs8._.js:776
[  645376ms] [LOG] [HMR] connected @ http://localhost:8080/_next/static/chunks/node_modules_next_dist_1e8vcs8._.js:776
[  646431ms] [INFO] %cDownload the React DevTools for a better development experience: https://react.dev/link/react-devtools font-weight:bold @ http://localhost:8080/_next/static/chunks/node_modules_next_dist_1e8vcs8._.js:776
[  646477ms] [LOG] [HMR] connected @ http://localhost:8080/_next/static/chunks/node_modules_next_dist_1e8vcs8._.js:776
[  647524ms] [INFO] %cDownload the React DevTools for a better development experience: https://react.dev/link/react-devtools font-weight:bold @ http://localhost:8080/_next/static/chunks/node_modules_next_dist_1e8vcs8._.js:776
[  647573ms] [LOG] [HMR] connected @ http://localhost:8080/_next/static/chunks/node_modules_next_dist_1e8vcs8._.js:776
[  648676ms] [WARNING] Image with src "/homepage/featured/zarkashi-01.jpg" was detected as the Largest Contentful Paint (LCP). Please add the `loading="eager"` property if this image is above the fold.
Read more: https://nextjs.org/docs/app/api-reference/components/image#loading @ http://localhost:8080/_next/static/chunks/node_modules_next_dist_1e8vcs8._.js:776
[  649510ms] [INFO] %cDownload the React DevTools for a better development experience: https://react.dev/link/react-devtools font-weight:bold @ http://localhost:8080/_next/static/chunks/node_modules_next_dist_1e8vcs8._.js:776
[  649597ms] [LOG] [HMR] connected @ http://localhost:8080/_next/static/chunks/node_modules_next_dist_1e8vcs8._.js:776
[  651397ms] [INFO] %cDownload the React DevTools for a better development experience: https://react.dev/link/react-devtools font-weight:bold @ http://localhost:8080/_next/static/chunks/node_modules_next_dist_1e8vcs8._.js:776
[  651826ms] [LOG] [HMR] connected @ http://localhost:8080/_next/static/chunks/node_modules_next_dist_1e8vcs8._.js:776
[  653488ms] [INFO] %cDownload the React DevTools for a better development experience: https://react.dev/link/react-devtools font-weight:bold @ http://localhost:8080/_next/static/chunks/node_modules_next_dist_1e8vcs8._.js:776
[  653608ms] [LOG] [HMR] connected @ http://localhost:8080/_next/static/chunks/node_modules_next_dist_1e8vcs8._.js:776
[  656166ms] [INFO] %cDownload the React DevTools for a better development experience: https://react.dev/link/react-devtools font-weight:bold @ http://localhost:8080/_next/static/chunks/node_modules_next_dist_1e8vcs8._.js:776
[  656244ms] [LOG] [HMR] connected @ http://localhost:8080/_next/static/chunks/node_modules_next_dist_1e8vcs8._.js:776
[  657770ms] [INFO] %cDownload the React DevTools for a better development experience: https://react.dev/link/react-devtools font-weight:bold @ http://localhost:8080/_next/static/chunks/node_modules_next_dist_1e8vcs8._.js:776
[  657833ms] [LOG] [HMR] connected @ http://localhost:8080/_next/static/chunks/node_modules_next_dist_1e8vcs8._.js:776
[  658914ms] [INFO] %cDownload the React DevTools for a better development experience: https://react.dev/link/react-devtools font-weight:bold @ http://localhost:8080/_next/static/chunks/node_modules_next_dist_1e8vcs8._.js:776
[  658969ms] [LOG] [HMR] connected @ http://localhost:8080/_next/static/chunks/node_modules_next_dist_1e8vcs8._.js:776
[  660054ms] [INFO] %cDownload the React DevTools for a better development experience: https://react.dev/link/react-devtools font-weight:bold @ http://localhost:8080/_next/static/chunks/node_modules_next_dist_1e8vcs8._.js:776
[  660112ms] [LOG] [HMR] connected @ http://localhost:8080/_next/static/chunks/node_modules_next_dist_1e8vcs8._.js:776
[  661041ms] [VERBOSE] [DOM] Input elements should have autocomplete attributes (suggested: "current-password"): (More info: https://goo.gl/9p2vKq) %o @ http://localhost:8080/account:0
[  661059ms] [INFO] %cDownload the React DevTools for a better development experience: https://react.dev/link/react-devtools font-weight:bold @ http://localhost:8080/_next/static/chunks/node_modules_next_dist_1e8vcs8._.js:776
[  661092ms] [LOG] [HMR] connected @ http://localhost:8080/_next/static/chunks/node_modules_next_dist_1e8vcs8._.js:776
[  662548ms] [INFO] %cDownload the React DevTools for a better development experience: https://react.dev/link/react-devtools font-weight:bold @ http://localhost:8080/_next/static/chunks/node_modules_next_dist_1e8vcs8._.js:776
[  662601ms] [LOG] [HMR] connected @ http://localhost:8080/_next/static/chunks/node_modules_next_dist_1e8vcs8._.js:776
[  699042ms] [LOG] [Fast Refresh] rebuilding @ http://localhost:8080/_next/static/chunks/node_modules_next_dist_1e8vcs8._.js:776
[  699383ms] [LOG] [Fast Refresh] done in 437ms @ http://localhost:8080/_next/static/chunks/node_modules_next_dist_1e8vcs8._.js:776
[  723058ms] [LOG] [Fast Refresh] rebuilding @ http://localhost:8080/_next/static/chunks/node_modules_next_dist_1e8vcs8._.js:776
[  723671ms] [LOG] [Fast Refresh] done in 610ms @ http://localhost:8080/_next/static/chunks/node_modules_next_dist_1e8vcs8._.js:776
[  740116ms] [LOG] [Fast Refresh] done in 610ms @ http://localhost:8080/_next/static/chunks/node_modules_next_dist_1e8vcs8._.js:776
[  740507ms] [INFO] %cDownload the React DevTools for a better development experience: https://react.dev/link/react-devtools font-weight:bold @ http://localhost:8080/_next/static/chunks/node_modules_next_dist_1e8vcs8._.js:776
[  740555ms] [LOG] [HMR] connected @ http://localhost:8080/_next/static/chunks/node_modules_next_dist_1e8vcs8._.js:776
[  741599ms] [INFO] %cDownload the React DevTools for a better development experience: https://react.dev/link/react-devtools font-weight:bold @ http://localhost:8080/_next/static/chunks/node_modules_next_dist_1e8vcs8._.js:776
[  741677ms] [LOG] [HMR] connected @ http://localhost:8080/_next/static/chunks/node_modules_next_dist_1e8vcs8._.js:776
[  741982ms] [WARNING] Image with src "/homepage/craft/craft-hero.jpg" was detected as the Largest Contentful Paint (LCP). Please add the `loading="eager"` property if this image is above the fold.
Read more: https://nextjs.org/docs/app/api-reference/components/image#loading @ http://localhost:8080/_next/static/chunks/node_modules_next_dist_1e8vcs8._.js:776
[  742793ms] [INFO] %cDownload the React DevTools for a better development experience: https://react.dev/link/react-devtools font-weight:bold @ http://localhost:8080/_next/static/chunks/node_modules_next_dist_1e8vcs8._.js:776
[  742868ms] [LOG] [HMR] connected @ http://localhost:8080/_next/static/chunks/node_modules_next_dist_1e8vcs8._.js:776
[  743138ms] [WARNING] Image with src "/homepage/campaigns/awadh-hero-mob.jpg" has "fill" prop and "sizes" prop of "100vw", but image is not rendered at full viewport width. Please adjust "sizes" to improve page performance. Read more: https://nextjs.org/docs/api-reference/next/image#sizes @ http://localhost:8080/_next/static/chunks/node_modules_next_dist_1e8vcs8._.js:776
[  743904ms] [INFO] %cDownload the React DevTools for a better development experience: https://react.dev/link/react-devtools font-weight:bold @ http://localhost:8080/_next/static/chunks/node_modules_next_dist_1e8vcs8._.js:776
[  743945ms] [LOG] [HMR] connected @ http://localhost:8080/_next/static/chunks/node_modules_next_dist_1e8vcs8._.js:776
[  744212ms] [WARNING] Image with src "/homepage/about/store-banner.jpg" was detected as the Largest Contentful Paint (LCP). Please add the `loading="eager"` property if this image is above the fold.
Read more: https://nextjs.org/docs/app/api-reference/components/image#loading @ http://localhost:8080/_next/static/chunks/node_modules_next_dist_1e8vcs8._.js:776
[  744951ms] [INFO] %cDownload the React DevTools for a better development experience: https://react.dev/link/react-devtools font-weight:bold @ http://localhost:8080/_next/static/chunks/node_modules_next_dist_1e8vcs8._.js:776
[  744989ms] [LOG] [HMR] connected @ http://localhost:8080/_next/static/chunks/node_modules_next_dist_1e8vcs8._.js:776
[  745432ms] [WARNING] Image with src "/homepage/featured/bridal-amrita-hero.jpg" was detected as the Largest Contentful Paint (LCP). Please add the `loading="eager"` property if this image is above the fold.
Read more: https://nextjs.org/docs/app/api-reference/components/image#loading @ http://localhost:8080/_next/static/chunks/node_modules_next_dist_1e8vcs8._.js:776
[  745978ms] [INFO] %cDownload the React DevTools for a better development experience: https://react.dev/link/react-devtools font-weight:bold @ http://localhost:8080/_next/static/chunks/node_modules_next_dist_1e8vcs8._.js:776
[  746028ms] [LOG] [HMR] connected @ http://localhost:8080/_next/static/chunks/node_modules_next_dist_1e8vcs8._.js:776
[  747621ms] [INFO] %cDownload the React DevTools for a better development experience: https://react.dev/link/react-devtools font-weight:bold @ http://localhost:8080/_next/static/chunks/node_modules_next_dist_1e8vcs8._.js:776
[  747654ms] [LOG] [HMR] connected @ http://localhost:8080/_next/static/chunks/node_modules_next_dist_1e8vcs8._.js:776
[  748812ms] [INFO] %cDownload the React DevTools for a better development experience: https://react.dev/link/react-devtools font-weight:bold @ http://localhost:8080/_next/static/chunks/node_modules_next_dist_1e8vcs8._.js:776
[  748881ms] [LOG] [HMR] connected @ http://localhost:8080/_next/static/chunks/node_modules_next_dist_1e8vcs8._.js:776
[  749221ms] [WARNING] Image with src "/homepage/featured/gifts-hero.jpg" was detected as the Largest Contentful Paint (LCP). Please add the `loading="eager"` property if this image is above the fold.
Read more: https://nextjs.org/docs/app/api-reference/components/image#loading @ http://localhost:8080/_next/static/chunks/node_modules_next_dist_1e8vcs8._.js:776
[  750129ms] [INFO] %cDownload the React DevTools for a better development experience: https://react.dev/link/react-devtools font-weight:bold @ http://localhost:8080/_next/static/chunks/node_modules_next_dist_1e8vcs8._.js:776
[  750198ms] [LOG] [HMR] connected @ http://localhost:8080/_next/static/chunks/node_modules_next_dist_1e8vcs8._.js:776
[  751673ms] [INFO] %cDownload the React DevTools for a better development experience: https://react.dev/link/react-devtools font-weight:bold @ http://localhost:8080/_next/static/chunks/node_modules_next_dist_1e8vcs8._.js:776
[  751754ms] [LOG] [HMR] connected @ http://localhost:8080/_next/static/chunks/node_modules_next_dist_1e8vcs8._.js:776
[  753064ms] [INFO] %cDownload the React DevTools for a better development experience: https://react.dev/link/react-devtools font-weight:bold @ http://localhost:8080/_next/static/chunks/node_modules_next_dist_1e8vcs8._.js:776
[  753151ms] [LOG] [HMR] connected @ http://localhost:8080/_next/static/chunks/node_modules_next_dist_1e8vcs8._.js:776
[  754427ms] [INFO] %cDownload the React DevTools for a better development experience: https://react.dev/link/react-devtools font-weight:bold @ http://localhost:8080/_next/static/chunks/node_modules_next_dist_1e8vcs8._.js:776
[  754475ms] [LOG] [HMR] connected @ http://localhost:8080/_next/static/chunks/node_modules_next_dist_1e8vcs8._.js:776
[  755447ms] [INFO] %cDownload the React DevTools for a better development experience: https://react.dev/link/react-devtools font-weight:bold @ http://localhost:8080/_next/static/chunks/node_modules_next_dist_1e8vcs8._.js:776
[  755493ms] [LOG] [HMR] connected @ http://localhost:8080/_next/static/chunks/node_modules_next_dist_1e8vcs8._.js:776
[  756448ms] [INFO] %cDownload the React DevTools for a better development experience: https://react.dev/link/react-devtools font-weight:bold @ http://localhost:8080/_next/static/chunks/node_modules_next_dist_1e8vcs8._.js:776
[  756515ms] [LOG] [HMR] connected @ http://localhost:8080/_next/static/chunks/node_modules_next_dist_1e8vcs8._.js:776
[  757505ms] [INFO] %cDownload the React DevTools for a better development experience: https://react.dev/link/react-devtools font-weight:bold @ http://localhost:8080/_next/static/chunks/node_modules_next_dist_1e8vcs8._.js:776
[  757557ms] [LOG] [HMR] connected @ http://localhost:8080/_next/static/chunks/node_modules_next_dist_1e8vcs8._.js:776
[  758571ms] [INFO] %cDownload the React DevTools for a better development experience: https://react.dev/link/react-devtools font-weight:bold @ http://localhost:8080/_next/static/chunks/node_modules_next_dist_1e8vcs8._.js:776
[  758624ms] [LOG] [HMR] connected @ http://localhost:8080/_next/static/chunks/node_modules_next_dist_1e8vcs8._.js:776
[  759650ms] [INFO] %cDownload the React DevTools for a better development experience: https://react.dev/link/react-devtools font-weight:bold @ http://localhost:8080/_next/static/chunks/node_modules_next_dist_1e8vcs8._.js:776
[  759714ms] [LOG] [HMR] connected @ http://localhost:8080/_next/static/chunks/node_modules_next_dist_1e8vcs8._.js:776
[  760818ms] [INFO] %cDownload the React DevTools for a better development experience: https://react.dev/link/react-devtools font-weight:bold @ http://localhost:8080/_next/static/chunks/node_modules_next_dist_1e8vcs8._.js:776
[  760874ms] [LOG] [HMR] connected @ http://localhost:8080/_next/static/chunks/node_modules_next_dist_1e8vcs8._.js:776
[  761692ms] [INFO] %cDownload the React DevTools for a better development experience: https://react.dev/link/react-devtools font-weight:bold @ http://localhost:8080/_next/static/chunks/node_modules_next_dist_1e8vcs8._.js:776
[  761717ms] [LOG] [HMR] connected @ http://localhost:8080/_next/static/chunks/node_modules_next_dist_1e8vcs8._.js:776
[  762564ms] [INFO] %cDownload the React DevTools for a better development experience: https://react.dev/link/react-devtools font-weight:bold @ http://localhost:8080/_next/static/chunks/node_modules_next_dist_1e8vcs8._.js:776
[  762598ms] [LOG] [HMR] connected @ http://localhost:8080/_next/static/chunks/node_modules_next_dist_1e8vcs8._.js:776
[  763093ms] [WARNING] Image with src "/homepage/featured/zarkashi-01.jpg" was detected as the Largest Contentful Paint (LCP). Please add the `loading="eager"` property if this image is above the fold.
Read more: https://nextjs.org/docs/app/api-reference/components/image#loading @ http://localhost:8080/_next/static/chunks/node_modules_next_dist_1e8vcs8._.js:776
[  764335ms] [INFO] %cDownload the React DevTools for a better development experience: https://react.dev/link/react-devtools font-weight:bold @ http://localhost:8080/_next/static/chunks/node_modules_next_dist_1e8vcs8._.js:776
[  764385ms] [LOG] [HMR] connected @ http://localhost:8080/_next/static/chunks/node_modules_next_dist_1e8vcs8._.js:776
[  766045ms] [INFO] %cDownload the React DevTools for a better development experience: https://react.dev/link/react-devtools font-weight:bold @ http://localhost:8080/_next/static/chunks/node_modules_next_dist_1e8vcs8._.js:776
[  766112ms] [LOG] [HMR] connected @ http://localhost:8080/_next/static/chunks/node_modules_next_dist_1e8vcs8._.js:776
[  767237ms] [INFO] %cDownload the React DevTools for a better development experience: https://react.dev/link/react-devtools font-weight:bold @ http://localhost:8080/_next/static/chunks/node_modules_next_dist_1e8vcs8._.js:776
[  767302ms] [LOG] [HMR] connected @ http://localhost:8080/_next/static/chunks/node_modules_next_dist_1e8vcs8._.js:776
[  769193ms] [INFO] %cDownload the React DevTools for a better development experience: https://react.dev/link/react-devtools font-weight:bold @ http://localhost:8080/_next/static/chunks/node_modules_next_dist_1e8vcs8._.js:776
[  769249ms] [LOG] [HMR] connected @ http://localhost:8080/_next/static/chunks/node_modules_next_dist_1e8vcs8._.js:776
[  770510ms] [INFO] %cDownload the React DevTools for a better development experience: https://react.dev/link/react-devtools font-weight:bold @ http://localhost:8080/_next/static/chunks/node_modules_next_dist_1e8vcs8._.js:776
[  770575ms] [LOG] [HMR] connected @ http://localhost:8080/_next/static/chunks/node_modules_next_dist_1e8vcs8._.js:776
[  771535ms] [INFO] %cDownload the React DevTools for a better development experience: https://react.dev/link/react-devtools font-weight:bold @ http://localhost:8080/_next/static/chunks/node_modules_next_dist_1e8vcs8._.js:776
[  771586ms] [LOG] [HMR] connected @ http://localhost:8080/_next/static/chunks/node_modules_next_dist_1e8vcs8._.js:776
[  772505ms] [INFO] %cDownload the React DevTools for a better development experience: https://react.dev/link/react-devtools font-weight:bold @ http://localhost:8080/_next/static/chunks/node_modules_next_dist_1e8vcs8._.js:776
[  772551ms] [LOG] [HMR] connected @ http://localhost:8080/_next/static/chunks/node_modules_next_dist_1e8vcs8._.js:776
[  773444ms] [VERBOSE] [DOM] Input elements should have autocomplete attributes (suggested: "current-password"): (More info: https://goo.gl/9p2vKq) %o @ http://localhost:8080/account:0
[  773482ms] [INFO] %cDownload the React DevTools for a better development experience: https://react.dev/link/react-devtools font-weight:bold @ http://localhost:8080/_next/static/chunks/node_modules_next_dist_1e8vcs8._.js:776
[  773543ms] [LOG] [HMR] connected @ http://localhost:8080/_next/static/chunks/node_modules_next_dist_1e8vcs8._.js:776
[  775088ms] [INFO] %cDownload the React DevTools for a better development experience: https://react.dev/link/react-devtools font-weight:bold @ http://localhost:8080/_next/static/chunks/node_modules_next_dist_1e8vcs8._.js:776
[  775122ms] [LOG] [HMR] connected @ http://localhost:8080/_next/static/chunks/node_modules_next_dist_1e8vcs8._.js:776
[  830953ms] [LOG] [Fast Refresh] rebuilding @ http://localhost:8080/_next/static/chunks/node_modules_next_dist_1e8vcs8._.js:776
[  831133ms] [LOG] [Fast Refresh] done in 294ms @ http://localhost:8080/_next/static/chunks/node_modules_next_dist_1e8vcs8._.js:776
[  871713ms] [LOG] [Fast Refresh] rebuilding @ http://localhost:8080/_next/static/chunks/node_modules_next_dist_1e8vcs8._.js:776
[  871779ms] [LOG] [Fast Refresh] done in 117ms @ http://localhost:8080/_next/static/chunks/node_modules_next_dist_1e8vcs8._.js:776
[  871836ms] [LOG] [Fast Refresh] done in 117ms @ http://localhost:8080/_next/static/chunks/node_modules_next_dist_1e8vcs8._.js:776
[  872359ms] ReferenceError: PageHead is not defined
    at SearchPage (about://React/Server/file:///C:/TILFI_COPY/rajraani/.next/dev/server/chunks/ssr/%255Broot-of-the-server%255D__215vmjr._.js?id=%255Bproject%255D/src/app/(storefront)/search/page.tsx+%255Bapp-rsc%255D+(ecmascript)?52:33:273)
    at resolveErrorDev (http://localhost:8080/_next/static/chunks/node_modules_next_dist_compiled_react-server-dom-turbopack_164kp-6._.js:1937:150)
    at processFullStringRow (http://localhost:8080/_next/static/chunks/node_modules_next_dist_compiled_react-server-dom-turbopack_164kp-6._.js:2456:29)
    at processFullBinaryRow (http://localhost:8080/_next/static/chunks/node_modules_next_dist_compiled_react-server-dom-turbopack_164kp-6._.js:2415:9)
    at processBinaryChunk (http://localhost:8080/_next/static/chunks/node_modules_next_dist_compiled_react-server-dom-turbopack_164kp-6._.js:2524:221)
    at progress (http://localhost:8080/_next/static/chunks/node_modules_next_dist_compiled_react-server-dom-turbopack_164kp-6._.js:2711:13)
[  923092ms] [LOG] [Fast Refresh] rebuilding @ http://localhost:8080/_next/static/chunks/node_modules_next_dist_1e8vcs8._.js:776
[  923864ms] [LOG] [Fast Refresh] done in 752ms @ http://localhost:8080/_next/static/chunks/node_modules_next_dist_1e8vcs8._.js:776
[  924152ms] [ERROR] Failed to load resource: the server responded with a status of 500 (Internal Server Error) @ http://localhost:8080/search?q=silk:0
[  924367ms] [INFO] %cDownload the React DevTools for a better development experience: https://react.dev/link/react-devtools font-weight:bold @ http://localhost:8080/_next/static/chunks/node_modules_next_dist_1e8vcs8._.js:776
[  924438ms] [LOG] [HMR] connected @ http://localhost:8080/_next/static/chunks/node_modules_next_dist_1e8vcs8._.js:776
[  924641ms] ReferenceError: PageHead is not defined
    at SearchPage (about://React/Server/file:///C:/TILFI_COPY/rajraani/.next/dev/server/chunks/ssr/%255Broot-of-the-server%255D__215vmjr._.js?id=%255Bproject%255D/src/app/(storefront)/search/page.tsx+%255Bapp-rsc%255D+(ecmascript)?0:33:273)
    at resolveErrorDev (http://localhost:8080/_next/static/chunks/node_modules_next_dist_compiled_react-server-dom-turbopack_164kp-6._.js:1937:105)
    at processFullStringRow (http://localhost:8080/_next/static/chunks/node_modules_next_dist_compiled_react-server-dom-turbopack_164kp-6._.js:2456:29)
    at processFullBinaryRow (http://localhost:8080/_next/static/chunks/node_modules_next_dist_compiled_react-server-dom-turbopack_164kp-6._.js:2415:9)
    at processBinaryChunk (http://localhost:8080/_next/static/chunks/node_modules_next_dist_compiled_react-server-dom-turbopack_164kp-6._.js:2524:221)
    at progress (http://localhost:8080/_next/static/chunks/node_modules_next_dist_compiled_react-server-dom-turbopack_164kp-6._.js:2711:13)
[  931324ms] [LOG] [Fast Refresh] rebuilding @ http://localhost:8080/_next/static/chunks/node_modules_next_dist_1e8vcs8._.js:776
[  931525ms] [LOG] [Fast Refresh] done in 304ms @ http://localhost:8080/_next/static/chunks/node_modules_next_dist_1e8vcs8._.js:776
[  997588ms] [LOG] [Fast Refresh] rebuilding @ http://localhost:8080/_next/static/chunks/node_modules_next_dist_1e8vcs8._.js:776
[  998145ms] [LOG] [Fast Refresh] done in 544ms @ http://localhost:8080/_next/static/chunks/node_modules_next_dist_1e8vcs8._.js:776
[  999092ms] [INFO] %cDownload the React DevTools for a better development experience: https://react.dev/link/react-devtools font-weight:bold @ http://localhost:8080/_next/static/chunks/node_modules_next_dist_1e8vcs8._.js:776
[  999159ms] [LOG] [HMR] connected @ http://localhost:8080/_next/static/chunks/node_modules_next_dist_1e8vcs8._.js:776
[ 1016451ms] [LOG] [Fast Refresh] rebuilding @ http://localhost:8080/_next/static/chunks/node_modules_next_dist_1e8vcs8._.js:776
[ 1016584ms] [LOG] [Fast Refresh] done in 246ms @ http://localhost:8080/_next/static/chunks/node_modules_next_dist_1e8vcs8._.js:776
[ 1067770ms] [LOG] [Fast Refresh] rebuilding @ http://localhost:8080/_next/static/chunks/node_modules_next_dist_1e8vcs8._.js:776
[ 1068086ms] [LOG] [Fast Refresh] done in 285ms @ http://localhost:8080/_next/static/chunks/node_modules_next_dist_1e8vcs8._.js:776
[ 1093201ms] [LOG] [Fast Refresh] rebuilding @ http://localhost:8080/_next/static/chunks/node_modules_next_dist_1e8vcs8._.js:776
[ 1094685ms] [LOG] [Fast Refresh] done in 1551ms @ http://localhost:8080/_next/static/chunks/node_modules_next_dist_1e8vcs8._.js:776
[ 1109420ms] [LOG] [Fast Refresh] done in 1551ms @ http://localhost:8080/_next/static/chunks/node_modules_next_dist_1e8vcs8._.js:776
[ 1110006ms] [INFO] %cDownload the React DevTools for a better development experience: https://react.dev/link/react-devtools font-weight:bold @ http://localhost:8080/_next/static/chunks/node_modules_next_dist_1e8vcs8._.js:776
[ 1110082ms] [LOG] [HMR] connected @ http://localhost:8080/_next/static/chunks/node_modules_next_dist_1e8vcs8._.js:776
[ 1111370ms] [WARNING] Image with src "/homepage/about/story-banner.jpg" was detected as the Largest Contentful Paint (LCP). Please add the `loading="eager"` property if this image is above the fold.
Read more: https://nextjs.org/docs/app/api-reference/components/image#loading @ http://localhost:8080/_next/static/chunks/node_modules_next_dist_1e8vcs8._.js:776
[ 1118414ms] [INFO] %cDownload the React DevTools for a better development experience: https://react.dev/link/react-devtools font-weight:bold @ http://localhost:8080/_next/static/chunks/node_modules_next_dist_1e8vcs8._.js:776
[ 1118455ms] [LOG] [HMR] connected @ http://localhost:8080/_next/static/chunks/node_modules_next_dist_1e8vcs8._.js:776
[ 1118805ms] [WARNING] Image with src "/homepage/campaigns/kala-hero.jpg" was detected as the Largest Contentful Paint (LCP). Please add the `loading="eager"` property if this image is above the fold.
Read more: https://nextjs.org/docs/app/api-reference/components/image#loading @ http://localhost:8080/_next/static/chunks/node_modules_next_dist_1e8vcs8._.js:776
[ 1125891ms] [INFO] %cDownload the React DevTools for a better development experience: https://react.dev/link/react-devtools font-weight:bold @ http://localhost:8080/_next/static/chunks/node_modules_next_dist_1e8vcs8._.js:776
[ 1125947ms] [LOG] [HMR] connected @ http://localhost:8080/_next/static/chunks/node_modules_next_dist_1e8vcs8._.js:776
[ 1130764ms] [INFO] %cDownload the React DevTools for a better development experience: https://react.dev/link/react-devtools font-weight:bold @ http://localhost:8080/_next/static/chunks/node_modules_next_dist_1e8vcs8._.js:776
[ 1130799ms] [LOG] [HMR] connected @ http://localhost:8080/_next/static/chunks/node_modules_next_dist_1e8vcs8._.js:776
[ 1161234ms] [INFO] %cDownload the React DevTools for a better development experience: https://react.dev/link/react-devtools font-weight:bold @ http://localhost:8080/_next/static/chunks/node_modules_next_dist_1e8vcs8._.js:776
[ 1161273ms] [LOG] [HMR] connected @ http://localhost:8080/_next/static/chunks/node_modules_next_dist_1e8vcs8._.js:776
[ 1161589ms] [WARNING] Image with src "/homepage/campaigns/kala-hero.jpg" was detected as the Largest Contentful Paint (LCP). Please add the `loading="eager"` property if this image is above the fold.
Read more: https://nextjs.org/docs/app/api-reference/components/image#loading @ http://localhost:8080/_next/static/chunks/node_modules_next_dist_1e8vcs8._.js:776
[ 1246130ms] [LOG] [Fast Refresh] rebuilding @ http://localhost:8080/_next/static/chunks/node_modules_next_dist_1e8vcs8._.js:776
[ 1246939ms] [LOG] [Fast Refresh] done in 890ms @ http://localhost:8080/_next/static/chunks/node_modules_next_dist_1e8vcs8._.js:776
[ 1251215ms] [LOG] [Fast Refresh] rebuilding @ http://localhost:8080/_next/static/chunks/node_modules_next_dist_1e8vcs8._.js:776
[ 1251341ms] [LOG] [Fast Refresh] done in 226ms @ http://localhost:8080/_next/static/chunks/node_modules_next_dist_1e8vcs8._.js:776
[ 1266818ms] [INFO] %cDownload the React DevTools for a better development experience: https://react.dev/link/react-devtools font-weight:bold @ http://localhost:8080/_next/static/chunks/node_modules_next_dist_1e8vcs8._.js:776
[ 1266878ms] [LOG] [HMR] connected @ http://localhost:8080/_next/static/chunks/node_modules_next_dist_1e8vcs8._.js:776
[ 1270584ms] [INFO] %cDownload the React DevTools for a better development experience: https://react.dev/link/react-devtools font-weight:bold @ http://localhost:8080/_next/static/chunks/node_modules_next_dist_1e8vcs8._.js:776
[ 1270647ms] [LOG] [HMR] connected @ http://localhost:8080/_next/static/chunks/node_modules_next_dist_1e8vcs8._.js:776
[ 1271027ms] [WARNING] Image with src "/homepage/campaigns/awadh-hero-mob.jpg" has "fill" prop and "sizes" prop of "100vw", but image is not rendered at full viewport width. Please adjust "sizes" to improve page performance. Read more: https://nextjs.org/docs/api-reference/next/image#sizes @ http://localhost:8080/_next/static/chunks/node_modules_next_dist_1e8vcs8._.js:776
[ 1274593ms] [INFO] %cDownload the React DevTools for a better development experience: https://react.dev/link/react-devtools font-weight:bold @ http://localhost:8080/_next/static/chunks/node_modules_next_dist_1e8vcs8._.js:776
[ 1274661ms] [LOG] [HMR] connected @ http://localhost:8080/_next/static/chunks/node_modules_next_dist_1e8vcs8._.js:776
[ 1275129ms] [WARNING] Image with src "/homepage/campaigns/katha-hero.jpg" was detected as the Largest Contentful Paint (LCP). Please add the `loading="eager"` property if this image is above the fold.
Read more: https://nextjs.org/docs/app/api-reference/components/image#loading @ http://localhost:8080/_next/static/chunks/node_modules_next_dist_1e8vcs8._.js:776
[ 1278736ms] [INFO] %cDownload the React DevTools for a better development experience: https://react.dev/link/react-devtools font-weight:bold @ http://localhost:8080/_next/static/chunks/node_modules_next_dist_1e8vcs8._.js:776
[ 1278788ms] [LOG] [HMR] connected @ http://localhost:8080/_next/static/chunks/node_modules_next_dist_1e8vcs8._.js:776
[ 1279217ms] [WARNING] Image with src "/homepage/featured/bridal-amrita-hero.jpg" was detected as the Largest Contentful Paint (LCP). Please add the `loading="eager"` property if this image is above the fold.
Read more: https://nextjs.org/docs/app/api-reference/components/image#loading @ http://localhost:8080/_next/static/chunks/node_modules_next_dist_1e8vcs8._.js:776
[ 1281963ms] [INFO] %cDownload the React DevTools for a better development experience: https://react.dev/link/react-devtools font-weight:bold @ http://localhost:8080/_next/static/chunks/node_modules_next_dist_1e8vcs8._.js:776
[ 1282026ms] [LOG] [HMR] connected @ http://localhost:8080/_next/static/chunks/node_modules_next_dist_1e8vcs8._.js:776
[ 1285827ms] [INFO] %cDownload the React DevTools for a better development experience: https://react.dev/link/react-devtools font-weight:bold @ http://localhost:8080/_next/static/chunks/node_modules_next_dist_1e8vcs8._.js:776
[ 1285905ms] [LOG] [HMR] connected @ http://localhost:8080/_next/static/chunks/node_modules_next_dist_1e8vcs8._.js:776
[ 1287115ms] [WARNING] Image with src "/homepage/about/store-banner.jpg" was detected as the Largest Contentful Paint (LCP). Please add the `loading="eager"` property if this image is above the fold.
Read more: https://nextjs.org/docs/app/api-reference/components/image#loading @ http://localhost:8080/_next/static/chunks/node_modules_next_dist_1e8vcs8._.js:776
[ 1289679ms] [INFO] %cDownload the React DevTools for a better development experience: https://react.dev/link/react-devtools font-weight:bold @ http://localhost:8080/_next/static/chunks/node_modules_next_dist_1e8vcs8._.js:776
[ 1289724ms] [LOG] [HMR] connected @ http://localhost:8080/_next/static/chunks/node_modules_next_dist_1e8vcs8._.js:776
[ 1327229ms] [INFO] %cDownload the React DevTools for a better development experience: https://react.dev/link/react-devtools font-weight:bold @ http://localhost:8080/_next/static/chunks/node_modules_next_dist_1e8vcs8._.js:776
[ 1327317ms] [LOG] [HMR] connected @ http://localhost:8080/_next/static/chunks/node_modules_next_dist_1e8vcs8._.js:776
[ 1329745ms] [INFO] %cDownload the React DevTools for a better development experience: https://react.dev/link/react-devtools font-weight:bold @ http://localhost:8080/_next/static/chunks/node_modules_next_dist_1e8vcs8._.js:776
[ 1329767ms] [LOG] [HMR] connected @ http://localhost:8080/_next/static/chunks/node_modules_next_dist_1e8vcs8._.js:776
[ 1332190ms] [INFO] %cDownload the React DevTools for a better development experience: https://react.dev/link/react-devtools font-weight:bold @ http://localhost:8080/_next/static/chunks/node_modules_next_dist_1e8vcs8._.js:776
[ 1332249ms] [LOG] [HMR] connected @ http://localhost:8080/_next/static/chunks/node_modules_next_dist_1e8vcs8._.js:776
[ 1333415ms] [WARNING] Image with src "/homepage/about/story-banner.jpg" was detected as the Largest Contentful Paint (LCP). Please add the `loading="eager"` property if this image is above the fold.
Read more: https://nextjs.org/docs/app/api-reference/components/image#loading @ http://localhost:8080/_next/static/chunks/node_modules_next_dist_1e8vcs8._.js:776
[ 1334842ms] [INFO] %cDownload the React DevTools for a better development experience: https://react.dev/link/react-devtools font-weight:bold @ http://localhost:8080/_next/static/chunks/node_modules_next_dist_1e8vcs8._.js:776
[ 1334935ms] [LOG] [HMR] connected @ http://localhost:8080/_next/static/chunks/node_modules_next_dist_1e8vcs8._.js:776
[ 1336671ms] [INFO] %cDownload the React DevTools for a better development experience: https://react.dev/link/react-devtools font-weight:bold @ http://localhost:8080/_next/static/chunks/node_modules_next_dist_1e8vcs8._.js:776
[ 1336698ms] [LOG] [HMR] connected @ http://localhost:8080/_next/static/chunks/node_modules_next_dist_1e8vcs8._.js:776
[ 1336919ms] [WARNING] Image with src "/homepage/about/story-banner.jpg" was detected as the Largest Contentful Paint (LCP). Please add the `loading="eager"` property if this image is above the fold.
Read more: https://nextjs.org/docs/app/api-reference/components/image#loading @ http://localhost:8080/_next/static/chunks/node_modules_next_dist_1e8vcs8._.js:776
[ 1338341ms] [INFO] %cDownload the React DevTools for a better development experience: https://react.dev/link/react-devtools font-weight:bold @ http://localhost:8080/_next/static/chunks/node_modules_next_dist_1e8vcs8._.js:776
[ 1338394ms] [LOG] [HMR] connected @ http://localhost:8080/_next/static/chunks/node_modules_next_dist_1e8vcs8._.js:776
[ 1338802ms] [WARNING] Image with src "/homepage/campaigns/kala-hero.jpg" was detected as the Largest Contentful Paint (LCP). Please add the `loading="eager"` property if this image is above the fold.
Read more: https://nextjs.org/docs/app/api-reference/components/image#loading @ http://localhost:8080/_next/static/chunks/node_modules_next_dist_1e8vcs8._.js:776
[ 1340714ms] [INFO] %cDownload the React DevTools for a better development experience: https://react.dev/link/react-devtools font-weight:bold @ http://localhost:8080/_next/static/chunks/node_modules_next_dist_1e8vcs8._.js:776
[ 1340765ms] [LOG] [HMR] connected @ http://localhost:8080/_next/static/chunks/node_modules_next_dist_1e8vcs8._.js:776
[ 1342308ms] [INFO] %cDownload the React DevTools for a better development experience: https://react.dev/link/react-devtools font-weight:bold @ http://localhost:8080/_next/static/chunks/node_modules_next_dist_1e8vcs8._.js:776
[ 1342341ms] [LOG] [HMR] connected @ http://localhost:8080/_next/static/chunks/node_modules_next_dist_1e8vcs8._.js:776
[ 1344292ms] [INFO] %cDownload the React DevTools for a better development experience: https://react.dev/link/react-devtools font-weight:bold @ http://localhost:8080/_next/static/chunks/node_modules_next_dist_1e8vcs8._.js:776
[ 1344332ms] [LOG] [HMR] connected @ http://localhost:8080/_next/static/chunks/node_modules_next_dist_1e8vcs8._.js:776
[ 1346192ms] [INFO] %cDownload the React DevTools for a better development experience: https://react.dev/link/react-devtools font-weight:bold @ http://localhost:8080/_next/static/chunks/node_modules_next_dist_1e8vcs8._.js:776
[ 1346258ms] [LOG] [HMR] connected @ http://localhost:8080/_next/static/chunks/node_modules_next_dist_1e8vcs8._.js:776
[ 1572708ms] [INFO] %cDownload the React DevTools for a better development experience: https://react.dev/link/react-devtools font-weight:bold @ http://localhost:8080/_next/static/chunks/node_modules_next_dist_1e8vcs8._.js:776
[ 1572776ms] [LOG] [HMR] connected @ http://localhost:8080/_next/static/chunks/node_modules_next_dist_1e8vcs8._.js:776
[ 1593305ms] [INFO] %cDownload the React DevTools for a better development experience: https://react.dev/link/react-devtools font-weight:bold @ http://localhost:8080/_next/static/chunks/node_modules_next_dist_1e8vcs8._.js:776
[ 1593361ms] [LOG] [HMR] connected @ http://localhost:8080/_next/static/chunks/node_modules_next_dist_1e8vcs8._.js:776
[ 1598579ms] [INFO] %cDownload the React DevTools for a better development experience: https://react.dev/link/react-devtools font-weight:bold @ http://localhost:8080/_next/static/chunks/node_modules_next_dist_1e8vcs8._.js:776
[ 1598629ms] [LOG] [HMR] connected @ http://localhost:8080/_next/static/chunks/node_modules_next_dist_1e8vcs8._.js:776
[ 1599509ms] [WARNING] Image with src "/homepage/gallery/tile-01.webp" has "fill" prop and "sizes" prop of "100vw", but image is not rendered at full viewport width. Please adjust "sizes" to improve page performance. Read more: https://nextjs.org/docs/api-reference/next/image#sizes @ http://localhost:8080/_next/static/chunks/node_modules_next_dist_1e8vcs8._.js:776
[ 1599509ms] [WARNING] Image with src "/homepage/gallery/tile-03.webp" has "fill" prop and "sizes" prop of "100vw", but image is not rendered at full viewport width. Please adjust "sizes" to improve page performance. Read more: https://nextjs.org/docs/api-reference/next/image#sizes @ http://localhost:8080/_next/static/chunks/node_modules_next_dist_1e8vcs8._.js:776
[ 1633526ms] [INFO] %cDownload the React DevTools for a better development experience: https://react.dev/link/react-devtools font-weight:bold @ http://localhost:8080/_next/static/chunks/node_modules_next_dist_1e8vcs8._.js:776
[ 1633603ms] [LOG] [HMR] connected @ http://localhost:8080/_next/static/chunks/node_modules_next_dist_1e8vcs8._.js:776
[ 1651553ms] [INFO] %cDownload the React DevTools for a better development experience: https://react.dev/link/react-devtools font-weight:bold @ http://localhost:8080/_next/static/chunks/node_modules_next_dist_1e8vcs8._.js:776
[ 1651662ms] [LOG] [HMR] connected @ http://localhost:8080/_next/static/chunks/node_modules_next_dist_1e8vcs8._.js:776
[ 1656673ms] [WARNING] Image with src "/homepage/about/story-banner.jpg" has "fill" prop and "sizes" prop of "100vw", but image is not rendered at full viewport width. Please adjust "sizes" to improve page performance. Read more: https://nextjs.org/docs/api-reference/next/image#sizes @ http://localhost:8080/_next/static/chunks/node_modules_next_dist_1e8vcs8._.js:776
[ 1656674ms] [WARNING] Image with src "/homepage/about/story-band-01.jpg" has "fill" prop and "sizes" prop of "100vw", but image is not rendered at full viewport width. Please adjust "sizes" to improve page performance. Read more: https://nextjs.org/docs/api-reference/next/image#sizes @ http://localhost:8080/_next/static/chunks/node_modules_next_dist_1e8vcs8._.js:776
[ 1656674ms] [WARNING] Image with src "/homepage/about/story-band-02.jpg" has "fill" prop and "sizes" prop of "100vw", but image is not rendered at full viewport width. Please adjust "sizes" to improve page performance. Read more: https://nextjs.org/docs/api-reference/next/image#sizes @ http://localhost:8080/_next/static/chunks/node_modules_next_dist_1e8vcs8._.js:776
[ 1695424ms] [LOG] [Fast Refresh] rebuilding @ http://localhost:8080/_next/static/chunks/node_modules_next_dist_1e8vcs8._.js:776
[ 1695864ms] [LOG] [Fast Refresh] done in 552ms @ http://localhost:8080/_next/static/chunks/node_modules_next_dist_1e8vcs8._.js:776
[ 1705612ms] [LOG] [Fast Refresh] rebuilding @ http://localhost:8080/_next/static/chunks/node_modules_next_dist_1e8vcs8._.js:776
[ 1705736ms] [LOG] [Fast Refresh] done in 162ms @ http://localhost:8080/_next/static/chunks/node_modules_next_dist_1e8vcs8._.js:776
[ 1705958ms] [LOG] [Fast Refresh] done in 162ms @ http://localhost:8080/_next/static/chunks/node_modules_next_dist_1e8vcs8._.js:776
[ 1717309ms] [LOG] [Fast Refresh] rebuilding @ http://localhost:8080/_next/static/chunks/node_modules_next_dist_1e8vcs8._.js:776
[ 1717831ms] [LOG] [Fast Refresh] done in 460ms @ http://localhost:8080/_next/static/chunks/node_modules_next_dist_1e8vcs8._.js:776
[ 1733498ms] [INFO] %cDownload the React DevTools for a better development experience: https://react.dev/link/react-devtools font-weight:bold @ http://localhost:8080/_next/static/chunks/node_modules_next_dist_1e8vcs8._.js:776
[ 1733545ms] [LOG] [HMR] connected @ http://localhost:8080/_next/static/chunks/node_modules_next_dist_1e8vcs8._.js:776
[ 1734808ms] [WARNING] Image with src "/homepage/about/story-banner.jpg" was detected as the Largest Contentful Paint (LCP). Please add the `loading="eager"` property if this image is above the fold.
Read more: https://nextjs.org/docs/app/api-reference/components/image#loading @ http://localhost:8080/_next/static/chunks/node_modules_next_dist_1e8vcs8._.js:776
[ 1740448ms] [WARNING] Image with src "/homepage/about/story-banner.jpg" has "fill" prop and "sizes" prop of "100vw", but image is not rendered at full viewport width. Please adjust "sizes" to improve page performance. Read more: https://nextjs.org/docs/api-reference/next/image#sizes @ http://localhost:8080/_next/static/chunks/node_modules_next_dist_1e8vcs8._.js:776
[ 1740448ms] [WARNING] Image with src "/homepage/about/story-band-01.jpg" has "fill" prop and "sizes" prop of "100vw", but image is not rendered at full viewport width. Please adjust "sizes" to improve page performance. Read more: https://nextjs.org/docs/api-reference/next/image#sizes @ http://localhost:8080/_next/static/chunks/node_modules_next_dist_1e8vcs8._.js:776
[ 1740449ms] [WARNING] Image with src "/homepage/about/story-band-02.jpg" has "fill" prop and "sizes" prop of "100vw", but image is not rendered at full viewport width. Please adjust "sizes" to improve page performance. Read more: https://nextjs.org/docs/api-reference/next/image#sizes @ http://localhost:8080/_next/static/chunks/node_modules_next_dist_1e8vcs8._.js:776
[ 1772606ms] [LOG] [Fast Refresh] rebuilding @ http://localhost:8080/_next/static/chunks/node_modules_next_dist_1e8vcs8._.js:776
[ 1772691ms] [LOG] [Fast Refresh] done in 185ms @ http://localhost:8080/_next/static/chunks/node_modules_next_dist_1e8vcs8._.js:776
[ 1788346ms] [INFO] %cDownload the React DevTools for a better development experience: https://react.dev/link/react-devtools font-weight:bold @ http://localhost:8080/_next/static/chunks/node_modules_next_dist_1e8vcs8._.js:776
[ 1788418ms] [LOG] [HMR] connected @ http://localhost:8080/_next/static/chunks/node_modules_next_dist_1e8vcs8._.js:776
[ 1788715ms] [WARNING] Image with src "/homepage/about/story-banner.jpg" has "fill" prop and "sizes" prop of "100vw", but image is not rendered at full viewport width. Please adjust "sizes" to improve page performance. Read more: https://nextjs.org/docs/api-reference/next/image#sizes @ http://localhost:8080/_next/static/chunks/node_modules_next_dist_1e8vcs8._.js:776
[ 1788760ms] [WARNING] Image with src "/homepage/about/story-band-01.jpg" has "fill" prop and "sizes" prop of "100vw", but image is not rendered at full viewport width. Please adjust "sizes" to improve page performance. Read more: https://nextjs.org/docs/api-reference/next/image#sizes @ http://localhost:8080/_next/static/chunks/node_modules_next_dist_1e8vcs8._.js:776
[ 1788827ms] [WARNING] Image with src "/homepage/about/story-band-02.jpg" has "fill" prop and "sizes" prop of "100vw", but image is not rendered at full viewport width. Please adjust "sizes" to improve page performance. Read more: https://nextjs.org/docs/api-reference/next/image#sizes @ http://localhost:8080/_next/static/chunks/node_modules_next_dist_1e8vcs8._.js:776
[ 1789608ms] [WARNING] Image with src "/homepage/about/story-banner.jpg" was detected as the Largest Contentful Paint (LCP). Please add the `loading="eager"` property if this image is above the fold.
Read more: https://nextjs.org/docs/app/api-reference/components/image#loading @ http://localhost:8080/_next/static/chunks/node_modules_next_dist_1e8vcs8._.js:776
[ 1831307ms] [LOG] [Fast Refresh] rebuilding @ http://localhost:8080/_next/static/chunks/node_modules_next_dist_1e8vcs8._.js:776
[ 1831449ms] [ERROR] ./src/components/cinematic/CineMenu.tsx:113:11
Error: Expected '</', got ')'
  111 |               {panel.label}
  112 |             </button>
> 113 |           ))}
      |           ^
  114 |         </nav>
  115 |
  116 |         {current ? (

Parsing ecmascript source code failed

Import traces:
  Client Component Browser:
    ./src/components/cinematic/CineMenu.tsx [Client Component Browser]
    ./src/components/cinematic/Cinematic.tsx [Client Component Browser]
    ./src/components/cinematic/Cinematic.tsx [Server Component]
    ./src/app/(home)/page.tsx [Server Component]

  Client Component SSR:
    ./src/components/cinematic/CineMenu.tsx [Client Component SSR]
    ./src/components/cinematic/Cinematic.tsx [Client Component SSR]
    ./src/components/cinematic/Cinematic.tsx [Server Component]
    ./src/app/(home)/page.tsx [Server Component] @ http://localhost:8080/_next/static/chunks/node_modules_next_dist_1e8vcs8._.js:1052
[ 1831690ms] [ERROR] ./src/components/cinematic/CineMenu.tsx:113:11
Error: Expected '</', got ')'
  111 |               {panel.label}
  112 |             </button>
> 113 |           ))}
      |           ^
  114 |         </nav>
  115 |
  116 |         {current ? (

Parsing ecmascript source code failed

Import traces:
  Client Component Browser:
    ./src/components/cinematic/CineMenu.tsx [Client Component Browser]
    ./src/components/cinematic/Cinematic.tsx [Client Component Browser]
    ./src/components/cinematic/Cinematic.tsx [Server Component]
    ./src/app/(home)/page.tsx [Server Component]

  Client Component SSR:
    ./src/components/cinematic/CineMenu.tsx [Client Component SSR]
    ./src/components/cinematic/Cinematic.tsx [Client Component SSR]
    ./src/components/cinematic/Cinematic.tsx [Server Component]
    ./src/app/(home)/page.tsx [Server Component] @ http://localhost:8080/_next/static/chunks/node_modules_next_dist_1e8vcs8._.js:1052
[ 1831722ms] [LOG] [Fast Refresh] rebuilding @ http://localhost:8080/_next/static/chunks/node_modules_next_dist_1e8vcs8._.js:776
[ 1840941ms] [ERROR] ./src/components/cinematic/CineMenu.tsx:113:11
Error: Expected '</', got ')'
  111 |               {panel.label}
  112 |             </button>
> 113 |           ))}
      |           ^
  114 |         </nav>
  115 |
  116 |         {current ? (

Parsing ecmascript source code failed

Import traces:
  Client Component Browser:
    ./src/components/cinematic/CineMenu.tsx [Client Component Browser]
    ./src/components/cinematic/Cinematic.tsx [Client Component Browser]
    ./src/components/cinematic/Cinematic.tsx [Server Component]
    ./src/app/(home)/page.tsx [Server Component]

  Client Component SSR:
    ./src/components/cinematic/CineMenu.tsx [Client Component SSR]
    ./src/components/cinematic/Cinematic.tsx [Client Component SSR]
    ./src/components/cinematic/Cinematic.tsx [Server Component]
    ./src/app/(home)/page.tsx [Server Component] @ http://localhost:8080/_next/static/chunks/node_modules_next_dist_1e8vcs8._.js:1052
[ 1841155ms] [LOG] [Fast Refresh] rebuilding @ http://localhost:8080/_next/static/chunks/node_modules_next_dist_1e8vcs8._.js:776
[ 1841636ms] [LOG] [Fast Refresh] done in 530ms @ http://localhost:8080/_next/static/chunks/node_modules_next_dist_1e8vcs8._.js:776
[ 1847938ms] [LOG] [Fast Refresh] rebuilding @ http://localhost:8080/_next/static/chunks/node_modules_next_dist_1e8vcs8._.js:776
[ 1847972ms] [LOG] [Fast Refresh] done in 149ms @ http://localhost:8080/_next/static/chunks/node_modules_next_dist_1e8vcs8._.js:776
[ 1893784ms] [INFO] %cDownload the React DevTools for a better development experience: https://react.dev/link/react-devtools font-weight:bold @ http://localhost:8080/_next/static/chunks/node_modules_next_dist_1e8vcs8._.js:776
[ 1893810ms] [LOG] [HMR] connected @ http://localhost:8080/_next/static/chunks/node_modules_next_dist_1e8vcs8._.js:776
[ 1894136ms] [WARNING] Image with src "/homepage/about/story-banner.jpg" was detected as the Largest Contentful Paint (LCP). Please add the `loading="eager"` property if this image is above the fold.
Read more: https://nextjs.org/docs/app/api-reference/components/image#loading @ http://localhost:8080/_next/static/chunks/node_modules_next_dist_1e8vcs8._.js:776
[ 1903277ms] [INFO] %cDownload the React DevTools for a better development experience: https://react.dev/link/react-devtools font-weight:bold @ http://localhost:8080/_next/static/chunks/node_modules_next_dist_1e8vcs8._.js:776
[ 1903317ms] [LOG] [HMR] connected @ http://localhost:8080/_next/static/chunks/node_modules_next_dist_1e8vcs8._.js:776
[ 1903832ms] [WARNING] Image with src "/homepage/gallery/tile-01.webp" has "fill" prop and "sizes" prop of "100vw", but image is not rendered at full viewport width. Please adjust "sizes" to improve page performance. Read more: https://nextjs.org/docs/api-reference/next/image#sizes @ http://localhost:8080/_next/static/chunks/node_modules_next_dist_1e8vcs8._.js:776
[ 1903832ms] [WARNING] Image with src "/homepage/gallery/tile-03.webp" has "fill" prop and "sizes" prop of "100vw", but image is not rendered at full viewport width. Please adjust "sizes" to improve page performance. Read more: https://nextjs.org/docs/api-reference/next/image#sizes @ http://localhost:8080/_next/static/chunks/node_modules_next_dist_1e8vcs8._.js:776
[ 1906008ms] [WARNING] Image with src "/homepage/mega-menu/kadhua.jpg" was detected as the Largest Contentful Paint (LCP). Please add the `loading="eager"` property if this image is above the fold.
Read more: https://nextjs.org/docs/app/api-reference/components/image#loading @ http://localhost:8080/_next/static/chunks/node_modules_next_dist_1e8vcs8._.js:776
[ 1912693ms] [INFO] %cDownload the React DevTools for a better development experience: https://react.dev/link/react-devtools font-weight:bold @ http://localhost:8080/_next/static/chunks/node_modules_next_dist_1e8vcs8._.js:776
[ 1912727ms] [LOG] [HMR] connected @ http://localhost:8080/_next/static/chunks/node_modules_next_dist_1e8vcs8._.js:776
[ 1913872ms] [WARNING] Image with src "/homepage/about/story-banner.jpg" was detected as the Largest Contentful Paint (LCP). Please add the `loading="eager"` property if this image is above the fold.
Read more: https://nextjs.org/docs/app/api-reference/components/image#loading @ http://localhost:8080/_next/static/chunks/node_modules_next_dist_1e8vcs8._.js:776
[ 1915030ms] [WARNING] Image with src "/homepage/about/story-banner.jpg" has "fill" prop and "sizes" prop of "100vw", but image is not rendered at full viewport width. Please adjust "sizes" to improve page performance. Read more: https://nextjs.org/docs/api-reference/next/image#sizes @ http://localhost:8080/_next/static/chunks/node_modules_next_dist_1e8vcs8._.js:776
[ 1915031ms] [WARNING] Image with src "/homepage/about/story-band-01.jpg" has "fill" prop and "sizes" prop of "100vw", but image is not rendered at full viewport width. Please adjust "sizes" to improve page performance. Read more: https://nextjs.org/docs/api-reference/next/image#sizes @ http://localhost:8080/_next/static/chunks/node_modules_next_dist_1e8vcs8._.js:776
[ 2133464ms] [INFO] %cDownload the React DevTools for a better development experience: https://react.dev/link/react-devtools font-weight:bold @ http://localhost:8080/_next/static/chunks/node_modules_next_dist_1e8vcs8._.js:776
[ 2133530ms] [LOG] [HMR] connected @ http://localhost:8080/_next/static/chunks/node_modules_next_dist_1e8vcs8._.js:776
[ 2137524ms] [INFO] %cDownload the React DevTools for a better development experience: https://react.dev/link/react-devtools font-weight:bold @ http://localhost:8080/_next/static/chunks/node_modules_next_dist_1e8vcs8._.js:776
[ 2137565ms] [LOG] [HMR] connected @ http://localhost:8080/_next/static/chunks/node_modules_next_dist_1e8vcs8._.js:776
[ 2141908ms] [INFO] %cDownload the React DevTools for a better development experience: https://react.dev/link/react-devtools font-weight:bold @ http://localhost:8080/_next/static/chunks/node_modules_next_dist_1e8vcs8._.js:776
[ 2143862ms] [LOG] [HMR] connected @ http://localhost:8080/_next/static/chunks/node_modules_next_dist_1e8vcs8._.js:776
[ 2143982ms] [WARNING] Image with src "/reference-only/products/sindoor-red-katan-silk-kadiyal-saree/01.webp" was detected as the Largest Contentful Paint (LCP). Please add the `loading="eager"` property if this image is above the fold.
Read more: https://nextjs.org/docs/app/api-reference/components/image#loading @ http://localhost:8080/_next/static/chunks/node_modules_next_dist_1e8vcs8._.js:776
[ 2147586ms] [INFO] %cDownload the React DevTools for a better development experience: https://react.dev/link/react-devtools font-weight:bold @ http://localhost:8080/_next/static/chunks/node_modules_next_dist_1e8vcs8._.js:776
[ 2147622ms] [LOG] [HMR] connected @ http://localhost:8080/_next/static/chunks/node_modules_next_dist_1e8vcs8._.js:776
[ 2148769ms] [WARNING] Image with src "/homepage/about/story-banner.jpg" was detected as the Largest Contentful Paint (LCP). Please add the `loading="eager"` property if this image is above the fold.
Read more: https://nextjs.org/docs/app/api-reference/components/image#loading @ http://localhost:8080/_next/static/chunks/node_modules_next_dist_1e8vcs8._.js:776
[ 2151645ms] [INFO] %cDownload the React DevTools for a better development experience: https://react.dev/link/react-devtools font-weight:bold @ http://localhost:8080/_next/static/chunks/node_modules_next_dist_1e8vcs8._.js:776
[ 2151675ms] [LOG] [HMR] connected @ http://localhost:8080/_next/static/chunks/node_modules_next_dist_1e8vcs8._.js:776
