[     793ms] [INFO] %cDownload the React DevTools for a better development experience: https://react.dev/link/react-devtools font-weight:bold @ http://localhost:8081/_next/static/chunks/node_modules_next_dist_1e8vcs8._.js:776
[     931ms] [LOG] [HMR] connected @ http://localhost:8081/_next/static/chunks/node_modules_next_dist_1e8vcs8._.js:776
[    8355ms] [INFO] %cDownload the React DevTools for a better development experience: https://react.dev/link/react-devtools font-weight:bold @ http://localhost:8081/_next/static/chunks/node_modules_next_dist_1e8vcs8._.js:776
[    8384ms] [LOG] [HMR] connected @ http://localhost:8081/_next/static/chunks/node_modules_next_dist_1e8vcs8._.js:776
[    8498ms] [WARNING] Image with src "/homepage/gallery/tile-01.webp" has "fill" prop and "sizes" prop of "100vw", but image is not rendered at full viewport width. Please adjust "sizes" to improve page performance. Read more: https://nextjs.org/docs/api-reference/next/image#sizes @ http://localhost:8081/_next/static/chunks/node_modules_next_dist_1e8vcs8._.js:776
[    8547ms] [WARNING] Image with src "/homepage/gallery/tile-02.webp" has "fill" prop and "sizes" prop of "100vw", but image is not rendered at full viewport width. Please adjust "sizes" to improve page performance. Read more: https://nextjs.org/docs/api-reference/next/image#sizes @ http://localhost:8081/_next/static/chunks/node_modules_next_dist_1e8vcs8._.js:776
[    8547ms] [WARNING] Image with src "/homepage/gallery/tile-03.webp" has "fill" prop and "sizes" prop of "100vw", but image is not rendered at full viewport width. Please adjust "sizes" to improve page performance. Read more: https://nextjs.org/docs/api-reference/next/image#sizes @ http://localhost:8081/_next/static/chunks/node_modules_next_dist_1e8vcs8._.js:776
[   15154ms] [LOG] [Fast Refresh] rebuilding @ http://localhost:8081/_next/static/chunks/node_modules_next_dist_1e8vcs8._.js:776
[   16338ms] [LOG] [Fast Refresh] done in 1297ms @ http://localhost:8081/_next/static/chunks/node_modules_next_dist_1e8vcs8._.js:776
[   18146ms] [INFO] %cDownload the React DevTools for a better development experience: https://react.dev/link/react-devtools font-weight:bold @ http://localhost:8081/_next/static/chunks/node_modules_next_dist_1e8vcs8._.js:776
[   18179ms] [LOG] [HMR] connected @ http://localhost:8081/_next/static/chunks/node_modules_next_dist_1e8vcs8._.js:776
[   24018ms] [LOG] [Fast Refresh] rebuilding @ http://localhost:8081/_next/static/chunks/node_modules_next_dist_1e8vcs8._.js:776
[   24768ms] [LOG] [Fast Refresh] done in 866ms @ http://localhost:8081/_next/static/chunks/node_modules_next_dist_1e8vcs8._.js:776
[   25952ms] [INFO] %cDownload the React DevTools for a better development experience: https://react.dev/link/react-devtools font-weight:bold @ http://localhost:8081/_next/static/chunks/node_modules_next_dist_1e8vcs8._.js:776
[   25990ms] [LOG] [HMR] connected @ http://localhost:8081/_next/static/chunks/node_modules_next_dist_1e8vcs8._.js:776
[   29417ms] [LOG] [Fast Refresh] rebuilding @ http://localhost:8081/_next/static/chunks/node_modules_next_dist_1e8vcs8._.js:776
[   30183ms] [LOG] [Fast Refresh] done in 881ms @ http://localhost:8081/_next/static/chunks/node_modules_next_dist_1e8vcs8._.js:776
[   31036ms] [INFO] %cDownload the React DevTools for a better development experience: https://react.dev/link/react-devtools font-weight:bold @ http://localhost:8081/_next/static/chunks/node_modules_next_dist_1e8vcs8._.js:776
[   31070ms] [LOG] [HMR] connected @ http://localhost:8081/_next/static/chunks/node_modules_next_dist_1e8vcs8._.js:776
[   33834ms] [LOG] [Fast Refresh] rebuilding @ http://localhost:8081/_next/static/chunks/node_modules_next_dist_1e8vcs8._.js:776
[   34535ms] [LOG] [Fast Refresh] done in 816ms @ http://localhost:8081/_next/static/chunks/node_modules_next_dist_1e8vcs8._.js:776
[   35067ms] [INFO] %cDownload the React DevTools for a better development experience: https://react.dev/link/react-devtools font-weight:bold @ http://localhost:8081/_next/static/chunks/node_modules_next_dist_1e8vcs8._.js:776
[   35090ms] [LOG] [HMR] connected @ http://localhost:8081/_next/static/chunks/node_modules_next_dist_1e8vcs8._.js:776
[   39097ms] [INFO] %cDownload the React DevTools for a better development experience: https://react.dev/link/react-devtools font-weight:bold @ http://localhost:8081/_next/static/chunks/node_modules_next_dist_1e8vcs8._.js:776
[   39124ms] [LOG] [HMR] connected @ http://localhost:8081/_next/static/chunks/node_modules_next_dist_1e8vcs8._.js:776
[   39503ms] [WARNING] Image with src "/homepage/gallery/tile-01.webp" has "fill" prop and "sizes" prop of "100vw", but image is not rendered at full viewport width. Please adjust "sizes" to improve page performance. Read more: https://nextjs.org/docs/api-reference/next/image#sizes @ http://localhost:8081/_next/static/chunks/node_modules_next_dist_1e8vcs8._.js:776
[   39513ms] [WARNING] Image with src "/homepage/gallery/tile-03.webp" has "fill" prop and "sizes" prop of "100vw", but image is not rendered at full viewport width. Please adjust "sizes" to improve page performance. Read more: https://nextjs.org/docs/api-reference/next/image#sizes @ http://localhost:8081/_next/static/chunks/node_modules_next_dist_1e8vcs8._.js:776
[   39522ms] [WARNING] Image with src "/homepage/gallery/tile-02.webp" has "fill" prop and "sizes" prop of "100vw", but image is not rendered at full viewport width. Please adjust "sizes" to improve page performance. Read more: https://nextjs.org/docs/api-reference/next/image#sizes @ http://localhost:8081/_next/static/chunks/node_modules_next_dist_1e8vcs8._.js:776
[   39765ms] [WARNING] Image with src "/homepage/category/sarees.webp" has "fill" prop and "sizes" prop of "100vw", but image is not rendered at full viewport width. Please adjust "sizes" to improve page performance. Read more: https://nextjs.org/docs/api-reference/next/image#sizes @ http://localhost:8081/_next/static/chunks/node_modules_next_dist_1e8vcs8._.js:776
[   39905ms] [WARNING] Image with src "/homepage/category/suits-b.webp" has "fill" prop and "sizes" prop of "100vw", but image is not rendered at full viewport width. Please adjust "sizes" to improve page performance. Read more: https://nextjs.org/docs/api-reference/next/image#sizes @ http://localhost:8081/_next/static/chunks/node_modules_next_dist_1e8vcs8._.js:776
[   41097ms] [WARNING] Image with src "/homepage/four-tiles/tile-02-gifting.webp" has "fill" prop and "sizes" prop of "100vw", but image is not rendered at full viewport width. Please adjust "sizes" to improve page performance. Read more: https://nextjs.org/docs/api-reference/next/image#sizes @ http://localhost:8081/_next/static/chunks/node_modules_next_dist_1e8vcs8._.js:776
[   41106ms] [WARNING] Image with src "/homepage/four-tiles/tile-03-zarkashi.webp" has "fill" prop and "sizes" prop of "100vw", but image is not rendered at full viewport width. Please adjust "sizes" to improve page performance. Read more: https://nextjs.org/docs/api-reference/next/image#sizes @ http://localhost:8081/_next/static/chunks/node_modules_next_dist_1e8vcs8._.js:776
[   41113ms] [WARNING] Image with src "/homepage/four-tiles/tile-04-art-collectibles.webp" has "fill" prop and "sizes" prop of "100vw", but image is not rendered at full viewport width. Please adjust "sizes" to improve page performance. Read more: https://nextjs.org/docs/api-reference/next/image#sizes @ http://localhost:8081/_next/static/chunks/node_modules_next_dist_1e8vcs8._.js:776
[   41118ms] [WARNING] Image with src "/homepage/four-tiles/tile-01-bridal.webp" has "fill" prop and "sizes" prop of "100vw", but image is not rendered at full viewport width. Please adjust "sizes" to improve page performance. Read more: https://nextjs.org/docs/api-reference/next/image#sizes @ http://localhost:8081/_next/static/chunks/node_modules_next_dist_1e8vcs8._.js:776
[   44297ms] [INFO] %cDownload the React DevTools for a better development experience: https://react.dev/link/react-devtools font-weight:bold @ http://localhost:8081/_next/static/chunks/node_modules_next_dist_1e8vcs8._.js:776
[   44334ms] [LOG] [HMR] connected @ http://localhost:8081/_next/static/chunks/node_modules_next_dist_1e8vcs8._.js:776
[   48317ms] [INFO] %cDownload the React DevTools for a better development experience: https://react.dev/link/react-devtools font-weight:bold @ http://localhost:8081/_next/static/chunks/node_modules_next_dist_1e8vcs8._.js:776
[   48347ms] [LOG] [HMR] connected @ http://localhost:8081/_next/static/chunks/node_modules_next_dist_1e8vcs8._.js:776
[   51773ms] [INFO] %cDownload the React DevTools for a better development experience: https://react.dev/link/react-devtools font-weight:bold @ http://localhost:8081/_next/static/chunks/node_modules_next_dist_1e8vcs8._.js:776
[   51805ms] [LOG] [HMR] connected @ http://localhost:8081/_next/static/chunks/node_modules_next_dist_1e8vcs8._.js:776
[   55143ms] [INFO] %cDownload the React DevTools for a better development experience: https://react.dev/link/react-devtools font-weight:bold @ http://localhost:8081/_next/static/chunks/node_modules_next_dist_1e8vcs8._.js:776
[   55164ms] [LOG] [HMR] connected @ http://localhost:8081/_next/static/chunks/node_modules_next_dist_1e8vcs8._.js:776
[   78513ms] [ERROR] WebSocket connection to 'ws://localhost:8081/_next/hmr?id=7Fuvr9EIAGB3Llm03mknX' failed: Error in connection establishment: net::ERR_CONNECTION_REFUSED @ http://localhost:8081/_next/static/chunks/node_modules_next_dist_client_0_90u2t._.js:16348
[   79528ms] [ERROR] WebSocket connection to 'ws://localhost:8081/_next/hmr?id=7Fuvr9EIAGB3Llm03mknX' failed: Error in connection establishment: net::ERR_CONNECTION_REFUSED @ http://localhost:8081/_next/static/chunks/node_modules_next_dist_client_0_90u2t._.js:16348
[   80543ms] [ERROR] WebSocket connection to 'ws://localhost:8081/_next/hmr?id=7Fuvr9EIAGB3Llm03mknX' failed: Error in connection establishment: net::ERR_CONNECTION_REFUSED @ http://localhost:8081/_next/static/chunks/node_modules_next_dist_client_0_90u2t._.js:16348
[   81555ms] [ERROR] WebSocket connection to 'ws://localhost:8081/_next/hmr?id=7Fuvr9EIAGB3Llm03mknX' failed: Error in connection establishment: net::ERR_CONNECTION_REFUSED @ http://localhost:8081/_next/static/chunks/node_modules_next_dist_client_0_90u2t._.js:16348
[   82572ms] [ERROR] WebSocket connection to 'ws://localhost:8081/_next/hmr?id=7Fuvr9EIAGB3Llm03mknX' failed: Error in connection establishment: net::ERR_CONNECTION_REFUSED @ http://localhost:8081/_next/static/chunks/node_modules_next_dist_client_0_90u2t._.js:16348
[   87582ms] [ERROR] WebSocket connection to 'ws://localhost:8081/_next/hmr?id=7Fuvr9EIAGB3Llm03mknX' failed: Error in connection establishment: net::ERR_CONNECTION_REFUSED @ http://localhost:8081/_next/static/chunks/node_modules_next_dist_client_0_90u2t._.js:16348
[   92596ms] [ERROR] WebSocket connection to 'ws://localhost:8081/_next/hmr?id=7Fuvr9EIAGB3Llm03mknX' failed: Error in connection establishment: net::ERR_CONNECTION_REFUSED @ http://localhost:8081/_next/static/chunks/node_modules_next_dist_client_0_90u2t._.js:16348
[   97613ms] [ERROR] WebSocket connection to 'ws://localhost:8081/_next/hmr?id=7Fuvr9EIAGB3Llm03mknX' failed: Error in connection establishment: net::ERR_CONNECTION_REFUSED @ http://localhost:8081/_next/static/chunks/node_modules_next_dist_client_0_90u2t._.js:16348
[  102622ms] [ERROR] WebSocket connection to 'ws://localhost:8081/_next/hmr?id=7Fuvr9EIAGB3Llm03mknX' failed: Error in connection establishment: net::ERR_CONNECTION_REFUSED @ http://localhost:8081/_next/static/chunks/node_modules_next_dist_client_0_90u2t._.js:16348
[  107643ms] [ERROR] WebSocket connection to 'ws://localhost:8081/_next/hmr?id=7Fuvr9EIAGB3Llm03mknX' failed: Error in connection establishment: net::ERR_CONNECTION_REFUSED @ http://localhost:8081/_next/static/chunks/node_modules_next_dist_client_0_90u2t._.js:16348
[  112662ms] [ERROR] WebSocket connection to 'ws://localhost:8081/_next/hmr?id=7Fuvr9EIAGB3Llm03mknX' failed: Error in connection establishment: net::ERR_CONNECTION_REFUSED @ http://localhost:8081/_next/static/chunks/node_modules_next_dist_client_0_90u2t._.js:16348
[  117672ms] [ERROR] WebSocket connection to 'ws://localhost:8081/_next/hmr?id=7Fuvr9EIAGB3Llm03mknX' failed: Error in connection establishment: net::ERR_CONNECTION_REFUSED @ http://localhost:8081/_next/static/chunks/node_modules_next_dist_client_0_90u2t._.js:16348
[  644099ms] [INFO] %cDownload the React DevTools for a better development experience: https://react.dev/link/react-devtools font-weight:bold @ http://localhost:8080/_next/static/chunks/node_modules_next_dist_1e8vcs8._.js:776
[  644285ms] [LOG] [HMR] connected @ http://localhost:8080/_next/static/chunks/node_modules_next_dist_1e8vcs8._.js:776
[  660451ms] [LOG] [Fast Refresh] rebuilding @ http://localhost:8080/_next/static/chunks/node_modules_next_dist_1e8vcs8._.js:776
[  660639ms] [LOG] [Fast Refresh] done in 158ms @ http://localhost:8080/_next/static/chunks/node_modules_next_dist_1e8vcs8._.js:776
[  686513ms] [LOG] [Fast Refresh] rebuilding @ http://localhost:8080/_next/static/chunks/node_modules_next_dist_1e8vcs8._.js:776
[  686700ms] [LOG] [Fast Refresh] done in 122ms @ http://localhost:8080/_next/static/chunks/node_modules_next_dist_1e8vcs8._.js:776
[  721091ms] [LOG] [Fast Refresh] rebuilding @ http://localhost:8080/_next/static/chunks/node_modules_next_dist_1e8vcs8._.js:776
[  721419ms] [LOG] [Fast Refresh] done in 274ms @ http://localhost:8080/_next/static/chunks/node_modules_next_dist_1e8vcs8._.js:776
[  728198ms] [LOG] [Fast Refresh] rebuilding @ http://localhost:8080/_next/static/chunks/node_modules_next_dist_1e8vcs8._.js:776
[  728821ms] [LOG] [Fast Refresh] done in 528ms @ http://localhost:8080/_next/static/chunks/node_modules_next_dist_1e8vcs8._.js:776
[  746972ms] [LOG] [Fast Refresh] rebuilding @ http://localhost:8080/_next/static/chunks/node_modules_next_dist_1e8vcs8._.js:776
[  747134ms] [LOG] [Fast Refresh] done in 171ms @ http://localhost:8080/_next/static/chunks/node_modules_next_dist_1e8vcs8._.js:776
[  756469ms] [INFO] %cDownload the React DevTools for a better development experience: https://react.dev/link/react-devtools font-weight:bold @ http://localhost:8080/_next/static/chunks/node_modules_next_dist_1e8vcs8._.js:776
[  756495ms] [LOG] [HMR] connected @ http://localhost:8080/_next/static/chunks/node_modules_next_dist_1e8vcs8._.js:776
[  769354ms] [LOG] [Fast Refresh] rebuilding @ http://localhost:8080/_next/static/chunks/node_modules_next_dist_1e8vcs8._.js:776
[  770176ms] [LOG] [Fast Refresh] done in 213ms @ http://localhost:8080/_next/static/chunks/node_modules_next_dist_1e8vcs8._.js:776
[  812249ms] [LOG] [Fast Refresh] done in 213ms @ http://localhost:8080/_next/static/chunks/node_modules_next_dist_1e8vcs8._.js:776
[  812379ms] [LOG] [Fast Refresh] done in 213ms @ http://localhost:8080/_next/static/chunks/node_modules_next_dist_1e8vcs8._.js:776
[  861438ms] [LOG] [Fast Refresh] rebuilding @ http://localhost:8080/_next/static/chunks/node_modules_next_dist_1e8vcs8._.js:776
[  861852ms] [LOG] [Fast Refresh] done in 318ms @ http://localhost:8080/_next/static/chunks/node_modules_next_dist_1e8vcs8._.js:776
[  906935ms] [LOG] [Fast Refresh] rebuilding @ http://localhost:8080/_next/static/chunks/node_modules_next_dist_1e8vcs8._.js:776
[  907113ms] [LOG] [Fast Refresh] done in 214ms @ http://localhost:8080/_next/static/chunks/node_modules_next_dist_1e8vcs8._.js:776
[  915651ms] [LOG] [Fast Refresh] done in 214ms @ http://localhost:8080/_next/static/chunks/node_modules_next_dist_1e8vcs8._.js:776
[  930002ms] [LOG] [Fast Refresh] rebuilding @ http://localhost:8080/_next/static/chunks/node_modules_next_dist_1e8vcs8._.js:776
[  930769ms] [LOG] [Fast Refresh] done in 562ms @ http://localhost:8080/_next/static/chunks/node_modules_next_dist_1e8vcs8._.js:776
[ 1015730ms] [LOG] [Fast Refresh] rebuilding @ http://localhost:8080/_next/static/chunks/node_modules_next_dist_1e8vcs8._.js:776
[ 1016064ms] [LOG] [Fast Refresh] done in 439ms @ http://localhost:8080/_next/static/chunks/node_modules_next_dist_1e8vcs8._.js:776
[ 1065170ms] [LOG] [Fast Refresh] rebuilding @ http://localhost:8080/_next/static/chunks/node_modules_next_dist_1e8vcs8._.js:776
[ 1065376ms] [LOG] [Fast Refresh] done in 297ms @ http://localhost:8080/_next/static/chunks/node_modules_next_dist_1e8vcs8._.js:776
[ 1091017ms] [LOG] [Fast Refresh] rebuilding @ http://localhost:8080/_next/static/chunks/node_modules_next_dist_1e8vcs8._.js:776
[ 1091325ms] [LOG] [Fast Refresh] done in 407ms @ http://localhost:8080/_next/static/chunks/node_modules_next_dist_1e8vcs8._.js:776
[ 1114115ms] [LOG] [Fast Refresh] rebuilding @ http://localhost:8080/_next/static/chunks/node_modules_next_dist_1e8vcs8._.js:776
[ 1115287ms] [WARNING] [Fast Refresh] performing full reload

Fast Refresh will perform a full reload when you edit a file that's imported by modules outside of the React rendering tree.
You might have a file which exports a React component but also exports a value that is imported by a non-React component file.
Consider migrating the non-React component export to a separate file and importing it into both files.

It is also possible the parent component of the component you edited is a class component, which disables Fast Refresh.
Fast Refresh requires at least one parent function component in your React tree. @ http://localhost:8080/_next/static/chunks/node_modules_next_dist_1e8vcs8._.js:776
[ 1116150ms] [INFO] %cDownload the React DevTools for a better development experience: https://react.dev/link/react-devtools font-weight:bold @ http://localhost:8080/_next/static/chunks/node_modules_next_dist_1e8vcs8._.js:776
[ 1116429ms] [LOG] [HMR] connected @ http://localhost:8080/_next/static/chunks/node_modules_next_dist_1e8vcs8._.js:776
[ 1117394ms] Error: Hydration failed because the server rendered HTML didn't match the client. As a result this tree will be regenerated on the client. This can happen if a SSR-ed Client Component used:

- A server/client branch `if (typeof window !== 'undefined')`.
- Variable input such as `Date.now()` or `Math.random()` which changes each time it's called.
- Date formatting in a user's locale which doesn't match the server.
- External changing data without sending a snapshot of it along with the HTML.
- Invalid HTML tag nesting.

It can also happen if the client has a browser extension installed which messes with the HTML before React loaded.

https://react.dev/link/hydration-mismatch

  ...
    <SegmentViewNode type="layout" pagePath="(storefron...">
      <SegmentTrieNode>
      <script>
      <script>
      <script>
      <StorefrontLayout>
        <SiteTextProvider value={{...}}>
          <MenuProvider value={[...]}>
            <CartProvider>
              <CurrencyProvider>
                <WishlistProvider>
                  <SearchProvider>
                    <a>
                    <AnnouncementBar>
                      <aside
                        aria-label="Store announcement"
+                       className="relative z-30 w-full min-h-[36px] transition-all duration-300"
-                       className="relative z-[60] w-full bg-night text-announce-ink"
                        style={{
+                         backgroundColor: "var(--color-ink)"
+                         color: "var(--color-announce-ink)"
                        }}
                      >
                        <div
+                         className="mx-auto flex min-h-[36px] max-w-[1680px] items-center justify-center px-8 sm:px-1..."
-                         className="mx-auto flex h-9 max-w-[var(--container-site)] items-center justify-center px-12"
                        >
+                         <div
+                           className="hidden md:flex md:items-center md:justify-center md:gap-3 text-center text-[11...."
+                         >
-                         <p
-                           aria-live="polite"
-                           className="flex items-center gap-3 truncate font-ui text-[11.5px] tracking-[0.08em] animat..."
-                         >
                          ...
                    ...

    at throwOnHydrationMismatch (http://localhost:8080/_next/static/chunks/node_modules_next_dist_compiled_react-dom_096_9a-._.js:3120:56)
    at beginWork (http://localhost:8080/_next/static/chunks/node_modules_next_dist_compiled_react-dom_096_9a-._.js:6585:918)
    at runWithFiberInDEV (http://localhost:8080/_next/static/chunks/node_modules_next_dist_compiled_react-dom_096_9a-._.js:761:74)
    at performUnitOfWork (http://localhost:8080/_next/static/chunks/node_modules_next_dist_compiled_react-dom_096_9a-._.js:9385:97)
    at workLoopConcurrentByScheduler (http://localhost:8080/_next/static/chunks/node_modules_next_dist_compiled_react-dom_096_9a-._.js:9381:58)
    at renderRootConcurrent (http://localhost:8080/_next/static/chunks/node_modules_next_dist_compiled_react-dom_096_9a-._.js:9364:71)
    at performWorkOnRoot (http://localhost:8080/_next/static/chunks/node_modules_next_dist_compiled_react-dom_096_9a-._.js:8891:150)
    at performWorkOnRootViaSchedulerTask (http://localhost:8080/_next/static/chunks/node_modules_next_dist_compiled_react-dom_096_9a-._.js:10085:9)
    at MessagePort.performWorkUntilDeadline (http://localhost:8080/_next/static/chunks/node_modules_next_dist_compiled_1amofcm._.js:2647:64)
[ 3040101ms] [LOG] [Fast Refresh] rebuilding @ http://localhost:8080/_next/static/chunks/node_modules_next_dist_1e8vcs8._.js:776
[ 3040117ms] [LOG] [Fast Refresh] done in 117ms @ http://localhost:8080/_next/static/chunks/node_modules_next_dist_1e8vcs8._.js:776
[ 3216086ms] [INFO] %cDownload the React DevTools for a better development experience: https://react.dev/link/react-devtools font-weight:bold @ http://localhost:8080/_next/static/chunks/node_modules_next_dist_1e8vcs8._.js:776
[ 3216209ms] [LOG] [HMR] connected @ http://localhost:8080/_next/static/chunks/node_modules_next_dist_1e8vcs8._.js:776
[ 3230975ms] [WARNING] Image with src "/homepage/gallery/tile-01.webp" has "fill" prop and "sizes" prop of "100vw", but image is not rendered at full viewport width. Please adjust "sizes" to improve page performance. Read more: https://nextjs.org/docs/api-reference/next/image#sizes @ http://localhost:8080/_next/static/chunks/node_modules_next_dist_1e8vcs8._.js:776
[ 3230975ms] [WARNING] Image with src "/homepage/gallery/tile-02.webp" has "fill" prop and "sizes" prop of "100vw", but image is not rendered at full viewport width. Please adjust "sizes" to improve page performance. Read more: https://nextjs.org/docs/api-reference/next/image#sizes @ http://localhost:8080/_next/static/chunks/node_modules_next_dist_1e8vcs8._.js:776
[ 3230976ms] [WARNING] Image with src "/homepage/gallery/tile-03.webp" has "fill" prop and "sizes" prop of "100vw", but image is not rendered at full viewport width. Please adjust "sizes" to improve page performance. Read more: https://nextjs.org/docs/api-reference/next/image#sizes @ http://localhost:8080/_next/static/chunks/node_modules_next_dist_1e8vcs8._.js:776
[ 3231022ms] [WARNING] Image with src "/homepage/category/sarees.webp" has "fill" prop and "sizes" prop of "100vw", but image is not rendered at full viewport width. Please adjust "sizes" to improve page performance. Read more: https://nextjs.org/docs/api-reference/next/image#sizes @ http://localhost:8080/_next/static/chunks/node_modules_next_dist_1e8vcs8._.js:776
[ 3231069ms] [WARNING] Image with src "/homepage/category/suits-b.webp" has "fill" prop and "sizes" prop of "100vw", but image is not rendered at full viewport width. Please adjust "sizes" to improve page performance. Read more: https://nextjs.org/docs/api-reference/next/image#sizes @ http://localhost:8080/_next/static/chunks/node_modules_next_dist_1e8vcs8._.js:776
[ 3231470ms] [INFO] %cDownload the React DevTools for a better development experience: https://react.dev/link/react-devtools font-weight:bold @ http://localhost:8080/_next/static/chunks/node_modules_next_dist_1e8vcs8._.js:776
[ 3231504ms] [LOG] [HMR] connected @ http://localhost:8080/_next/static/chunks/node_modules_next_dist_1e8vcs8._.js:776
[ 3231761ms] [WARNING] Image with src "/homepage/gallery/tile-01.webp" has "fill" prop and "sizes" prop of "100vw", but image is not rendered at full viewport width. Please adjust "sizes" to improve page performance. Read more: https://nextjs.org/docs/api-reference/next/image#sizes @ http://localhost:8080/_next/static/chunks/node_modules_next_dist_1e8vcs8._.js:776
[ 3231770ms] [WARNING] Image with src "/homepage/gallery/tile-02.webp" has "fill" prop and "sizes" prop of "100vw", but image is not rendered at full viewport width. Please adjust "sizes" to improve page performance. Read more: https://nextjs.org/docs/api-reference/next/image#sizes @ http://localhost:8080/_next/static/chunks/node_modules_next_dist_1e8vcs8._.js:776
[ 3231795ms] [WARNING] Image with src "/homepage/gallery/tile-03.webp" has "fill" prop and "sizes" prop of "100vw", but image is not rendered at full viewport width. Please adjust "sizes" to improve page performance. Read more: https://nextjs.org/docs/api-reference/next/image#sizes @ http://localhost:8080/_next/static/chunks/node_modules_next_dist_1e8vcs8._.js:776
[ 3231798ms] [WARNING] Image with src "/homepage/category/sarees.webp" has "fill" prop and "sizes" prop of "100vw", but image is not rendered at full viewport width. Please adjust "sizes" to improve page performance. Read more: https://nextjs.org/docs/api-reference/next/image#sizes @ http://localhost:8080/_next/static/chunks/node_modules_next_dist_1e8vcs8._.js:776
[ 3231806ms] [WARNING] Image with src "/homepage/category/suits-b.webp" has "fill" prop and "sizes" prop of "100vw", but image is not rendered at full viewport width. Please adjust "sizes" to improve page performance. Read more: https://nextjs.org/docs/api-reference/next/image#sizes @ http://localhost:8080/_next/static/chunks/node_modules_next_dist_1e8vcs8._.js:776
[ 3247447ms] [LOG] [Fast Refresh] rebuilding @ http://localhost:8080/_next/static/chunks/node_modules_next_dist_1e8vcs8._.js:776
[ 3247650ms] [LOG] [Fast Refresh] done in 190ms @ http://localhost:8080/_next/static/chunks/node_modules_next_dist_1e8vcs8._.js:776
[ 3255113ms] [LOG] [Fast Refresh] rebuilding @ http://localhost:8080/_next/static/chunks/node_modules_next_dist_1e8vcs8._.js:776
[ 3255301ms] [LOG] [Fast Refresh] done in 170ms @ http://localhost:8080/_next/static/chunks/node_modules_next_dist_1e8vcs8._.js:776
[ 3262554ms] [INFO] %cDownload the React DevTools for a better development experience: https://react.dev/link/react-devtools font-weight:bold @ http://localhost:8080/_next/static/chunks/node_modules_next_dist_1e8vcs8._.js:776
[ 3262599ms] [LOG] [HMR] connected @ http://localhost:8080/_next/static/chunks/node_modules_next_dist_1e8vcs8._.js:776
[ 3262922ms] [WARNING] Image with src "/homepage/gallery/tile-01.webp" has "fill" prop and "sizes" prop of "100vw", but image is not rendered at full viewport width. Please adjust "sizes" to improve page performance. Read more: https://nextjs.org/docs/api-reference/next/image#sizes @ http://localhost:8080/_next/static/chunks/node_modules_next_dist_1e8vcs8._.js:776
[ 3262923ms] [WARNING] Image with src "/homepage/gallery/tile-02.webp" has "fill" prop and "sizes" prop of "100vw", but image is not rendered at full viewport width. Please adjust "sizes" to improve page performance. Read more: https://nextjs.org/docs/api-reference/next/image#sizes @ http://localhost:8080/_next/static/chunks/node_modules_next_dist_1e8vcs8._.js:776
[ 3262926ms] [WARNING] Image with src "/homepage/gallery/tile-03.webp" has "fill" prop and "sizes" prop of "100vw", but image is not rendered at full viewport width. Please adjust "sizes" to improve page performance. Read more: https://nextjs.org/docs/api-reference/next/image#sizes @ http://localhost:8080/_next/static/chunks/node_modules_next_dist_1e8vcs8._.js:776
[ 3262929ms] [WARNING] Image with src "/homepage/category/sarees.webp" has "fill" prop and "sizes" prop of "100vw", but image is not rendered at full viewport width. Please adjust "sizes" to improve page performance. Read more: https://nextjs.org/docs/api-reference/next/image#sizes @ http://localhost:8080/_next/static/chunks/node_modules_next_dist_1e8vcs8._.js:776
[ 3262957ms] [WARNING] Image with src "/homepage/category/suits-b.webp" has "fill" prop and "sizes" prop of "100vw", but image is not rendered at full viewport width. Please adjust "sizes" to improve page performance. Read more: https://nextjs.org/docs/api-reference/next/image#sizes @ http://localhost:8080/_next/static/chunks/node_modules_next_dist_1e8vcs8._.js:776
[ 3276436ms] [WARNING] Image with src "/homepage/hero/slide-02-nadi.webp" was detected as the Largest Contentful Paint (LCP). Please add the `loading="eager"` property if this image is above the fold.
Read more: https://nextjs.org/docs/app/api-reference/components/image#loading @ http://localhost:8080/_next/static/chunks/node_modules_next_dist_1e8vcs8._.js:776
[ 3276698ms] [INFO] %cDownload the React DevTools for a better development experience: https://react.dev/link/react-devtools font-weight:bold @ http://localhost:8080/_next/static/chunks/node_modules_next_dist_1e8vcs8._.js:776
[ 3276726ms] [LOG] [HMR] connected @ http://localhost:8080/_next/static/chunks/node_modules_next_dist_1e8vcs8._.js:776
[ 3277077ms] [WARNING] Image with src "/homepage/gallery/tile-01.webp" has "fill" prop and "sizes" prop of "100vw", but image is not rendered at full viewport width. Please adjust "sizes" to improve page performance. Read more: https://nextjs.org/docs/api-reference/next/image#sizes @ http://localhost:8080/_next/static/chunks/node_modules_next_dist_1e8vcs8._.js:776
[ 3277145ms] [WARNING] Image with src "/homepage/gallery/tile-02.webp" has "fill" prop and "sizes" prop of "100vw", but image is not rendered at full viewport width. Please adjust "sizes" to improve page performance. Read more: https://nextjs.org/docs/api-reference/next/image#sizes @ http://localhost:8080/_next/static/chunks/node_modules_next_dist_1e8vcs8._.js:776
[ 3277145ms] [WARNING] Image with src "/homepage/gallery/tile-03.webp" has "fill" prop and "sizes" prop of "100vw", but image is not rendered at full viewport width. Please adjust "sizes" to improve page performance. Read more: https://nextjs.org/docs/api-reference/next/image#sizes @ http://localhost:8080/_next/static/chunks/node_modules_next_dist_1e8vcs8._.js:776
[ 3277162ms] [WARNING] Image with src "/homepage/category/sarees.webp" has "fill" prop and "sizes" prop of "100vw", but image is not rendered at full viewport width. Please adjust "sizes" to improve page performance. Read more: https://nextjs.org/docs/api-reference/next/image#sizes @ http://localhost:8080/_next/static/chunks/node_modules_next_dist_1e8vcs8._.js:776
[ 3277180ms] [WARNING] Image with src "/homepage/category/suits-b.webp" has "fill" prop and "sizes" prop of "100vw", but image is not rendered at full viewport width. Please adjust "sizes" to improve page performance. Read more: https://nextjs.org/docs/api-reference/next/image#sizes @ http://localhost:8080/_next/static/chunks/node_modules_next_dist_1e8vcs8._.js:776
[ 3288029ms] [LOG] [Fast Refresh] rebuilding @ http://localhost:8080/_next/static/chunks/node_modules_next_dist_1e8vcs8._.js:776
[ 3288289ms] [LOG] [Fast Refresh] done in 140ms @ http://localhost:8080/_next/static/chunks/node_modules_next_dist_1e8vcs8._.js:776
[ 3294847ms] [LOG] [Fast Refresh] done in 140ms @ http://localhost:8080/_next/static/chunks/node_modules_next_dist_1e8vcs8._.js:776
[ 3301279ms] [INFO] %cDownload the React DevTools for a better development experience: https://react.dev/link/react-devtools font-weight:bold @ http://localhost:8080/_next/static/chunks/node_modules_next_dist_1e8vcs8._.js:776
[ 3301354ms] [LOG] [HMR] connected @ http://localhost:8080/_next/static/chunks/node_modules_next_dist_1e8vcs8._.js:776
[ 3301837ms] [WARNING] Image with src "/homepage/gallery/tile-01.webp" has "fill" prop and "sizes" prop of "100vw", but image is not rendered at full viewport width. Please adjust "sizes" to improve page performance. Read more: https://nextjs.org/docs/api-reference/next/image#sizes @ http://localhost:8080/_next/static/chunks/node_modules_next_dist_1e8vcs8._.js:776
[ 3301838ms] [WARNING] Image with src "/homepage/gallery/tile-02.webp" has "fill" prop and "sizes" prop of "100vw", but image is not rendered at full viewport width. Please adjust "sizes" to improve page performance. Read more: https://nextjs.org/docs/api-reference/next/image#sizes @ http://localhost:8080/_next/static/chunks/node_modules_next_dist_1e8vcs8._.js:776
[ 3301841ms] [WARNING] Image with src "/homepage/gallery/tile-03.webp" has "fill" prop and "sizes" prop of "100vw", but image is not rendered at full viewport width. Please adjust "sizes" to improve page performance. Read more: https://nextjs.org/docs/api-reference/next/image#sizes @ http://localhost:8080/_next/static/chunks/node_modules_next_dist_1e8vcs8._.js:776
[ 3301882ms] [WARNING] Image with src "/homepage/category/sarees.webp" has "fill" prop and "sizes" prop of "100vw", but image is not rendered at full viewport width. Please adjust "sizes" to improve page performance. Read more: https://nextjs.org/docs/api-reference/next/image#sizes @ http://localhost:8080/_next/static/chunks/node_modules_next_dist_1e8vcs8._.js:776
[ 3301891ms] [WARNING] Image with src "/homepage/category/suits-b.webp" has "fill" prop and "sizes" prop of "100vw", but image is not rendered at full viewport width. Please adjust "sizes" to improve page performance. Read more: https://nextjs.org/docs/api-reference/next/image#sizes @ http://localhost:8080/_next/static/chunks/node_modules_next_dist_1e8vcs8._.js:776
[ 3307463ms] [WARNING] Image with src "/homepage/hero/slide-02-nadi.webp" was detected as the Largest Contentful Paint (LCP). Please add the `loading="eager"` property if this image is above the fold.
Read more: https://nextjs.org/docs/app/api-reference/components/image#loading @ http://localhost:8080/_next/static/chunks/node_modules_next_dist_1e8vcs8._.js:776
[ 3365064ms] [INFO] %cDownload the React DevTools for a better development experience: https://react.dev/link/react-devtools font-weight:bold @ http://localhost:8080/_next/static/chunks/node_modules_next_dist_1e8vcs8._.js:776
[ 3365102ms] [LOG] [HMR] connected @ http://localhost:8080/_next/static/chunks/node_modules_next_dist_1e8vcs8._.js:776
[ 3365426ms] [WARNING] Image with src "/homepage/gallery/tile-01.webp" has "fill" prop and "sizes" prop of "100vw", but image is not rendered at full viewport width. Please adjust "sizes" to improve page performance. Read more: https://nextjs.org/docs/api-reference/next/image#sizes @ http://localhost:8080/_next/static/chunks/node_modules_next_dist_1e8vcs8._.js:776
[ 3365514ms] [WARNING] Image with src "/homepage/gallery/tile-02.webp" has "fill" prop and "sizes" prop of "100vw", but image is not rendered at full viewport width. Please adjust "sizes" to improve page performance. Read more: https://nextjs.org/docs/api-reference/next/image#sizes @ http://localhost:8080/_next/static/chunks/node_modules_next_dist_1e8vcs8._.js:776
[ 3365515ms] [WARNING] Image with src "/homepage/gallery/tile-03.webp" has "fill" prop and "sizes" prop of "100vw", but image is not rendered at full viewport width. Please adjust "sizes" to improve page performance. Read more: https://nextjs.org/docs/api-reference/next/image#sizes @ http://localhost:8080/_next/static/chunks/node_modules_next_dist_1e8vcs8._.js:776
[ 3365535ms] [WARNING] Image with src "/homepage/category/sarees.webp" has "fill" prop and "sizes" prop of "100vw", but image is not rendered at full viewport width. Please adjust "sizes" to improve page performance. Read more: https://nextjs.org/docs/api-reference/next/image#sizes @ http://localhost:8080/_next/static/chunks/node_modules_next_dist_1e8vcs8._.js:776
[ 3365570ms] [WARNING] Image with src "/homepage/category/suits-b.webp" has "fill" prop and "sizes" prop of "100vw", but image is not rendered at full viewport width. Please adjust "sizes" to improve page performance. Read more: https://nextjs.org/docs/api-reference/next/image#sizes @ http://localhost:8080/_next/static/chunks/node_modules_next_dist_1e8vcs8._.js:776
[ 3642440ms] [INFO] %cDownload the React DevTools for a better development experience: https://react.dev/link/react-devtools font-weight:bold @ http://localhost:8080/_next/static/chunks/node_modules_next_dist_1e8vcs8._.js:776
[ 3642477ms] [LOG] [HMR] connected @ http://localhost:8080/_next/static/chunks/node_modules_next_dist_1e8vcs8._.js:776
[ 3645943ms] [LOG] [Fast Refresh] rebuilding @ http://localhost:8080/_next/static/chunks/node_modules_next_dist_1e8vcs8._.js:776
[ 3646668ms] [LOG] [Fast Refresh] done in 831ms @ http://localhost:8080/_next/static/chunks/node_modules_next_dist_1e8vcs8._.js:776
[ 3670639ms] [LOG] [Fast Refresh] rebuilding @ http://localhost:8080/_next/static/chunks/node_modules_next_dist_1e8vcs8._.js:776
[ 3670916ms] [ERROR] ./src/components/UtilityBar.tsx:6:1
Error: Module not found: Can't resolve '@/components/LotusMark'
  4 | import { useSearchModal } from "@/components/search-context";
  5 | import { CurrencySelector } from "@/components/CurrencySelector";
> 6 | import { LotusMark } from "@/components/LotusMark";
    | ^^^^^^^^^^^^^^^^^^^^^^^^^^^^^^^^^^^^^^^^^^^^^^^^^^^
  7 | import { WishlistButton } from "@/components/WishlistButton";
  8 | import { useCart } from "@/components/cart-context";
  9 | import { useSiteText } from "@/components/site-text-context";

Import map: aliased to relative './src/components/LotusMark' inside of [project]/

Import traces:
  Client Component Browser:
    ./src/components/UtilityBar.tsx [Client Component Browser]
    ./src/components/SiteHeader.tsx [Client Component Browser]
    ./src/components/SiteHeader.tsx [Server Component]
    ./src/app/(storefront)/layout.tsx [Server Component]

  Client Component SSR:
    ./src/components/UtilityBar.tsx [Client Component SSR]
    ./src/components/SiteHeader.tsx [Client Component SSR]
    ./src/components/SiteHeader.tsx [Server Component]
    ./src/app/(storefront)/layout.tsx [Server Component]

https://nextjs.org/docs/messages/module-not-found @ http://localhost:8080/_next/static/chunks/node_modules_next_dist_1e8vcs8._.js:1052
[ 3676838ms] [LOG] [Fast Refresh] rebuilding @ http://localhost:8080/_next/static/chunks/node_modules_next_dist_1e8vcs8._.js:776
[ 3677524ms] [WARNING] [Fast Refresh] performing full reload

Fast Refresh will perform a full reload when you edit a file that's imported by modules outside of the React rendering tree.
You might have a file which exports a React component but also exports a value that is imported by a non-React component file.
Consider migrating the non-React component export to a separate file and importing it into both files.

It is also possible the parent component of the component you edited is a class component, which disables Fast Refresh.
Fast Refresh requires at least one parent function component in your React tree. @ http://localhost:8080/_next/static/chunks/node_modules_next_dist_1e8vcs8._.js:776
[ 3677569ms] [LOG] [Fast Refresh] done in 825ms @ http://localhost:8080/_next/static/chunks/node_modules_next_dist_1e8vcs8._.js:776
[ 3677909ms] [LOG] [Fast Refresh] done in 825ms @ http://localhost:8080/_next/static/chunks/node_modules_next_dist_1e8vcs8._.js:776
[ 3678553ms] [LOG] [Fast Refresh] done in 825ms @ http://localhost:8080/_next/static/chunks/node_modules_next_dist_1e8vcs8._.js:776
[ 3678930ms] [INFO] %cDownload the React DevTools for a better development experience: https://react.dev/link/react-devtools font-weight:bold @ http://localhost:8080/_next/static/chunks/node_modules_next_dist_1e8vcs8._.js:776
[ 3678962ms] [LOG] [HMR] connected @ http://localhost:8080/_next/static/chunks/node_modules_next_dist_1e8vcs8._.js:776
[ 4655883ms] [INFO] %cDownload the React DevTools for a better development experience: https://react.dev/link/react-devtools font-weight:bold @ http://localhost:8080/_next/static/chunks/node_modules_next_dist_1e8vcs8._.js:776
[ 4655926ms] [LOG] [HMR] connected @ http://localhost:8080/_next/static/chunks/node_modules_next_dist_1e8vcs8._.js:776
[ 4739704ms] [LOG] [Fast Refresh] rebuilding @ http://localhost:8080/_next/static/chunks/node_modules_next_dist_1e8vcs8._.js:776
[ 4740825ms] [WARNING] [Fast Refresh] performing full reload

Fast Refresh will perform a full reload when you edit a file that's imported by modules outside of the React rendering tree.
You might have a file which exports a React component but also exports a value that is imported by a non-React component file.
Consider migrating the non-React component export to a separate file and importing it into both files.

It is also possible the parent component of the component you edited is a class component, which disables Fast Refresh.
Fast Refresh requires at least one parent function component in your React tree. @ http://localhost:8080/_next/static/chunks/node_modules_next_dist_1e8vcs8._.js:776
[ 4740870ms] [LOG] [Fast Refresh] done in 1252ms @ http://localhost:8080/_next/static/chunks/node_modules_next_dist_1e8vcs8._.js:776
[ 4742704ms] [INFO] %cDownload the React DevTools for a better development experience: https://react.dev/link/react-devtools font-weight:bold @ http://localhost:8080/_next/static/chunks/node_modules_next_dist_1e8vcs8._.js:776
[ 4742761ms] [LOG] [HMR] connected @ http://localhost:8080/_next/static/chunks/node_modules_next_dist_1e8vcs8._.js:776
[ 4743194ms] [WARNING] Image with src "/homepage/gallery/tile-01.webp" has "fill" prop and "sizes" prop of "100vw", but image is not rendered at full viewport width. Please adjust "sizes" to improve page performance. Read more: https://nextjs.org/docs/api-reference/next/image#sizes @ http://localhost:8080/_next/static/chunks/node_modules_next_dist_1e8vcs8._.js:776
[ 4743309ms] [WARNING] Image with src "/homepage/gallery/tile-02.webp" has "fill" prop and "sizes" prop of "100vw", but image is not rendered at full viewport width. Please adjust "sizes" to improve page performance. Read more: https://nextjs.org/docs/api-reference/next/image#sizes @ http://localhost:8080/_next/static/chunks/node_modules_next_dist_1e8vcs8._.js:776
[ 4743310ms] [WARNING] Image with src "/homepage/gallery/tile-03.webp" has "fill" prop and "sizes" prop of "100vw", but image is not rendered at full viewport width. Please adjust "sizes" to improve page performance. Read more: https://nextjs.org/docs/api-reference/next/image#sizes @ http://localhost:8080/_next/static/chunks/node_modules_next_dist_1e8vcs8._.js:776
[ 4777587ms] [LOG] [Fast Refresh] rebuilding @ http://localhost:8080/_next/static/chunks/node_modules_next_dist_1e8vcs8._.js:776
[ 4778391ms] [WARNING] [Fast Refresh] performing full reload

Fast Refresh will perform a full reload when you edit a file that's imported by modules outside of the React rendering tree.
You might have a file which exports a React component but also exports a value that is imported by a non-React component file.
Consider migrating the non-React component export to a separate file and importing it into both files.

It is also possible the parent component of the component you edited is a class component, which disables Fast Refresh.
Fast Refresh requires at least one parent function component in your React tree. @ http://localhost:8080/_next/static/chunks/node_modules_next_dist_1e8vcs8._.js:776
[ 4778403ms] [LOG] [Fast Refresh] done in 918ms @ http://localhost:8080/_next/static/chunks/node_modules_next_dist_1e8vcs8._.js:776
[ 4780179ms] [INFO] %cDownload the React DevTools for a better development experience: https://react.dev/link/react-devtools font-weight:bold @ http://localhost:8080/_next/static/chunks/node_modules_next_dist_1e8vcs8._.js:776
[ 4780258ms] [LOG] [HMR] connected @ http://localhost:8080/_next/static/chunks/node_modules_next_dist_1e8vcs8._.js:776
[ 4780788ms] [WARNING] Image with src "/homepage/gallery/tile-01.webp" has "fill" prop and "sizes" prop of "100vw", but image is not rendered at full viewport width. Please adjust "sizes" to improve page performance. Read more: https://nextjs.org/docs/api-reference/next/image#sizes @ http://localhost:8080/_next/static/chunks/node_modules_next_dist_1e8vcs8._.js:776
[ 4780934ms] [WARNING] Image with src "/homepage/gallery/tile-02.webp" has "fill" prop and "sizes" prop of "100vw", but image is not rendered at full viewport width. Please adjust "sizes" to improve page performance. Read more: https://nextjs.org/docs/api-reference/next/image#sizes @ http://localhost:8080/_next/static/chunks/node_modules_next_dist_1e8vcs8._.js:776
[ 4780935ms] [WARNING] Image with src "/homepage/gallery/tile-03.webp" has "fill" prop and "sizes" prop of "100vw", but image is not rendered at full viewport width. Please adjust "sizes" to improve page performance. Read more: https://nextjs.org/docs/api-reference/next/image#sizes @ http://localhost:8080/_next/static/chunks/node_modules_next_dist_1e8vcs8._.js:776
[ 4805397ms] [INFO] %cDownload the React DevTools for a better development experience: https://react.dev/link/react-devtools font-weight:bold @ http://localhost:8080/_next/static/chunks/node_modules_next_dist_1e8vcs8._.js:776
[ 4805428ms] [LOG] [HMR] connected @ http://localhost:8080/_next/static/chunks/node_modules_next_dist_1e8vcs8._.js:776
[ 4805725ms] [WARNING] Image with src "/homepage/gallery/tile-01.webp" has "fill" prop and "sizes" prop of "100vw", but image is not rendered at full viewport width. Please adjust "sizes" to improve page performance. Read more: https://nextjs.org/docs/api-reference/next/image#sizes @ http://localhost:8080/_next/static/chunks/node_modules_next_dist_1e8vcs8._.js:776
[ 4805779ms] [WARNING] Image with src "/homepage/gallery/tile-02.webp" has "fill" prop and "sizes" prop of "100vw", but image is not rendered at full viewport width. Please adjust "sizes" to improve page performance. Read more: https://nextjs.org/docs/api-reference/next/image#sizes @ http://localhost:8080/_next/static/chunks/node_modules_next_dist_1e8vcs8._.js:776
[ 4805780ms] [WARNING] Image with src "/homepage/gallery/tile-03.webp" has "fill" prop and "sizes" prop of "100vw", but image is not rendered at full viewport width. Please adjust "sizes" to improve page performance. Read more: https://nextjs.org/docs/api-reference/next/image#sizes @ http://localhost:8080/_next/static/chunks/node_modules_next_dist_1e8vcs8._.js:776
[ 4830836ms] [LOG] [Fast Refresh] rebuilding @ http://localhost:8080/_next/static/chunks/node_modules_next_dist_1e8vcs8._.js:776
[ 4831976ms] [WARNING] [Fast Refresh] performing full reload

Fast Refresh will perform a full reload when you edit a file that's imported by modules outside of the React rendering tree.
You might have a file which exports a React component but also exports a value that is imported by a non-React component file.
Consider migrating the non-React component export to a separate file and importing it into both files.

It is also possible the parent component of the component you edited is a class component, which disables Fast Refresh.
Fast Refresh requires at least one parent function component in your React tree. @ http://localhost:8080/_next/static/chunks/node_modules_next_dist_1e8vcs8._.js:776
[ 4832039ms] [LOG] [Fast Refresh] done in 1302ms @ http://localhost:8080/_next/static/chunks/node_modules_next_dist_1e8vcs8._.js:776
[ 4833936ms] [LOG] [Fast Refresh] done in 1302ms @ http://localhost:8080/_next/static/chunks/node_modules_next_dist_1e8vcs8._.js:776
[ 4834990ms] [INFO] %cDownload the React DevTools for a better development experience: https://react.dev/link/react-devtools font-weight:bold @ http://localhost:8080/_next/static/chunks/node_modules_next_dist_1e8vcs8._.js:776
[ 4835056ms] [LOG] [HMR] connected @ http://localhost:8080/_next/static/chunks/node_modules_next_dist_1e8vcs8._.js:776
[ 4835585ms] [WARNING] Image with src "/homepage/gallery/tile-01.webp" has "fill" prop and "sizes" prop of "100vw", but image is not rendered at full viewport width. Please adjust "sizes" to improve page performance. Read more: https://nextjs.org/docs/api-reference/next/image#sizes @ http://localhost:8080/_next/static/chunks/node_modules_next_dist_1e8vcs8._.js:776
[ 4835709ms] [WARNING] Image with src "/homepage/gallery/tile-02.webp" has "fill" prop and "sizes" prop of "100vw", but image is not rendered at full viewport width. Please adjust "sizes" to improve page performance. Read more: https://nextjs.org/docs/api-reference/next/image#sizes @ http://localhost:8080/_next/static/chunks/node_modules_next_dist_1e8vcs8._.js:776
[ 4835710ms] [WARNING] Image with src "/homepage/gallery/tile-03.webp" has "fill" prop and "sizes" prop of "100vw", but image is not rendered at full viewport width. Please adjust "sizes" to improve page performance. Read more: https://nextjs.org/docs/api-reference/next/image#sizes @ http://localhost:8080/_next/static/chunks/node_modules_next_dist_1e8vcs8._.js:776
[ 7643056ms] [LOG] [Fast Refresh] rebuilding @ http://localhost:8080/_next/static/chunks/node_modules_next_dist_1e8vcs8._.js:776
[ 7643269ms] [LOG] [Fast Refresh] done in 297ms @ http://localhost:8080/_next/static/chunks/node_modules_next_dist_1e8vcs8._.js:776
[ 7644342ms] [LOG] [Fast Refresh] rebuilding @ http://localhost:8080/_next/static/chunks/node_modules_next_dist_1e8vcs8._.js:776
[ 7644621ms] [LOG] [Fast Refresh] done in 329ms @ http://localhost:8080/_next/static/chunks/node_modules_next_dist_1e8vcs8._.js:776
[ 7662676ms] [LOG] [Fast Refresh] rebuilding @ http://localhost:8080/_next/static/chunks/node_modules_next_dist_1e8vcs8._.js:776
[ 7662994ms] [LOG] [Fast Refresh] done in 194ms @ http://localhost:8080/_next/static/chunks/node_modules_next_dist_1e8vcs8._.js:776
[ 7688185ms] [LOG] [Fast Refresh] rebuilding @ http://localhost:8080/_next/static/chunks/node_modules_next_dist_1e8vcs8._.js:776
[ 7688711ms] [LOG] [Fast Refresh] done in 619ms @ http://localhost:8080/_next/static/chunks/node_modules_next_dist_1e8vcs8._.js:776
[ 7689025ms] [LOG] [Fast Refresh] done in 619ms @ http://localhost:8080/_next/static/chunks/node_modules_next_dist_1e8vcs8._.js:776
[ 7709739ms] [LOG] [Fast Refresh] rebuilding @ http://localhost:8080/_next/static/chunks/node_modules_next_dist_1e8vcs8._.js:776
[ 7709896ms] [WARNING] [Fast Refresh] performing full reload

Fast Refresh will perform a full reload when you edit a file that's imported by modules outside of the React rendering tree.
You might have a file which exports a React component but also exports a value that is imported by a non-React component file.
Consider migrating the non-React component export to a separate file and importing it into both files.

It is also possible the parent component of the component you edited is a class component, which disables Fast Refresh.
Fast Refresh requires at least one parent function component in your React tree. @ http://localhost:8080/_next/static/chunks/node_modules_next_dist_1e8vcs8._.js:776
[ 7709908ms] [LOG] [Fast Refresh] done in 269ms @ http://localhost:8080/_next/static/chunks/node_modules_next_dist_1e8vcs8._.js:776
[ 7711135ms] [INFO] %cDownload the React DevTools for a better development experience: https://react.dev/link/react-devtools font-weight:bold @ http://localhost:8080/_next/static/chunks/node_modules_next_dist_1e8vcs8._.js:776
[ 7711250ms] [LOG] [HMR] connected @ http://localhost:8080/_next/static/chunks/node_modules_next_dist_1e8vcs8._.js:776
[ 7711926ms] [WARNING] Image with src "/homepage/gallery/tile-01.webp" has "fill" prop and "sizes" prop of "100vw", but image is not rendered at full viewport width. Please adjust "sizes" to improve page performance. Read more: https://nextjs.org/docs/api-reference/next/image#sizes @ http://localhost:8080/_next/static/chunks/node_modules_next_dist_1e8vcs8._.js:776
[ 7712055ms] [WARNING] Image with src "/homepage/gallery/tile-02.webp" has "fill" prop and "sizes" prop of "100vw", but image is not rendered at full viewport width. Please adjust "sizes" to improve page performance. Read more: https://nextjs.org/docs/api-reference/next/image#sizes @ http://localhost:8080/_next/static/chunks/node_modules_next_dist_1e8vcs8._.js:776
[ 7712056ms] [WARNING] Image with src "/homepage/gallery/tile-03.webp" has "fill" prop and "sizes" prop of "100vw", but image is not rendered at full viewport width. Please adjust "sizes" to improve page performance. Read more: https://nextjs.org/docs/api-reference/next/image#sizes @ http://localhost:8080/_next/static/chunks/node_modules_next_dist_1e8vcs8._.js:776
[ 7741682ms] [LOG] [Fast Refresh] rebuilding @ http://localhost:8080/_next/static/chunks/node_modules_next_dist_1e8vcs8._.js:776
[ 7741992ms] [LOG] [Fast Refresh] done in 341ms @ http://localhost:8080/_next/static/chunks/node_modules_next_dist_1e8vcs8._.js:776
[ 7756645ms] [LOG] [Fast Refresh] rebuilding @ http://localhost:8080/_next/static/chunks/node_modules_next_dist_1e8vcs8._.js:776
[ 7756876ms] [LOG] [Fast Refresh] done in 336ms @ http://localhost:8080/_next/static/chunks/node_modules_next_dist_1e8vcs8._.js:776
[ 7763840ms] [LOG] [Fast Refresh] rebuilding @ http://localhost:8080/_next/static/chunks/node_modules_next_dist_1e8vcs8._.js:776
[ 7763890ms] [LOG] [Fast Refresh] done in 150ms @ http://localhost:8080/_next/static/chunks/node_modules_next_dist_1e8vcs8._.js:776
[ 7776678ms] [INFO] %cDownload the React DevTools for a better development experience: https://react.dev/link/react-devtools font-weight:bold @ http://localhost:8080/_next/static/chunks/node_modules_next_dist_1e8vcs8._.js:776
[ 7776705ms] [LOG] [HMR] connected @ http://localhost:8080/_next/static/chunks/node_modules_next_dist_1e8vcs8._.js:776
[ 7777133ms] [WARNING] Image with src "/homepage/gallery/tile-01.webp" has "fill" prop and "sizes" prop of "100vw", but image is not rendered at full viewport width. Please adjust "sizes" to improve page performance. Read more: https://nextjs.org/docs/api-reference/next/image#sizes @ http://localhost:8080/_next/static/chunks/node_modules_next_dist_1e8vcs8._.js:776
[ 7777202ms] [WARNING] Image with src "/homepage/gallery/tile-02.webp" has "fill" prop and "sizes" prop of "100vw", but image is not rendered at full viewport width. Please adjust "sizes" to improve page performance. Read more: https://nextjs.org/docs/api-reference/next/image#sizes @ http://localhost:8080/_next/static/chunks/node_modules_next_dist_1e8vcs8._.js:776
[ 7777203ms] [WARNING] Image with src "/homepage/gallery/tile-03.webp" has "fill" prop and "sizes" prop of "100vw", but image is not rendered at full viewport width. Please adjust "sizes" to improve page performance. Read more: https://nextjs.org/docs/api-reference/next/image#sizes @ http://localhost:8080/_next/static/chunks/node_modules_next_dist_1e8vcs8._.js:776
[ 7785323ms] [WARNING] Image with src "/homepage/category/sarees.webp" has "fill" prop and "sizes" prop of "100vw", but image is not rendered at full viewport width. Please adjust "sizes" to improve page performance. Read more: https://nextjs.org/docs/api-reference/next/image#sizes @ http://localhost:8080/_next/static/chunks/node_modules_next_dist_1e8vcs8._.js:776
[ 7785336ms] [WARNING] Image with src "/homepage/category/suits-b.webp" has "fill" prop and "sizes" prop of "100vw", but image is not rendered at full viewport width. Please adjust "sizes" to improve page performance. Read more: https://nextjs.org/docs/api-reference/next/image#sizes @ http://localhost:8080/_next/static/chunks/node_modules_next_dist_1e8vcs8._.js:776
[ 7785865ms] [INFO] %cDownload the React DevTools for a better development experience: https://react.dev/link/react-devtools font-weight:bold @ http://localhost:8080/_next/static/chunks/node_modules_next_dist_1e8vcs8._.js:776
[ 7785890ms] [LOG] [HMR] connected @ http://localhost:8080/_next/static/chunks/node_modules_next_dist_1e8vcs8._.js:776
[ 7786262ms] [WARNING] Image with src "/homepage/gallery/tile-01.webp" has "fill" prop and "sizes" prop of "100vw", but image is not rendered at full viewport width. Please adjust "sizes" to improve page performance. Read more: https://nextjs.org/docs/api-reference/next/image#sizes @ http://localhost:8080/_next/static/chunks/node_modules_next_dist_1e8vcs8._.js:776
[ 7786262ms] [WARNING] Image with src "/homepage/gallery/tile-02.webp" has "fill" prop and "sizes" prop of "100vw", but image is not rendered at full viewport width. Please adjust "sizes" to improve page performance. Read more: https://nextjs.org/docs/api-reference/next/image#sizes @ http://localhost:8080/_next/static/chunks/node_modules_next_dist_1e8vcs8._.js:776
[ 7786267ms] [WARNING] Image with src "/homepage/gallery/tile-03.webp" has "fill" prop and "sizes" prop of "100vw", but image is not rendered at full viewport width. Please adjust "sizes" to improve page performance. Read more: https://nextjs.org/docs/api-reference/next/image#sizes @ http://localhost:8080/_next/static/chunks/node_modules_next_dist_1e8vcs8._.js:776
[ 7786270ms] [WARNING] Image with src "/homepage/category/sarees.webp" has "fill" prop and "sizes" prop of "100vw", but image is not rendered at full viewport width. Please adjust "sizes" to improve page performance. Read more: https://nextjs.org/docs/api-reference/next/image#sizes @ http://localhost:8080/_next/static/chunks/node_modules_next_dist_1e8vcs8._.js:776
[ 7786308ms] [WARNING] Image with src "/homepage/category/suits-b.webp" has "fill" prop and "sizes" prop of "100vw", but image is not rendered at full viewport width. Please adjust "sizes" to improve page performance. Read more: https://nextjs.org/docs/api-reference/next/image#sizes @ http://localhost:8080/_next/static/chunks/node_modules_next_dist_1e8vcs8._.js:776
[ 7834103ms] [LOG] [Fast Refresh] rebuilding @ http://localhost:8080/_next/static/chunks/node_modules_next_dist_1e8vcs8._.js:776
[ 7835091ms] [WARNING] [Fast Refresh] performing full reload

Fast Refresh will perform a full reload when you edit a file that's imported by modules outside of the React rendering tree.
You might have a file which exports a React component but also exports a value that is imported by a non-React component file.
Consider migrating the non-React component export to a separate file and importing it into both files.

It is also possible the parent component of the component you edited is a class component, which disables Fast Refresh.
Fast Refresh requires at least one parent function component in your React tree. @ http://localhost:8080/_next/static/chunks/node_modules_next_dist_1e8vcs8._.js:776
[ 7835126ms] [WARNING] [Fast Refresh] performing full reload

Fast Refresh will perform a full reload when you edit a file that's imported by modules outside of the React rendering tree.
You might have a file which exports a React component but also exports a value that is imported by a non-React component file.
Consider migrating the non-React component export to a separate file and importing it into both files.

It is also possible the parent component of the component you edited is a class component, which disables Fast Refresh.
Fast Refresh requires at least one parent function component in your React tree. @ http://localhost:8080/_next/static/chunks/node_modules_next_dist_1e8vcs8._.js:776
[ 7835133ms] [LOG] [Fast Refresh] done in 1137ms @ http://localhost:8080/_next/static/chunks/node_modules_next_dist_1e8vcs8._.js:776
[ 7836640ms] [INFO] %cDownload the React DevTools for a better development experience: https://react.dev/link/react-devtools font-weight:bold @ http://localhost:8080/_next/static/chunks/node_modules_next_dist_1e8vcs8._.js:776
[ 7836754ms] [LOG] [HMR] connected @ http://localhost:8080/_next/static/chunks/node_modules_next_dist_1e8vcs8._.js:776
[ 7837656ms] [WARNING] Image with src "/homepage/gallery/tile-01.webp" has "fill" prop and "sizes" prop of "100vw", but image is not rendered at full viewport width. Please adjust "sizes" to improve page performance. Read more: https://nextjs.org/docs/api-reference/next/image#sizes @ http://localhost:8080/_next/static/chunks/node_modules_next_dist_1e8vcs8._.js:776
[ 7837799ms] [WARNING] Image with src "/homepage/gallery/tile-02.webp" has "fill" prop and "sizes" prop of "100vw", but image is not rendered at full viewport width. Please adjust "sizes" to improve page performance. Read more: https://nextjs.org/docs/api-reference/next/image#sizes @ http://localhost:8080/_next/static/chunks/node_modules_next_dist_1e8vcs8._.js:776
[ 7837800ms] [WARNING] Image with src "/homepage/gallery/tile-03.webp" has "fill" prop and "sizes" prop of "100vw", but image is not rendered at full viewport width. Please adjust "sizes" to improve page performance. Read more: https://nextjs.org/docs/api-reference/next/image#sizes @ http://localhost:8080/_next/static/chunks/node_modules_next_dist_1e8vcs8._.js:776
[ 7837826ms] [WARNING] Image with src "/homepage/category/sarees.webp" has "fill" prop and "sizes" prop of "100vw", but image is not rendered at full viewport width. Please adjust "sizes" to improve page performance. Read more: https://nextjs.org/docs/api-reference/next/image#sizes @ http://localhost:8080/_next/static/chunks/node_modules_next_dist_1e8vcs8._.js:776
[ 7837847ms] [WARNING] Image with src "/homepage/category/suits-b.webp" has "fill" prop and "sizes" prop of "100vw", but image is not rendered at full viewport width. Please adjust "sizes" to improve page performance. Read more: https://nextjs.org/docs/api-reference/next/image#sizes @ http://localhost:8080/_next/static/chunks/node_modules_next_dist_1e8vcs8._.js:776
