[     776ms] [INFO] %cDownload the React DevTools for a better development experience: https://react.dev/link/react-devtools font-weight:bold @ http://localhost:8081/_next/static/chunks/node_modules_next_dist_1e8vcs8._.js:776
[     920ms] [LOG] [HMR] connected @ http://localhost:8081/_next/static/chunks/node_modules_next_dist_1e8vcs8._.js:776
[    1493ms] [WARNING] Image with src "/homepage/gallery/tile-01.webp" has "fill" prop and "sizes" prop of "100vw", but image is not rendered at full viewport width. Please adjust "sizes" to improve page performance. Read more: https://nextjs.org/docs/api-reference/next/image#sizes @ http://localhost:8081/_next/static/chunks/node_modules_next_dist_1e8vcs8._.js:776
[    1493ms] [WARNING] Image with src "/homepage/gallery/tile-03.webp" has "fill" prop and "sizes" prop of "100vw", but image is not rendered at full viewport width. Please adjust "sizes" to improve page performance. Read more: https://nextjs.org/docs/api-reference/next/image#sizes @ http://localhost:8081/_next/static/chunks/node_modules_next_dist_1e8vcs8._.js:776
[   28897ms] [INFO] %cDownload the React DevTools for a better development experience: https://react.dev/link/react-devtools font-weight:bold @ http://localhost:8081/_next/static/chunks/node_modules_next_dist_1e8vcs8._.js:776
[   28917ms] [LOG] [HMR] connected @ http://localhost:8081/_next/static/chunks/node_modules_next_dist_1e8vcs8._.js:776
[   30926ms] [INFO] %cDownload the React DevTools for a better development experience: https://react.dev/link/react-devtools font-weight:bold @ http://localhost:8081/_next/static/chunks/node_modules_next_dist_1e8vcs8._.js:776
[   30944ms] [LOG] [HMR] connected @ http://localhost:8081/_next/static/chunks/node_modules_next_dist_1e8vcs8._.js:776
[   61389ms] [ERROR] WebSocket connection to 'ws://localhost:8081/_next/hmr?id=M-ZF-wdye1RmPH0wzukMP' failed: Error in connection establishment: net::ERR_CONNECTION_REFUSED @ http://localhost:8081/_next/static/chunks/node_modules_next_dist_client_0_90u2t._.js:16348
[   62404ms] [ERROR] WebSocket connection to 'ws://localhost:8081/_next/hmr?id=M-ZF-wdye1RmPH0wzukMP' failed: Error in connection establishment: net::ERR_CONNECTION_REFUSED @ http://localhost:8081/_next/static/chunks/node_modules_next_dist_client_0_90u2t._.js:16348
[   63408ms] [ERROR] WebSocket connection to 'ws://localhost:8081/_next/hmr?id=M-ZF-wdye1RmPH0wzukMP' failed: Error in connection establishment: net::ERR_CONNECTION_REFUSED @ http://localhost:8081/_next/static/chunks/node_modules_next_dist_client_0_90u2t._.js:16348
[   64423ms] [ERROR] WebSocket connection to 'ws://localhost:8081/_next/hmr?id=M-ZF-wdye1RmPH0wzukMP' failed: Error in connection establishment: net::ERR_CONNECTION_REFUSED @ http://localhost:8081/_next/static/chunks/node_modules_next_dist_client_0_90u2t._.js:16348
[   65440ms] [ERROR] WebSocket connection to 'ws://localhost:8081/_next/hmr?id=M-ZF-wdye1RmPH0wzukMP' failed: Error in connection establishment: net::ERR_CONNECTION_REFUSED @ http://localhost:8081/_next/static/chunks/node_modules_next_dist_client_0_90u2t._.js:16348
[   70444ms] [ERROR] WebSocket connection to 'ws://localhost:8081/_next/hmr?id=M-ZF-wdye1RmPH0wzukMP' failed: Error in connection establishment: net::ERR_CONNECTION_REFUSED @ http://localhost:8081/_next/static/chunks/node_modules_next_dist_client_0_90u2t._.js:16348
[   75456ms] [ERROR] WebSocket connection to 'ws://localhost:8081/_next/hmr?id=M-ZF-wdye1RmPH0wzukMP' failed: Error in connection establishment: net::ERR_CONNECTION_REFUSED @ http://localhost:8081/_next/static/chunks/node_modules_next_dist_client_0_90u2t._.js:16348
[   80473ms] [ERROR] WebSocket connection to 'ws://localhost:8081/_next/hmr?id=M-ZF-wdye1RmPH0wzukMP' failed: Error in connection establishment: net::ERR_CONNECTION_REFUSED @ http://localhost:8081/_next/static/chunks/node_modules_next_dist_client_0_90u2t._.js:16348
[   85478ms] [ERROR] WebSocket connection to 'ws://localhost:8081/_next/hmr?id=M-ZF-wdye1RmPH0wzukMP' failed: Error in connection establishment: net::ERR_CONNECTION_REFUSED @ http://localhost:8081/_next/static/chunks/node_modules_next_dist_client_0_90u2t._.js:16348
[   85972ms] [ERROR] Failed to load resource: net::ERR_CONNECTION_REFUSED @ http://localhost:8081/admin/overview?_rsc=4WXqOT70hSylNtim:0
[   85973ms] [ERROR] Failed to fetch RSC payload for http://localhost:8081/admin/overview. Falling back to browser navigation. TypeError: Failed to fetch
    at fetchInternal (http://localhost:8081/_next/static/chunks/node_modules_next_dist_client_0_90u2t._.js:10831:12)
    at createFetch (http://localhost:8081/_next/static/chunks/node_modules_next_dist_client_0_90u2t._.js:4909:38)
    at async fetchServerResponse (http://localhost:8081/_next/static/chunks/node_modules_next_dist_client_0_90u2t._.js:4601:21)
    at async navigateToUnknownRoute (http://localhost:8081/_next/static/chunks/node_modules_next_dist_client_0_90u2t._.js:11646:20) @ http://localhost:8081/_next/static/chunks/node_modules_next_dist_1e8vcs8._.js:1052
[   85979ms] [ERROR] WebSocket is already in CLOSING or CLOSED state. @ http://localhost:8081/_next/static/chunks/node_modules_next_dist_1e8vcs8._.js:1559
