[     390ms] [INFO] %cDownload the React DevTools for a better development experience: https://react.dev/link/react-devtools font-weight:bold @ http://localhost:8081/_next/static/chunks/node_modules_next_dist_1e8vcs8._.js:776
[     455ms] [LOG] [HMR] connected @ http://localhost:8081/_next/static/chunks/node_modules_next_dist_1e8vcs8._.js:776
[     981ms] [WARNING] Image with src "/homepage/gallery/tile-01.webp" has "fill" prop and "sizes" prop of "100vw", but image is not rendered at full viewport width. Please adjust "sizes" to improve page performance. Read more: https://nextjs.org/docs/api-reference/next/image#sizes @ http://localhost:8081/_next/static/chunks/node_modules_next_dist_1e8vcs8._.js:776
[     981ms] [WARNING] Image with src "/homepage/gallery/tile-03.webp" has "fill" prop and "sizes" prop of "100vw", but image is not rendered at full viewport width. Please adjust "sizes" to improve page performance. Read more: https://nextjs.org/docs/api-reference/next/image#sizes @ http://localhost:8081/_next/static/chunks/node_modules_next_dist_1e8vcs8._.js:776
[     982ms] [WARNING] Image with src "/homepage/category/sarees.webp" has "fill" prop and "sizes" prop of "100vw", but image is not rendered at full viewport width. Please adjust "sizes" to improve page performance. Read more: https://nextjs.org/docs/api-reference/next/image#sizes @ http://localhost:8081/_next/static/chunks/node_modules_next_dist_1e8vcs8._.js:776
[    1020ms] [WARNING] Image with src "/homepage/category/suits-b.webp" has "fill" prop and "sizes" prop of "100vw", but image is not rendered at full viewport width. Please adjust "sizes" to improve page performance. Read more: https://nextjs.org/docs/api-reference/next/image#sizes @ http://localhost:8081/_next/static/chunks/node_modules_next_dist_1e8vcs8._.js:776
[    1041ms] [WARNING] Image with src "/homepage/womens-mens/womenswear.webp" has "fill" prop and "sizes" prop of "100vw", but image is not rendered at full viewport width. Please adjust "sizes" to improve page performance. Read more: https://nextjs.org/docs/api-reference/next/image#sizes @ http://localhost:8081/_next/static/chunks/node_modules_next_dist_1e8vcs8._.js:776
[    1072ms] [WARNING] Image with src "/homepage/womens-mens/menswear.webp" has "fill" prop and "sizes" prop of "100vw", but image is not rendered at full viewport width. Please adjust "sizes" to improve page performance. Read more: https://nextjs.org/docs/api-reference/next/image#sizes @ http://localhost:8081/_next/static/chunks/node_modules_next_dist_1e8vcs8._.js:776
[  180919ms] [LOG] [Fast Refresh] rebuilding @ http://localhost:8081/_next/static/chunks/node_modules_next_dist_1e8vcs8._.js:776
[  181500ms] [LOG] [Fast Refresh] done in 662ms @ http://localhost:8081/_next/static/chunks/node_modules_next_dist_1e8vcs8._.js:776
[  181502ms] [LOG] [Fast Refresh] done in 662ms @ http://localhost:8081/_next/static/chunks/node_modules_next_dist_1e8vcs8._.js:776
[  182622ms] [LOG] [Fast Refresh] rebuilding @ http://localhost:8081/_next/static/chunks/node_modules_next_dist_1e8vcs8._.js:776
[  182624ms] [LOG] [Fast Refresh] done in 114ms @ http://localhost:8081/_next/static/chunks/node_modules_next_dist_1e8vcs8._.js:776
[  187850ms] [LOG] [Fast Refresh] rebuilding @ http://localhost:8081/_next/static/chunks/node_modules_next_dist_1e8vcs8._.js:776
[  187966ms] [LOG] [Fast Refresh] done in 216ms @ http://localhost:8081/_next/static/chunks/node_modules_next_dist_1e8vcs8._.js:776
[  197512ms] [LOG] [Fast Refresh] rebuilding @ http://localhost:8081/_next/static/chunks/node_modules_next_dist_1e8vcs8._.js:776
[  197763ms] [LOG] [Fast Refresh] done in 349ms @ http://localhost:8081/_next/static/chunks/node_modules_next_dist_1e8vcs8._.js:776
[  204900ms] [INFO] %cDownload the React DevTools for a better development experience: https://react.dev/link/react-devtools font-weight:bold @ http://localhost:8081/_next/static/chunks/node_modules_next_dist_1e8vcs8._.js:776
[  205035ms] [LOG] [HMR] connected @ http://localhost:8081/_next/static/chunks/node_modules_next_dist_1e8vcs8._.js:776
[  206058ms] [WARNING] Image with src "/homepage/gallery/tile-02.webp" has "fill" prop and "sizes" prop of "100vw", but image is not rendered at full viewport width. Please adjust "sizes" to improve page performance. Read more: https://nextjs.org/docs/api-reference/next/image#sizes @ http://localhost:8081/_next/static/chunks/node_modules_next_dist_1e8vcs8._.js:776
[  206075ms] [WARNING] Image with src "/homepage/gallery/tile-01.webp" has "fill" prop and "sizes" prop of "100vw", but image is not rendered at full viewport width. Please adjust "sizes" to improve page performance. Read more: https://nextjs.org/docs/api-reference/next/image#sizes @ http://localhost:8081/_next/static/chunks/node_modules_next_dist_1e8vcs8._.js:776
[  206121ms] [WARNING] Image with src "/homepage/gallery/tile-03.webp" has "fill" prop and "sizes" prop of "100vw", but image is not rendered at full viewport width. Please adjust "sizes" to improve page performance. Read more: https://nextjs.org/docs/api-reference/next/image#sizes @ http://localhost:8081/_next/static/chunks/node_modules_next_dist_1e8vcs8._.js:776
[  206156ms] [WARNING] Image with src "/homepage/category/sarees.webp" has "fill" prop and "sizes" prop of "100vw", but image is not rendered at full viewport width. Please adjust "sizes" to improve page performance. Read more: https://nextjs.org/docs/api-reference/next/image#sizes @ http://localhost:8081/_next/static/chunks/node_modules_next_dist_1e8vcs8._.js:776
[  206192ms] [WARNING] Image with src "/homepage/category/suits-b.webp" has "fill" prop and "sizes" prop of "100vw", but image is not rendered at full viewport width. Please adjust "sizes" to improve page performance. Read more: https://nextjs.org/docs/api-reference/next/image#sizes @ http://localhost:8081/_next/static/chunks/node_modules_next_dist_1e8vcs8._.js:776
[  206228ms] [WARNING] Image with src "/homepage/womens-mens/womenswear.webp" has "fill" prop and "sizes" prop of "100vw", but image is not rendered at full viewport width. Please adjust "sizes" to improve page performance. Read more: https://nextjs.org/docs/api-reference/next/image#sizes @ http://localhost:8081/_next/static/chunks/node_modules_next_dist_1e8vcs8._.js:776
[  206271ms] [WARNING] Image with src "/homepage/womens-mens/menswear.webp" has "fill" prop and "sizes" prop of "100vw", but image is not rendered at full viewport width. Please adjust "sizes" to improve page performance. Read more: https://nextjs.org/docs/api-reference/next/image#sizes @ http://localhost:8081/_next/static/chunks/node_modules_next_dist_1e8vcs8._.js:776
[  264694ms] [LOG] [Fast Refresh] rebuilding @ http://localhost:8081/_next/static/chunks/node_modules_next_dist_1e8vcs8._.js:776
[  265111ms] [LOG] [Fast Refresh] done in 521ms @ http://localhost:8081/_next/static/chunks/node_modules_next_dist_1e8vcs8._.js:776
[  269245ms] [LOG] [Fast Refresh] rebuilding @ http://localhost:8081/_next/static/chunks/node_modules_next_dist_1e8vcs8._.js:776
[  269313ms] [LOG] [Fast Refresh] done in 184ms @ http://localhost:8081/_next/static/chunks/node_modules_next_dist_1e8vcs8._.js:776
[  283495ms] [INFO] %cDownload the React DevTools for a better development experience: https://react.dev/link/react-devtools font-weight:bold @ http://localhost:8081/_next/static/chunks/node_modules_next_dist_1e8vcs8._.js:776
[  283538ms] [LOG] [HMR] connected @ http://localhost:8081/_next/static/chunks/node_modules_next_dist_1e8vcs8._.js:776
[  284104ms] [WARNING] Image with src "/homepage/gallery/tile-01.webp" has "fill" prop and "sizes" prop of "100vw", but image is not rendered at full viewport width. Please adjust "sizes" to improve page performance. Read more: https://nextjs.org/docs/api-reference/next/image#sizes @ http://localhost:8081/_next/static/chunks/node_modules_next_dist_1e8vcs8._.js:776
[  284104ms] [WARNING] Image with src "/homepage/gallery/tile-03.webp" has "fill" prop and "sizes" prop of "100vw", but image is not rendered at full viewport width. Please adjust "sizes" to improve page performance. Read more: https://nextjs.org/docs/api-reference/next/image#sizes @ http://localhost:8081/_next/static/chunks/node_modules_next_dist_1e8vcs8._.js:776
[  284105ms] [WARNING] Image with src "/homepage/category/sarees.webp" has "fill" prop and "sizes" prop of "100vw", but image is not rendered at full viewport width. Please adjust "sizes" to improve page performance. Read more: https://nextjs.org/docs/api-reference/next/image#sizes @ http://localhost:8081/_next/static/chunks/node_modules_next_dist_1e8vcs8._.js:776
[  284108ms] [WARNING] Image with src "/homepage/category/suits-b.webp" has "fill" prop and "sizes" prop of "100vw", but image is not rendered at full viewport width. Please adjust "sizes" to improve page performance. Read more: https://nextjs.org/docs/api-reference/next/image#sizes @ http://localhost:8081/_next/static/chunks/node_modules_next_dist_1e8vcs8._.js:776
[  284120ms] [WARNING] Image with src "/homepage/womens-mens/womenswear.webp" has "fill" prop and "sizes" prop of "100vw", but image is not rendered at full viewport width. Please adjust "sizes" to improve page performance. Read more: https://nextjs.org/docs/api-reference/next/image#sizes @ http://localhost:8081/_next/static/chunks/node_modules_next_dist_1e8vcs8._.js:776
[  284158ms] [WARNING] Image with src "/homepage/womens-mens/menswear.webp" has "fill" prop and "sizes" prop of "100vw", but image is not rendered at full viewport width. Please adjust "sizes" to improve page performance. Read more: https://nextjs.org/docs/api-reference/next/image#sizes @ http://localhost:8081/_next/static/chunks/node_modules_next_dist_1e8vcs8._.js:776
[  311724ms] [INFO] %cDownload the React DevTools for a better development experience: https://react.dev/link/react-devtools font-weight:bold @ http://localhost:8081/_next/static/chunks/node_modules_next_dist_1e8vcs8._.js:776
[  311746ms] [LOG] [HMR] connected @ http://localhost:8081/_next/static/chunks/node_modules_next_dist_1e8vcs8._.js:776
[  446179ms] [LOG] [Fast Refresh] rebuilding @ http://localhost:8081/_next/static/chunks/node_modules_next_dist_1e8vcs8._.js:776
[  446636ms] [LOG] [Fast Refresh] done in 545ms @ http://localhost:8081/_next/static/chunks/node_modules_next_dist_1e8vcs8._.js:776
[  452444ms] [LOG] [Fast Refresh] rebuilding @ http://localhost:8081/_next/static/chunks/node_modules_next_dist_1e8vcs8._.js:776
[  452445ms] [LOG] [Fast Refresh] done in 102ms @ http://localhost:8081/_next/static/chunks/node_modules_next_dist_1e8vcs8._.js:776
[  466237ms] [LOG] [Fast Refresh] rebuilding @ http://localhost:8081/_next/static/chunks/node_modules_next_dist_1e8vcs8._.js:776
[  466436ms] [LOG] [Fast Refresh] done in 297ms @ http://localhost:8081/_next/static/chunks/node_modules_next_dist_1e8vcs8._.js:776
[  466500ms] [LOG] [Fast Refresh] done in 297ms @ http://localhost:8081/_next/static/chunks/node_modules_next_dist_1e8vcs8._.js:776
[  466757ms] [LOG] [Fast Refresh] done in 297ms @ http://localhost:8081/_next/static/chunks/node_modules_next_dist_1e8vcs8._.js:776
[  473520ms] [INFO] %cDownload the React DevTools for a better development experience: https://react.dev/link/react-devtools font-weight:bold @ http://localhost:8081/_next/static/chunks/node_modules_next_dist_1e8vcs8._.js:776
[  473553ms] [LOG] [HMR] connected @ http://localhost:8081/_next/static/chunks/node_modules_next_dist_1e8vcs8._.js:776
[  473928ms] [WARNING] Image with src "/homepage/gallery/tile-01.webp" has "fill" prop and "sizes" prop of "100vw", but image is not rendered at full viewport width. Please adjust "sizes" to improve page performance. Read more: https://nextjs.org/docs/api-reference/next/image#sizes @ http://localhost:8081/_next/static/chunks/node_modules_next_dist_1e8vcs8._.js:776
[  473928ms] [WARNING] Image with src "/homepage/gallery/tile-03.webp" has "fill" prop and "sizes" prop of "100vw", but image is not rendered at full viewport width. Please adjust "sizes" to improve page performance. Read more: https://nextjs.org/docs/api-reference/next/image#sizes @ http://localhost:8081/_next/static/chunks/node_modules_next_dist_1e8vcs8._.js:776
[  487363ms] [INFO] %cDownload the React DevTools for a better development experience: https://react.dev/link/react-devtools font-weight:bold @ http://localhost:8081/_next/static/chunks/node_modules_next_dist_1e8vcs8._.js:776
[  487391ms] [LOG] [HMR] connected @ http://localhost:8081/_next/static/chunks/node_modules_next_dist_1e8vcs8._.js:776
[  514406ms] [INFO] %cDownload the React DevTools for a better development experience: https://react.dev/link/react-devtools font-weight:bold @ http://localhost:8081/_next/static/chunks/node_modules_next_dist_1e8vcs8._.js:776
[  514446ms] [LOG] [HMR] connected @ http://localhost:8081/_next/static/chunks/node_modules_next_dist_1e8vcs8._.js:776
[  540577ms] [LOG] [Fast Refresh] rebuilding @ http://localhost:8081/_next/static/chunks/node_modules_next_dist_1e8vcs8._.js:776
[  540778ms] [LOG] [Fast Refresh] done in 321ms @ http://localhost:8081/_next/static/chunks/node_modules_next_dist_1e8vcs8._.js:776
[  545659ms] [LOG] [Fast Refresh] rebuilding @ http://localhost:8081/_next/static/chunks/node_modules_next_dist_1e8vcs8._.js:776
[  545729ms] [LOG] [Fast Refresh] done in 171ms @ http://localhost:8081/_next/static/chunks/node_modules_next_dist_1e8vcs8._.js:776
[  545939ms] [INFO] %cDownload the React DevTools for a better development experience: https://react.dev/link/react-devtools font-weight:bold @ http://localhost:8081/_next/static/chunks/node_modules_next_dist_1e8vcs8._.js:776
[  545975ms] [LOG] [HMR] connected @ http://localhost:8081/_next/static/chunks/node_modules_next_dist_1e8vcs8._.js:776
[  546423ms] [WARNING] Image with src "/homepage/gallery/tile-01.webp" has "fill" prop and "sizes" prop of "100vw", but image is not rendered at full viewport width. Please adjust "sizes" to improve page performance. Read more: https://nextjs.org/docs/api-reference/next/image#sizes @ http://localhost:8081/_next/static/chunks/node_modules_next_dist_1e8vcs8._.js:776
[  546423ms] [WARNING] Image with src "/homepage/gallery/tile-03.webp" has "fill" prop and "sizes" prop of "100vw", but image is not rendered at full viewport width. Please adjust "sizes" to improve page performance. Read more: https://nextjs.org/docs/api-reference/next/image#sizes @ http://localhost:8081/_next/static/chunks/node_modules_next_dist_1e8vcs8._.js:776
[  753750ms] [LOG] [Fast Refresh] rebuilding @ http://localhost:8081/_next/static/chunks/node_modules_next_dist_1e8vcs8._.js:776
[  754979ms] ReferenceError: promises is not defined
    at CineFooter (http://localhost:8081/_next/static/chunks/src_components_0alrzm2._.js?id=%255Bproject%255D/src/components/cinematic/CineFooter.tsx+%255Bapp-client%255D+(ecmascript):45:13)
    at Object.react_stack_bottom_frame (http://localhost:8081/_next/static/chunks/node_modules_next_dist_compiled_react-dom_096_9a-._.js:14894:24)
    at renderWithHooks (http://localhost:8081/_next/static/chunks/node_modules_next_dist_compiled_react-dom_096_9a-._.js:4425:24)
    at updateFunctionComponent (http://localhost:8081/_next/static/chunks/node_modules_next_dist_compiled_react-dom_096_9a-._.js:5892:21)
    at beginWork (http://localhost:8081/_next/static/chunks/node_modules_next_dist_compiled_react-dom_096_9a-._.js:6518:24)
    at runWithFiberInDEV (http://localhost:8081/_next/static/chunks/node_modules_next_dist_compiled_react-dom_096_9a-._.js:761:74)
    at performUnitOfWork (http://localhost:8081/_next/static/chunks/node_modules_next_dist_compiled_react-dom_096_9a-._.js:9385:97)
    at workLoopSync (http://localhost:8081/_next/static/chunks/node_modules_next_dist_compiled_react-dom_096_9a-._.js:9279:40)
    at renderRootSync (http://localhost:8081/_next/static/chunks/node_modules_next_dist_compiled_react-dom_096_9a-._.js:9263:13)
    at performWorkOnRoot (http://localhost:8081/_next/static/chunks/node_modules_next_dist_compiled_react-dom_096_9a-._.js:8928:47)
    at performSyncWorkOnRoot (http://localhost:8081/_next/static/chunks/node_modules_next_dist_compiled_react-dom_096_9a-._.js:10093:9)
    at flushSyncWorkAcrossRoots_impl (http://localhost:8081/_next/static/chunks/node_modules_next_dist_compiled_react-dom_096_9a-._.js:10009:316)
    at flushSyncWork$1 (http://localhost:8081/_next/static/chunks/node_modules_next_dist_compiled_react-dom_096_9a-._.js:9060:86)
    at Object.scheduleRefresh (http://localhost:8081/_next/static/chunks/node_modules_next_dist_compiled_react-dom_096_9a-._.js:82:13)
    at http://localhost:8081/_next/static/chunks/node_modules_next_dist_compiled_1amofcm._.js:589:33
    at Set.forEach (<anonymous>)
    at Object.performReactRefresh (http://localhost:8081/_next/static/chunks/node_modules_next_dist_compiled_1amofcm._.js:582:38)
    at applyUpdate (http://localhost:8081/_next/static/chunks/node_modules_next_dist_compiled_1amofcm._.js:137:31)
    at http://localhost:8081/_next/static/chunks/node_modules_next_dist_compiled_1amofcm._.js:145:13
[  755014ms] [LOG] [Fast Refresh] done in 1367ms @ http://localhost:8081/_next/static/chunks/node_modules_next_dist_1e8vcs8._.js:776
[  755016ms] [LOG] [Fast Refresh] done in 1367ms @ http://localhost:8081/_next/static/chunks/node_modules_next_dist_1e8vcs8._.js:776
[  755904ms] [LOG] [Fast Refresh] rebuilding @ http://localhost:8081/_next/static/chunks/node_modules_next_dist_1e8vcs8._.js:776
[  756677ms] [LOG] [Fast Refresh] done in 878ms @ http://localhost:8081/_next/static/chunks/node_modules_next_dist_1e8vcs8._.js:776
[  757636ms] [ERROR] Failed to load resource: the server responded with a status of 500 (Internal Server Error) @ http://localhost:8081/:0
[  758186ms] [INFO] %cDownload the React DevTools for a better development experience: https://react.dev/link/react-devtools font-weight:bold @ http://localhost:8081/_next/static/chunks/node_modules_next_dist_1e8vcs8._.js:776
[  758328ms] [LOG] [HMR] connected @ http://localhost:8081/_next/static/chunks/node_modules_next_dist_1e8vcs8._.js:776
[  759150ms] ReferenceError: promises is not defined
    at CineFooter (http://localhost:8081/_next/static/chunks/src_components_0alrzm2._.js:46:13)
    at Object.react_stack_bottom_frame (http://localhost:8081/_next/static/chunks/node_modules_next_dist_compiled_react-dom_096_9a-._.js:14894:24)
    at renderWithHooks (http://localhost:8081/_next/static/chunks/node_modules_next_dist_compiled_react-dom_096_9a-._.js:4425:24)
    at updateFunctionComponent (http://localhost:8081/_next/static/chunks/node_modules_next_dist_compiled_react-dom_096_9a-._.js:5892:21)
    at beginWork (http://localhost:8081/_next/static/chunks/node_modules_next_dist_compiled_react-dom_096_9a-._.js:6518:24)
    at runWithFiberInDEV (http://localhost:8081/_next/static/chunks/node_modules_next_dist_compiled_react-dom_096_9a-._.js:761:74)
    at performUnitOfWork (http://localhost:8081/_next/static/chunks/node_modules_next_dist_compiled_react-dom_096_9a-._.js:9385:97)
    at workLoopSync (http://localhost:8081/_next/static/chunks/node_modules_next_dist_compiled_react-dom_096_9a-._.js:9279:40)
    at renderRootSync (http://localhost:8081/_next/static/chunks/node_modules_next_dist_compiled_react-dom_096_9a-._.js:9263:13)
    at performWorkOnRoot (http://localhost:8081/_next/static/chunks/node_modules_next_dist_compiled_react-dom_096_9a-._.js:8928:47)
    at performWorkOnRootViaSchedulerTask (http://localhost:8081/_next/static/chunks/node_modules_next_dist_compiled_react-dom_096_9a-._.js:10085:9)
    at MessagePort.performWorkUntilDeadline (http://localhost:8081/_next/static/chunks/node_modules_next_dist_compiled_1amofcm._.js:2647:64)
[  761122ms] [LOG] [Fast Refresh] rebuilding @ http://localhost:8081/_next/static/chunks/node_modules_next_dist_1e8vcs8._.js:776
[  761334ms] [LOG] [Fast Refresh] done in 87ms @ http://localhost:8081/_next/static/chunks/node_modules_next_dist_1e8vcs8._.js:776
[  762816ms] [INFO] %cDownload the React DevTools for a better development experience: https://react.dev/link/react-devtools font-weight:bold @ http://localhost:8081/_next/static/chunks/node_modules_next_dist_1e8vcs8._.js:776
[  762907ms] [LOG] [HMR] connected @ http://localhost:8081/_next/static/chunks/node_modules_next_dist_1e8vcs8._.js:776
[  764201ms] [WARNING] Image with src "/homepage/gallery/tile-01.webp" has "fill" prop and "sizes" prop of "100vw", but image is not rendered at full viewport width. Please adjust "sizes" to improve page performance. Read more: https://nextjs.org/docs/api-reference/next/image#sizes @ http://localhost:8081/_next/static/chunks/node_modules_next_dist_1e8vcs8._.js:776
[  764202ms] [WARNING] Image with src "/homepage/gallery/tile-03.webp" has "fill" prop and "sizes" prop of "100vw", but image is not rendered at full viewport width. Please adjust "sizes" to improve page performance. Read more: https://nextjs.org/docs/api-reference/next/image#sizes @ http://localhost:8081/_next/static/chunks/node_modules_next_dist_1e8vcs8._.js:776
[  769982ms] [LOG] [Fast Refresh] rebuilding @ http://localhost:8081/_next/static/chunks/node_modules_next_dist_1e8vcs8._.js:776
[  770245ms] [LOG] [Fast Refresh] done in 372ms @ http://localhost:8081/_next/static/chunks/node_modules_next_dist_1e8vcs8._.js:776
[  799529ms] [INFO] %cDownload the React DevTools for a better development experience: https://react.dev/link/react-devtools font-weight:bold @ http://localhost:8081/_next/static/chunks/node_modules_next_dist_1e8vcs8._.js:776
[  799642ms] [LOG] [HMR] connected @ http://localhost:8081/_next/static/chunks/node_modules_next_dist_1e8vcs8._.js:776
[  801141ms] [WARNING] Image with src "/homepage/gallery/tile-01.webp" has "fill" prop and "sizes" prop of "100vw", but image is not rendered at full viewport width. Please adjust "sizes" to improve page performance. Read more: https://nextjs.org/docs/api-reference/next/image#sizes @ http://localhost:8081/_next/static/chunks/node_modules_next_dist_1e8vcs8._.js:776
[  801142ms] [WARNING] Image with src "/homepage/gallery/tile-03.webp" has "fill" prop and "sizes" prop of "100vw", but image is not rendered at full viewport width. Please adjust "sizes" to improve page performance. Read more: https://nextjs.org/docs/api-reference/next/image#sizes @ http://localhost:8081/_next/static/chunks/node_modules_next_dist_1e8vcs8._.js:776
[  806027ms] [INFO] %cDownload the React DevTools for a better development experience: https://react.dev/link/react-devtools font-weight:bold @ http://localhost:8081/_next/static/chunks/node_modules_next_dist_1e8vcs8._.js:776
[  806076ms] [LOG] [HMR] connected @ http://localhost:8081/_next/static/chunks/node_modules_next_dist_1e8vcs8._.js:776
[ 1010905ms] [LOG] [Fast Refresh] rebuilding @ http://localhost:8081/_next/static/chunks/node_modules_next_dist_1e8vcs8._.js:776
[ 1011436ms] TypeError: Cannot read properties of undefined (reading 'map')
    at CineFooter (http://localhost:8081/_next/static/chunks/src_components_0alrzm2._.js?id=%255Bproject%255D/src/components/cinematic/CineFooter.tsx+%255Bapp-client%255D+(ecmascript):275:34)
    at Object.react_stack_bottom_frame (http://localhost:8081/_next/static/chunks/node_modules_next_dist_compiled_react-dom_096_9a-._.js:14894:24)
    at renderWithHooks (http://localhost:8081/_next/static/chunks/node_modules_next_dist_compiled_react-dom_096_9a-._.js:4425:24)
    at updateFunctionComponent (http://localhost:8081/_next/static/chunks/node_modules_next_dist_compiled_react-dom_096_9a-._.js:5892:21)
    at beginWork (http://localhost:8081/_next/static/chunks/node_modules_next_dist_compiled_react-dom_096_9a-._.js:6518:24)
    at runWithFiberInDEV (http://localhost:8081/_next/static/chunks/node_modules_next_dist_compiled_react-dom_096_9a-._.js:761:74)
    at performUnitOfWork (http://localhost:8081/_next/static/chunks/node_modules_next_dist_compiled_react-dom_096_9a-._.js:9385:97)
    at workLoopSync (http://localhost:8081/_next/static/chunks/node_modules_next_dist_compiled_react-dom_096_9a-._.js:9279:40)
    at renderRootSync (http://localhost:8081/_next/static/chunks/node_modules_next_dist_compiled_react-dom_096_9a-._.js:9263:13)
    at performWorkOnRoot (http://localhost:8081/_next/static/chunks/node_modules_next_dist_compiled_react-dom_096_9a-._.js:8928:47)
    at performSyncWorkOnRoot (http://localhost:8081/_next/static/chunks/node_modules_next_dist_compiled_react-dom_096_9a-._.js:10093:9)
    at flushSyncWorkAcrossRoots_impl (http://localhost:8081/_next/static/chunks/node_modules_next_dist_compiled_react-dom_096_9a-._.js:10009:316)
    at flushSyncWork$1 (http://localhost:8081/_next/static/chunks/node_modules_next_dist_compiled_react-dom_096_9a-._.js:9060:86)
    at Object.scheduleRefresh (http://localhost:8081/_next/static/chunks/node_modules_next_dist_compiled_react-dom_096_9a-._.js:82:13)
    at http://localhost:8081/_next/static/chunks/node_modules_next_dist_compiled_1amofcm._.js:589:33
    at Set.forEach (<anonymous>)
    at Object.performReactRefresh (http://localhost:8081/_next/static/chunks/node_modules_next_dist_compiled_1amofcm._.js:582:38)
    at applyUpdate (http://localhost:8081/_next/static/chunks/node_modules_next_dist_compiled_1amofcm._.js:137:31)
    at http://localhost:8081/_next/static/chunks/node_modules_next_dist_compiled_1amofcm._.js:145:13
[ 1011530ms] [LOG] [Fast Refresh] done in 719ms @ http://localhost:8081/_next/static/chunks/node_modules_next_dist_1e8vcs8._.js:776
[ 1014657ms] [INFO] %cDownload the React DevTools for a better development experience: https://react.dev/link/react-devtools font-weight:bold @ http://localhost:8081/_next/static/chunks/node_modules_next_dist_1e8vcs8._.js:776
[ 1014796ms] [LOG] [HMR] connected @ http://localhost:8081/_next/static/chunks/node_modules_next_dist_1e8vcs8._.js:776
[ 1015719ms] [WARNING] Image with src "/homepage/gallery/tile-01.webp" has "fill" prop and "sizes" prop of "100vw", but image is not rendered at full viewport width. Please adjust "sizes" to improve page performance. Read more: https://nextjs.org/docs/api-reference/next/image#sizes @ http://localhost:8081/_next/static/chunks/node_modules_next_dist_1e8vcs8._.js:776
[ 1015720ms] [WARNING] Image with src "/homepage/gallery/tile-03.webp" has "fill" prop and "sizes" prop of "100vw", but image is not rendered at full viewport width. Please adjust "sizes" to improve page performance. Read more: https://nextjs.org/docs/api-reference/next/image#sizes @ http://localhost:8081/_next/static/chunks/node_modules_next_dist_1e8vcs8._.js:776
[ 1038900ms] [LOG] [Fast Refresh] rebuilding @ http://localhost:8081/_next/static/chunks/node_modules_next_dist_1e8vcs8._.js:776
[ 1039622ms] [LOG] [Fast Refresh] done in 811ms @ http://localhost:8081/_next/static/chunks/node_modules_next_dist_1e8vcs8._.js:776
[ 1040132ms] [LOG] [Fast Refresh] done in 811ms @ http://localhost:8081/_next/static/chunks/node_modules_next_dist_1e8vcs8._.js:776
[ 1085633ms] [LOG] [Fast Refresh] rebuilding @ http://localhost:8081/_next/static/chunks/node_modules_next_dist_1e8vcs8._.js:776
[ 1086174ms] [LOG] [Fast Refresh] done in 645ms @ http://localhost:8081/_next/static/chunks/node_modules_next_dist_1e8vcs8._.js:776
[ 1134696ms] [LOG] [Fast Refresh] rebuilding @ http://localhost:8081/_next/static/chunks/node_modules_next_dist_1e8vcs8._.js:776
[ 1136511ms] [LOG] [Fast Refresh] done in 555ms @ http://localhost:8081/_next/static/chunks/node_modules_next_dist_1e8vcs8._.js:776
[ 1136875ms] [LOG] [Fast Refresh] rebuilding @ http://localhost:8081/_next/static/chunks/node_modules_next_dist_1e8vcs8._.js:776
[ 1137498ms] [LOG] [Fast Refresh] done in 711ms @ http://localhost:8081/_next/static/chunks/node_modules_next_dist_1e8vcs8._.js:776
[ 1137503ms] [LOG] [Fast Refresh] done in 711ms @ http://localhost:8081/_next/static/chunks/node_modules_next_dist_1e8vcs8._.js:776
[ 1138056ms] [LOG] [Fast Refresh] done in 711ms @ http://localhost:8081/_next/static/chunks/node_modules_next_dist_1e8vcs8._.js:776
[ 1138149ms] [LOG] [Fast Refresh] done in 711ms @ http://localhost:8081/_next/static/chunks/node_modules_next_dist_1e8vcs8._.js:776
[ 1138474ms] [LOG] [Fast Refresh] rebuilding @ http://localhost:8081/_next/static/chunks/node_modules_next_dist_1e8vcs8._.js:776
[ 1138496ms] [LOG] [Fast Refresh] done in 123ms @ http://localhost:8081/_next/static/chunks/node_modules_next_dist_1e8vcs8._.js:776
[ 1153130ms] [LOG] [Fast Refresh] rebuilding @ http://localhost:8081/_next/static/chunks/node_modules_next_dist_1e8vcs8._.js:776
[ 1153741ms] [LOG] [Fast Refresh] done in 714ms @ http://localhost:8081/_next/static/chunks/node_modules_next_dist_1e8vcs8._.js:776
[ 1196905ms] [LOG] [Fast Refresh] rebuilding @ http://localhost:8081/_next/static/chunks/node_modules_next_dist_1e8vcs8._.js:776
[ 1197567ms] [LOG] [Fast Refresh] done in 767ms @ http://localhost:8081/_next/static/chunks/node_modules_next_dist_1e8vcs8._.js:776
[ 1214600ms] [INFO] %cDownload the React DevTools for a better development experience: https://react.dev/link/react-devtools font-weight:bold @ http://localhost:8081/_next/static/chunks/node_modules_next_dist_1e8vcs8._.js:776
[ 1214673ms] [LOG] [HMR] connected @ http://localhost:8081/_next/static/chunks/node_modules_next_dist_1e8vcs8._.js:776
[ 1215895ms] [WARNING] Image with src "/homepage/gallery/tile-01.webp" has "fill" prop and "sizes" prop of "100vw", but image is not rendered at full viewport width. Please adjust "sizes" to improve page performance. Read more: https://nextjs.org/docs/api-reference/next/image#sizes @ http://localhost:8081/_next/static/chunks/node_modules_next_dist_1e8vcs8._.js:776
[ 1215896ms] [WARNING] Image with src "/homepage/gallery/tile-03.webp" has "fill" prop and "sizes" prop of "100vw", but image is not rendered at full viewport width. Please adjust "sizes" to improve page performance. Read more: https://nextjs.org/docs/api-reference/next/image#sizes @ http://localhost:8081/_next/static/chunks/node_modules_next_dist_1e8vcs8._.js:776
[ 1245063ms] [LOG] [Fast Refresh] rebuilding @ http://localhost:8081/_next/static/chunks/node_modules_next_dist_1e8vcs8._.js:776
[ 1245401ms] [LOG] [Fast Refresh] done in 185ms @ http://localhost:8081/_next/static/chunks/node_modules_next_dist_1e8vcs8._.js:776
[ 1245574ms] [LOG] [Fast Refresh] done in 185ms @ http://localhost:8081/_next/static/chunks/node_modules_next_dist_1e8vcs8._.js:776
[ 1245576ms] [LOG] [Fast Refresh] done in 185ms @ http://localhost:8081/_next/static/chunks/node_modules_next_dist_1e8vcs8._.js:776
[ 1245708ms] [LOG] [Fast Refresh] done in 185ms @ http://localhost:8081/_next/static/chunks/node_modules_next_dist_1e8vcs8._.js:776
[ 1245712ms] [LOG] [Fast Refresh] done in 185ms @ http://localhost:8081/_next/static/chunks/node_modules_next_dist_1e8vcs8._.js:776
[ 1245971ms] [LOG] [Fast Refresh] done in 185ms @ http://localhost:8081/_next/static/chunks/node_modules_next_dist_1e8vcs8._.js:776
[ 1246204ms] [LOG] [Fast Refresh] done in 185ms @ http://localhost:8081/_next/static/chunks/node_modules_next_dist_1e8vcs8._.js:776
[ 1252625ms] [LOG] [Fast Refresh] rebuilding @ http://localhost:8081/_next/static/chunks/node_modules_next_dist_1e8vcs8._.js:776
[ 1252746ms] [LOG] [Fast Refresh] done in 224ms @ http://localhost:8081/_next/static/chunks/node_modules_next_dist_1e8vcs8._.js:776
[ 1271619ms] [LOG] [Fast Refresh] rebuilding @ http://localhost:8081/_next/static/chunks/node_modules_next_dist_1e8vcs8._.js:776
[ 1271912ms] [LOG] [Fast Refresh] done in 384ms @ http://localhost:8081/_next/static/chunks/node_modules_next_dist_1e8vcs8._.js:776
[ 1273626ms] [LOG] [Fast Refresh] rebuilding @ http://localhost:8081/_next/static/chunks/node_modules_next_dist_1e8vcs8._.js:776
[ 1273726ms] [LOG] [Fast Refresh] done in 202ms @ http://localhost:8081/_next/static/chunks/node_modules_next_dist_1e8vcs8._.js:776
[ 1281532ms] [INFO] %cDownload the React DevTools for a better development experience: https://react.dev/link/react-devtools font-weight:bold @ http://localhost:8081/_next/static/chunks/node_modules_next_dist_1e8vcs8._.js:776
[ 1281598ms] [LOG] [HMR] connected @ http://localhost:8081/_next/static/chunks/node_modules_next_dist_1e8vcs8._.js:776
[ 1282338ms] [WARNING] Image with src "/homepage/gallery/tile-01.webp" has "fill" prop and "sizes" prop of "100vw", but image is not rendered at full viewport width. Please adjust "sizes" to improve page performance. Read more: https://nextjs.org/docs/api-reference/next/image#sizes @ http://localhost:8081/_next/static/chunks/node_modules_next_dist_1e8vcs8._.js:776
[ 1282338ms] [WARNING] Image with src "/homepage/gallery/tile-03.webp" has "fill" prop and "sizes" prop of "100vw", but image is not rendered at full viewport width. Please adjust "sizes" to improve page performance. Read more: https://nextjs.org/docs/api-reference/next/image#sizes @ http://localhost:8081/_next/static/chunks/node_modules_next_dist_1e8vcs8._.js:776
[ 1295259ms] [INFO] %cDownload the React DevTools for a better development experience: https://react.dev/link/react-devtools font-weight:bold @ http://localhost:8081/_next/static/chunks/node_modules_next_dist_1e8vcs8._.js:776
[ 1295394ms] [LOG] [HMR] connected @ http://localhost:8081/_next/static/chunks/node_modules_next_dist_1e8vcs8._.js:776
[ 1332004ms] [LOG] [Fast Refresh] rebuilding @ http://localhost:8081/_next/static/chunks/node_modules_next_dist_1e8vcs8._.js:776
[ 1333745ms] [LOG] [Fast Refresh] done in 1776ms @ http://localhost:8081/_next/static/chunks/node_modules_next_dist_1e8vcs8._.js:776
[ 1333837ms] [LOG] [Fast Refresh] done in 1776ms @ http://localhost:8081/_next/static/chunks/node_modules_next_dist_1e8vcs8._.js:776
[ 1334421ms] [LOG] [Fast Refresh] rebuilding @ http://localhost:8081/_next/static/chunks/node_modules_next_dist_1e8vcs8._.js:776
[ 1334993ms] [LOG] [Fast Refresh] done in 682ms @ http://localhost:8081/_next/static/chunks/node_modules_next_dist_1e8vcs8._.js:776
[ 1335546ms] [LOG] [Fast Refresh] rebuilding @ http://localhost:8081/_next/static/chunks/node_modules_next_dist_1e8vcs8._.js:776
[ 1335593ms] [LOG] [Fast Refresh] done in 152ms @ http://localhost:8081/_next/static/chunks/node_modules_next_dist_1e8vcs8._.js:776
[ 1352253ms] [LOG] [Fast Refresh] rebuilding @ http://localhost:8081/_next/static/chunks/node_modules_next_dist_1e8vcs8._.js:776
[ 1352808ms] [LOG] [Fast Refresh] done in 656ms @ http://localhost:8081/_next/static/chunks/node_modules_next_dist_1e8vcs8._.js:776
[ 1353654ms] [INFO] %cDownload the React DevTools for a better development experience: https://react.dev/link/react-devtools font-weight:bold @ http://localhost:8081/_next/static/chunks/node_modules_next_dist_1e8vcs8._.js:776
[ 1353710ms] [LOG] [HMR] connected @ http://localhost:8081/_next/static/chunks/node_modules_next_dist_1e8vcs8._.js:776
[ 1354601ms] [WARNING] Image with src "/homepage/gallery/tile-01.webp" has "fill" prop and "sizes" prop of "100vw", but image is not rendered at full viewport width. Please adjust "sizes" to improve page performance. Read more: https://nextjs.org/docs/api-reference/next/image#sizes @ http://localhost:8081/_next/static/chunks/node_modules_next_dist_1e8vcs8._.js:776
[ 1355043ms] [WARNING] Image with src "/homepage/gallery/tile-03.webp" has "fill" prop and "sizes" prop of "100vw", but image is not rendered at full viewport width. Please adjust "sizes" to improve page performance. Read more: https://nextjs.org/docs/api-reference/next/image#sizes @ http://localhost:8081/_next/static/chunks/node_modules_next_dist_1e8vcs8._.js:776
[ 1357532ms] [INFO] %cDownload the React DevTools for a better development experience: https://react.dev/link/react-devtools font-weight:bold @ http://localhost:8081/_next/static/chunks/node_modules_next_dist_1e8vcs8._.js:776
[ 1357578ms] [LOG] [HMR] connected @ http://localhost:8081/_next/static/chunks/node_modules_next_dist_1e8vcs8._.js:776
[ 1358165ms] [WARNING] Image with src "/homepage/gallery/tile-01.webp" has "fill" prop and "sizes" prop of "100vw", but image is not rendered at full viewport width. Please adjust "sizes" to improve page performance. Read more: https://nextjs.org/docs/api-reference/next/image#sizes @ http://localhost:8081/_next/static/chunks/node_modules_next_dist_1e8vcs8._.js:776
[ 1358166ms] [WARNING] Image with src "/homepage/gallery/tile-03.webp" has "fill" prop and "sizes" prop of "100vw", but image is not rendered at full viewport width. Please adjust "sizes" to improve page performance. Read more: https://nextjs.org/docs/api-reference/next/image#sizes @ http://localhost:8081/_next/static/chunks/node_modules_next_dist_1e8vcs8._.js:776
[ 1388748ms] [LOG] [Fast Refresh] rebuilding @ http://localhost:8081/_next/static/chunks/node_modules_next_dist_1e8vcs8._.js:776
[ 1389787ms] [LOG] [Fast Refresh] done in 1097ms @ http://localhost:8081/_next/static/chunks/node_modules_next_dist_1e8vcs8._.js:776
[ 1390063ms] [LOG] [Fast Refresh] done in 1097ms @ http://localhost:8081/_next/static/chunks/node_modules_next_dist_1e8vcs8._.js:776
[ 1393009ms] [INFO] %cDownload the React DevTools for a better development experience: https://react.dev/link/react-devtools font-weight:bold @ http://localhost:8081/_next/static/chunks/node_modules_next_dist_1e8vcs8._.js:776
[ 1393189ms] [LOG] [HMR] connected @ http://localhost:8081/_next/static/chunks/node_modules_next_dist_1e8vcs8._.js:776
[ 1394403ms] [WARNING] Image with src "/homepage/gallery/tile-01.webp" has "fill" prop and "sizes" prop of "100vw", but image is not rendered at full viewport width. Please adjust "sizes" to improve page performance. Read more: https://nextjs.org/docs/api-reference/next/image#sizes @ http://localhost:8081/_next/static/chunks/node_modules_next_dist_1e8vcs8._.js:776
[ 1394404ms] [WARNING] Image with src "/homepage/gallery/tile-03.webp" has "fill" prop and "sizes" prop of "100vw", but image is not rendered at full viewport width. Please adjust "sizes" to improve page performance. Read more: https://nextjs.org/docs/api-reference/next/image#sizes @ http://localhost:8081/_next/static/chunks/node_modules_next_dist_1e8vcs8._.js:776
[ 1456254ms] [LOG] [Fast Refresh] rebuilding @ http://localhost:8081/_next/static/chunks/node_modules_next_dist_1e8vcs8._.js:776
[ 1456591ms] [LOG] [Fast Refresh] done in 440ms @ http://localhost:8081/_next/static/chunks/node_modules_next_dist_1e8vcs8._.js:776
[ 1500759ms] [LOG] [Fast Refresh] rebuilding @ http://localhost:8081/_next/static/chunks/node_modules_next_dist_1e8vcs8._.js:776
[ 1501479ms] [LOG] [Fast Refresh] done in 809ms @ http://localhost:8081/_next/static/chunks/node_modules_next_dist_1e8vcs8._.js:776
[ 1501661ms] [LOG] [Fast Refresh] rebuilding @ http://localhost:8081/_next/static/chunks/node_modules_next_dist_1e8vcs8._.js:776
[ 1501718ms] [LOG] [Fast Refresh] done in 157ms @ http://localhost:8081/_next/static/chunks/node_modules_next_dist_1e8vcs8._.js:776
[ 1504557ms] [INFO] %cDownload the React DevTools for a better development experience: https://react.dev/link/react-devtools font-weight:bold @ http://localhost:8081/_next/static/chunks/node_modules_next_dist_1e8vcs8._.js:776
[ 1504639ms] [LOG] [HMR] connected @ http://localhost:8081/_next/static/chunks/node_modules_next_dist_1e8vcs8._.js:776
[ 1505495ms] [WARNING] Image with src "/homepage/gallery/tile-01.webp" has "fill" prop and "sizes" prop of "100vw", but image is not rendered at full viewport width. Please adjust "sizes" to improve page performance. Read more: https://nextjs.org/docs/api-reference/next/image#sizes @ http://localhost:8081/_next/static/chunks/node_modules_next_dist_1e8vcs8._.js:776
[ 1505495ms] [WARNING] Image with src "/homepage/gallery/tile-03.webp" has "fill" prop and "sizes" prop of "100vw", but image is not rendered at full viewport width. Please adjust "sizes" to improve page performance. Read more: https://nextjs.org/docs/api-reference/next/image#sizes @ http://localhost:8081/_next/static/chunks/node_modules_next_dist_1e8vcs8._.js:776
[ 1507599ms] [INFO] %cDownload the React DevTools for a better development experience: https://react.dev/link/react-devtools font-weight:bold @ http://localhost:8081/_next/static/chunks/node_modules_next_dist_1e8vcs8._.js:776
[ 1507668ms] [LOG] [HMR] connected @ http://localhost:8081/_next/static/chunks/node_modules_next_dist_1e8vcs8._.js:776
[ 1508612ms] [WARNING] Image with src "/homepage/gallery/tile-01.webp" has "fill" prop and "sizes" prop of "100vw", but image is not rendered at full viewport width. Please adjust "sizes" to improve page performance. Read more: https://nextjs.org/docs/api-reference/next/image#sizes @ http://localhost:8081/_next/static/chunks/node_modules_next_dist_1e8vcs8._.js:776
[ 1508614ms] [WARNING] Image with src "/homepage/gallery/tile-03.webp" has "fill" prop and "sizes" prop of "100vw", but image is not rendered at full viewport width. Please adjust "sizes" to improve page performance. Read more: https://nextjs.org/docs/api-reference/next/image#sizes @ http://localhost:8081/_next/static/chunks/node_modules_next_dist_1e8vcs8._.js:776
[ 1998687ms] [LOG] [Fast Refresh] rebuilding @ http://localhost:8081/_next/static/chunks/node_modules_next_dist_1e8vcs8._.js:776
[ 1999928ms] [LOG] [Fast Refresh] done in 1187ms @ http://localhost:8081/_next/static/chunks/node_modules_next_dist_1e8vcs8._.js:776
[ 1999948ms] [LOG] [Fast Refresh] done in 1187ms @ http://localhost:8081/_next/static/chunks/node_modules_next_dist_1e8vcs8._.js:776
[ 2000801ms] [LOG] [Fast Refresh] done in 1187ms @ http://localhost:8081/_next/static/chunks/node_modules_next_dist_1e8vcs8._.js:776
[ 2001326ms] [LOG] [Fast Refresh] rebuilding @ http://localhost:8081/_next/static/chunks/node_modules_next_dist_1e8vcs8._.js:776
[ 2001349ms] [LOG] [Fast Refresh] done in 125ms @ http://localhost:8081/_next/static/chunks/node_modules_next_dist_1e8vcs8._.js:776
[ 2009625ms] [LOG] [Fast Refresh] rebuilding @ http://localhost:8081/_next/static/chunks/node_modules_next_dist_1e8vcs8._.js:776
[ 2009947ms] [LOG] [Fast Refresh] done in 426ms @ http://localhost:8081/_next/static/chunks/node_modules_next_dist_1e8vcs8._.js:776
[ 2034267ms] [INFO] %cDownload the React DevTools for a better development experience: https://react.dev/link/react-devtools font-weight:bold @ http://localhost:8081/_next/static/chunks/node_modules_next_dist_1e8vcs8._.js:776
[ 2034374ms] [LOG] [HMR] connected @ http://localhost:8081/_next/static/chunks/node_modules_next_dist_1e8vcs8._.js:776
[ 2035087ms] [WARNING] Image with src "/homepage/gallery/tile-01.webp" has "fill" prop and "sizes" prop of "100vw", but image is not rendered at full viewport width. Please adjust "sizes" to improve page performance. Read more: https://nextjs.org/docs/api-reference/next/image#sizes @ http://localhost:8081/_next/static/chunks/node_modules_next_dist_1e8vcs8._.js:776
[ 2035088ms] [WARNING] Image with src "/homepage/gallery/tile-03.webp" has "fill" prop and "sizes" prop of "100vw", but image is not rendered at full viewport width. Please adjust "sizes" to improve page performance. Read more: https://nextjs.org/docs/api-reference/next/image#sizes @ http://localhost:8081/_next/static/chunks/node_modules_next_dist_1e8vcs8._.js:776
[ 2265547ms] [LOG] [Fast Refresh] rebuilding @ http://localhost:8081/_next/static/chunks/node_modules_next_dist_1e8vcs8._.js:776
[ 2265941ms] [LOG] [Fast Refresh] done in 380ms @ http://localhost:8081/_next/static/chunks/node_modules_next_dist_1e8vcs8._.js:776
[ 2270346ms] [LOG] [Fast Refresh] rebuilding @ http://localhost:8081/_next/static/chunks/node_modules_next_dist_1e8vcs8._.js:776
[ 2270606ms] [LOG] [Fast Refresh] done in 376ms @ http://localhost:8081/_next/static/chunks/node_modules_next_dist_1e8vcs8._.js:776
[ 2270858ms] [INFO] %cDownload the React DevTools for a better development experience: https://react.dev/link/react-devtools font-weight:bold @ http://localhost:8081/_next/static/chunks/node_modules_next_dist_1e8vcs8._.js:776
[ 2270920ms] [LOG] [HMR] connected @ http://localhost:8081/_next/static/chunks/node_modules_next_dist_1e8vcs8._.js:776
[ 2271406ms] [WARNING] Image with src "/homepage/gallery/tile-01.webp" has "fill" prop and "sizes" prop of "100vw", but image is not rendered at full viewport width. Please adjust "sizes" to improve page performance. Read more: https://nextjs.org/docs/api-reference/next/image#sizes @ http://localhost:8081/_next/static/chunks/node_modules_next_dist_1e8vcs8._.js:776
[ 2271406ms] [WARNING] Image with src "/homepage/gallery/tile-03.webp" has "fill" prop and "sizes" prop of "100vw", but image is not rendered at full viewport width. Please adjust "sizes" to improve page performance. Read more: https://nextjs.org/docs/api-reference/next/image#sizes @ http://localhost:8081/_next/static/chunks/node_modules_next_dist_1e8vcs8._.js:776
[ 2325011ms] [LOG] [Fast Refresh] rebuilding @ http://localhost:8081/_next/static/chunks/node_modules_next_dist_1e8vcs8._.js:776
[ 2325435ms] [LOG] [Fast Refresh] done in 497ms @ http://localhost:8081/_next/static/chunks/node_modules_next_dist_1e8vcs8._.js:776
[ 2325438ms] [LOG] [Fast Refresh] done in 497ms @ http://localhost:8081/_next/static/chunks/node_modules_next_dist_1e8vcs8._.js:776
[ 2326047ms] [LOG] [Fast Refresh] rebuilding @ http://localhost:8081/_next/static/chunks/node_modules_next_dist_1e8vcs8._.js:776
[ 2326158ms] [LOG] [Fast Refresh] done in 211ms @ http://localhost:8081/_next/static/chunks/node_modules_next_dist_1e8vcs8._.js:776
[ 2330346ms] [LOG] [Fast Refresh] rebuilding @ http://localhost:8081/_next/static/chunks/node_modules_next_dist_1e8vcs8._.js:776
[ 2330459ms] [LOG] [Fast Refresh] done in 220ms @ http://localhost:8081/_next/static/chunks/node_modules_next_dist_1e8vcs8._.js:776
[ 2342095ms] [LOG] [Fast Refresh] rebuilding @ http://localhost:8081/_next/static/chunks/node_modules_next_dist_1e8vcs8._.js:776
[ 2342978ms] [LOG] [Fast Refresh] done in 775ms @ http://localhost:8081/_next/static/chunks/node_modules_next_dist_1e8vcs8._.js:776
[ 2342996ms] [LOG] [Fast Refresh] done in 775ms @ http://localhost:8081/_next/static/chunks/node_modules_next_dist_1e8vcs8._.js:776
[ 2348305ms] [INFO] %cDownload the React DevTools for a better development experience: https://react.dev/link/react-devtools font-weight:bold @ http://localhost:8081/_next/static/chunks/node_modules_next_dist_1e8vcs8._.js:776
[ 2348352ms] [LOG] [HMR] connected @ http://localhost:8081/_next/static/chunks/node_modules_next_dist_1e8vcs8._.js:776
[ 2348818ms] [WARNING] Image with src "/homepage/gallery/tile-01.webp" has "fill" prop and "sizes" prop of "100vw", but image is not rendered at full viewport width. Please adjust "sizes" to improve page performance. Read more: https://nextjs.org/docs/api-reference/next/image#sizes @ http://localhost:8081/_next/static/chunks/node_modules_next_dist_1e8vcs8._.js:776
[ 2348819ms] [WARNING] Image with src "/homepage/gallery/tile-03.webp" has "fill" prop and "sizes" prop of "100vw", but image is not rendered at full viewport width. Please adjust "sizes" to improve page performance. Read more: https://nextjs.org/docs/api-reference/next/image#sizes @ http://localhost:8081/_next/static/chunks/node_modules_next_dist_1e8vcs8._.js:776
